Archive member included to satisfy reference by file (symbol)

C:/ST/STM32CubeIDE_2.0.0/STM32CubeIDE/plugins/com.st.stm32cube.ide.mcu.externaltools.gnu-tools-for-stm32.14.3.rel1.win32_1.0.100.202602081740/tools/bin/../lib/gcc/arm-none-eabi/14.3.1/../../../../arm-none-eabi/lib/thumb/v7e-m+fp/hard\libc_nano.a(libc_a-exit.o)
                              C:/ST/STM32CubeIDE_2.0.0/STM32CubeIDE/plugins/com.st.stm32cube.ide.mcu.externaltools.gnu-tools-for-stm32.14.3.rel1.win32_1.0.100.202602081740/tools/bin/../lib/gcc/arm-none-eabi/14.3.1/../../../../arm-none-eabi/lib/thumb/v7e-m+fp/hard/crt0.o (exit)
C:/ST/STM32CubeIDE_2.0.0/STM32CubeIDE/plugins/com.st.stm32cube.ide.mcu.externaltools.gnu-tools-for-stm32.14.3.rel1.win32_1.0.100.202602081740/tools/bin/../lib/gcc/arm-none-eabi/14.3.1/../../../../arm-none-eabi/lib/thumb/v7e-m+fp/hard\libc_nano.a(libc_a-findfp.o)
                              C:/ST/STM32CubeIDE_2.0.0/STM32CubeIDE/plugins/com.st.stm32cube.ide.mcu.externaltools.gnu-tools-for-stm32.14.3.rel1.win32_1.0.100.202602081740/tools/bin/../lib/gcc/arm-none-eabi/14.3.1/../../../../arm-none-eabi/lib/thumb/v7e-m+fp/hard\libc_nano.a(libc_a-exit.o) (__stdio_exit_handler)
C:/ST/STM32CubeIDE_2.0.0/STM32CubeIDE/plugins/com.st.stm32cube.ide.mcu.externaltools.gnu-tools-for-stm32.14.3.rel1.win32_1.0.100.202602081740/tools/bin/../lib/gcc/arm-none-eabi/14.3.1/../../../../arm-none-eabi/lib/thumb/v7e-m+fp/hard\libc_nano.a(libc_a-fwalk.o)
                              C:/ST/STM32CubeIDE_2.0.0/STM32CubeIDE/plugins/com.st.stm32cube.ide.mcu.externaltools.gnu-tools-for-stm32.14.3.rel1.win32_1.0.100.202602081740/tools/bin/../lib/gcc/arm-none-eabi/14.3.1/../../../../arm-none-eabi/lib/thumb/v7e-m+fp/hard\libc_nano.a(libc_a-findfp.o) (_fwalk_sglue)
C:/ST/STM32CubeIDE_2.0.0/STM32CubeIDE/plugins/com.st.stm32cube.ide.mcu.externaltools.gnu-tools-for-stm32.14.3.rel1.win32_1.0.100.202602081740/tools/bin/../lib/gcc/arm-none-eabi/14.3.1/../../../../arm-none-eabi/lib/thumb/v7e-m+fp/hard\libc_nano.a(libc_a-stdio.o)
                              C:/ST/STM32CubeIDE_2.0.0/STM32CubeIDE/plugins/com.st.stm32cube.ide.mcu.externaltools.gnu-tools-for-stm32.14.3.rel1.win32_1.0.100.202602081740/tools/bin/../lib/gcc/arm-none-eabi/14.3.1/../../../../arm-none-eabi/lib/thumb/v7e-m+fp/hard\libc_nano.a(libc_a-findfp.o) (__sread)
C:/ST/STM32CubeIDE_2.0.0/STM32CubeIDE/plugins/com.st.stm32cube.ide.mcu.externaltools.gnu-tools-for-stm32.14.3.rel1.win32_1.0.100.202602081740/tools/bin/../lib/gcc/arm-none-eabi/14.3.1/../../../../arm-none-eabi/lib/thumb/v7e-m+fp/hard\libc_nano.a(libc_a-memset.o)
                              C:/ST/STM32CubeIDE_2.0.0/STM32CubeIDE/plugins/com.st.stm32cube.ide.mcu.externaltools.gnu-tools-for-stm32.14.3.rel1.win32_1.0.100.202602081740/tools/bin/../lib/gcc/arm-none-eabi/14.3.1/../../../../arm-none-eabi/lib/thumb/v7e-m+fp/hard/crt0.o (memset)
C:/ST/STM32CubeIDE_2.0.0/STM32CubeIDE/plugins/com.st.stm32cube.ide.mcu.externaltools.gnu-tools-for-stm32.14.3.rel1.win32_1.0.100.202602081740/tools/bin/../lib/gcc/arm-none-eabi/14.3.1/../../../../arm-none-eabi/lib/thumb/v7e-m+fp/hard\libc_nano.a(libc_a-closer.o)
                              C:/ST/STM32CubeIDE_2.0.0/STM32CubeIDE/plugins/com.st.stm32cube.ide.mcu.externaltools.gnu-tools-for-stm32.14.3.rel1.win32_1.0.100.202602081740/tools/bin/../lib/gcc/arm-none-eabi/14.3.1/../../../../arm-none-eabi/lib/thumb/v7e-m+fp/hard\libc_nano.a(libc_a-stdio.o) (_close_r)
C:/ST/STM32CubeIDE_2.0.0/STM32CubeIDE/plugins/com.st.stm32cube.ide.mcu.externaltools.gnu-tools-for-stm32.14.3.rel1.win32_1.0.100.202602081740/tools/bin/../lib/gcc/arm-none-eabi/14.3.1/../../../../arm-none-eabi/lib/thumb/v7e-m+fp/hard\libc_nano.a(libc_a-reent.o)
                              C:/ST/STM32CubeIDE_2.0.0/STM32CubeIDE/plugins/com.st.stm32cube.ide.mcu.externaltools.gnu-tools-for-stm32.14.3.rel1.win32_1.0.100.202602081740/tools/bin/../lib/gcc/arm-none-eabi/14.3.1/../../../../arm-none-eabi/lib/thumb/v7e-m+fp/hard\libc_nano.a(libc_a-closer.o) (errno)
C:/ST/STM32CubeIDE_2.0.0/STM32CubeIDE/plugins/com.st.stm32cube.ide.mcu.externaltools.gnu-tools-for-stm32.14.3.rel1.win32_1.0.100.202602081740/tools/bin/../lib/gcc/arm-none-eabi/14.3.1/../../../../arm-none-eabi/lib/thumb/v7e-m+fp/hard\libc_nano.a(libc_a-impure.o)
                              C:/ST/STM32CubeIDE_2.0.0/STM32CubeIDE/plugins/com.st.stm32cube.ide.mcu.externaltools.gnu-tools-for-stm32.14.3.rel1.win32_1.0.100.202602081740/tools/bin/../lib/gcc/arm-none-eabi/14.3.1/../../../../arm-none-eabi/lib/thumb/v7e-m+fp/hard\libc_nano.a(libc_a-reent.o) (_impure_ptr)
C:/ST/STM32CubeIDE_2.0.0/STM32CubeIDE/plugins/com.st.stm32cube.ide.mcu.externaltools.gnu-tools-for-stm32.14.3.rel1.win32_1.0.100.202602081740/tools/bin/../lib/gcc/arm-none-eabi/14.3.1/../../../../arm-none-eabi/lib/thumb/v7e-m+fp/hard\libc_nano.a(libc_a-lseekr.o)
[...]
Memory Configuration

Name             Origin             Length             Attributes
CCMRAM           0x10000000         0x00001000         xrw
RAM              0x20000000         0x00003000         xrw
FLASH            0x08000000         0x00010000         xr
*default*        0x00000000         0xffffffff

Linker script and memory map

LOAD C:/ST/STM32CubeIDE_2.0.0/STM32CubeIDE/plugins/com.st.stm32cube.ide.mcu.externaltools.gnu-tools-for-stm32.14.3.rel1.win32_1.0.100.202602081740/tools/bin/../lib/gcc/arm-none-eabi/14.3.1/thumb/v7e-m+fp/hard/crti.o
LOAD C:/ST/STM32CubeIDE_2.0.0/STM32CubeIDE/plugins/com.st.stm32cube.ide.mcu.externaltools.gnu-tools-for-stm32.14.3.rel1.win32_1.0.100.202602081740/tools/bin/../lib/gcc/arm-none-eabi/14.3.1/thumb/v7e-m+fp/hard/crtbegin.o
LOAD C:/ST/STM32CubeIDE_2.0.0/STM32CubeIDE/plugins/com.st.stm32cube.ide.mcu.externaltools.gnu-tools-for-stm32.14.3.rel1.win32_1.0.100.202602081740/tools/bin/../lib/gcc/arm-none-eabi/14.3.1/../../../../arm-none-eabi/lib/thumb/v7e-m+fp/hard/crt0.o
LOAD ./App/EKO_DRIVERS/Src/adc_driver.o
LOAD ./App/EKO_DRIVERS/Src/can_driver.o
LOAD ./App/EKO_DRIVERS/Src/pwm_driver.o
LOAD ./App/Src/app.o
LOAD ./App/Src/type2.o
LOAD ./Core/Src/adc.o
LOAD ./Core/Src/can.o
LOAD ./Core/Src/gpio.o
LOAD ./Core/Src/main.o
LOAD ./Core/Src/stm32f3xx_hal_msp.o
LOAD ./Core/Src/stm32f3xx_it.o
LOAD ./Core/Src/syscalls.o
LOAD ./Core/Src/sysmem.o
LOAD ./Core/Src/system_stm32f3xx.o
LOAD ./Core/Src/tim.o
LOAD ./Core/Src/usart.o
LOAD ./Core/Startup/startup_stm32f303k8tx.o
LOAD ./Drivers/STM32F3xx_HAL_Driver/Src/stm32f3xx_hal.o
LOAD ./Drivers/STM32F3xx_HAL_Driver/Src/stm32f3xx_hal_adc.o
LOAD ./Drivers/STM32F3xx_HAL_Driver/Src/stm32f3xx_hal_adc_ex.o
LOAD ./Drivers/STM32F3xx_HAL_Driver/Src/stm32f3xx_hal_can.o
LOAD ./Drivers/STM32F3xx_HAL_Driver/Src/stm32f3xx_hal_cortex.o
LOAD ./Drivers/STM32F3xx_HAL_Driver/Src/stm32f3xx_hal_dma.o
LOAD ./Drivers/STM32F3xx_HAL_Driver/Src/stm32f3xx_hal_exti.o
LOAD ./Drivers/STM32F3xx_HAL_Driver/Src/stm32f3xx_hal_flash.o
LOAD ./Drivers/STM32F3xx_HAL_Driver/Src/stm32f3xx_hal_flash_ex.o
LOAD ./Drivers/STM32F3xx_HAL_Driver/Src/stm32f3xx_hal_gpio.o
LOAD ./Drivers/STM32F3xx_HAL_Driver/Src/stm32f3xx_hal_i2c.o
LOAD ./Drivers/STM32F3xx_HAL_Driver/Src/stm32f3xx_hal_i2c_ex.o
LOAD ./Drivers/STM32F3xx_HAL_Driver/Src/stm32f3xx_hal_pwr.o
LOAD ./Drivers/STM32F3xx_HAL_Driver/Src/stm32f3xx_hal_pwr_ex.o
LOAD ./Drivers/STM32F3xx_HAL_Driver/Src/stm32f3xx_hal_rcc.o
LOAD ./Drivers/STM32F3xx_HAL_Driver/Src/stm32f3xx_hal_rcc_ex.o
LOAD ./Drivers/STM32F3xx_HAL_Driver/Src/stm32f3xx_hal_tim.o
LOAD ./Drivers/STM32F3xx_HAL_Driver/Src/stm32f3xx_hal_tim_ex.o
LOAD ./Drivers/STM32F3xx_HAL_Driver/Src/stm32f3xx_hal_uart.o
LOAD ./Drivers/STM32F3xx_HAL_Driver/Src/stm32f3xx_hal_uart_ex.o
START GROUP
LOAD C:/ST/STM32CubeIDE_2.0.0/STM32CubeIDE/plugins/com.st.stm32cube.ide.mcu.externaltools.gnu-tools-for-stm32.14.3.rel1.win32_1.0.100.202602081740/tools/bin/../lib/gcc/arm-none-eabi/14.3.1/../../../../arm-none-eabi/lib/thumb/v7e-m+fp/hard\libc_nano.a
LOAD C:/ST/STM32CubeIDE_2.0.0/STM32CubeIDE/plugins/com.st.stm32cube.ide.mcu.externaltools.gnu-tools-for-stm32.14.3.rel1.win32_1.0.100.202602081740/tools/bin/../lib/gcc/arm-none-eabi/14.3.1/../../../../arm-none-eabi/lib/thumb/v7e-m+fp/hard\libm.a
END GROUP
START GROUP
LOAD C:/ST/STM32CubeIDE_2.0.0/STM32CubeIDE/plugins/com.st.stm32cube.ide.mcu.externaltools.gnu-tools-for-stm32.14.3.rel1.win32_1.0.100.202602081740/tools/bin/../lib/gcc/arm-none-eabi/14.3.1/thumb/v7e-m+fp/hard\libgcc.a
LOAD C:/ST/STM32CubeIDE_2.0.0/STM32CubeIDE/plugins/com.st.stm32cube.ide.mcu.externaltools.gnu-tools-for-stm32.14.3.rel1.win32_1.0.100.202602081740/tools/bin/../lib/gcc/arm-none-eabi/14.3.1/../../../../arm-none-eabi/lib/thumb/v7e-m+fp/hard\libc_nano.a
END GROUP
START GROUP
LOAD C:/ST/STM32CubeIDE_2.0.0/STM32CubeIDE/plugins/com.st.stm32cube.ide.mcu.externaltools.gnu-tools-for-stm32.14.3.rel1.win32_1.0.100.202602081740/tools/bin/../lib/gcc/arm-none-eabi/14.3.1/thumb/v7e-m+fp/hard\libgcc.a
LOAD C:/ST/STM32CubeIDE_2.0.0/STM32CubeIDE/plugins/com.st.stm32cube.ide.mcu.externaltools.gnu-tools-for-stm32.14.3.rel1.win32_1.0.100.202602081740/tools/bin/../lib/gcc/arm-none-eabi/14.3.1/../../../../arm-none-eabi/lib/thumb/v7e-m+fp/hard\libc_nano.a
LOAD C:/ST/STM32CubeIDE_2.0.0/STM32CubeIDE/plugins/com.st.stm32cube.ide.mcu.externaltools.gnu-tools-for-stm32.14.3.rel1.win32_1.0.100.202602081740/tools/bin/../lib/gcc/arm-none-eabi/14.3.1/../../../../arm-none-eabi/lib/thumb/v7e-m+fp/hard\libnosys.a
END GROUP
START GROUP
LOAD C:/ST/STM32CubeIDE_2.0.0/STM32CubeIDE/plugins/com.st.stm32cube.ide.mcu.externaltools.gnu-tools-for-stm32.14.3.rel1.win32_1.0.100.202602081740/tools/bin/../lib/gcc/arm-none-eabi/14.3.1/thumb/v7e-m+fp/hard\libgcc.a
LOAD C:/ST/STM32CubeIDE_2.0.0/STM32CubeIDE/plugins/com.st.stm32cube.ide.mcu.externaltools.gnu-tools-for-stm32.14.3.rel1.win32_1.0.100.202602081740/tools/bin/../lib/gcc/arm-none-eabi/14.3.1/../../../../arm-none-eabi/lib/thumb/v7e-m+fp/hard\libc_nano.a
LOAD C:/ST/STM32CubeIDE_2.0.0/STM32CubeIDE/plugins/com.st.stm32cube.ide.mcu.externaltools.gnu-tools-for-stm32.14.3.rel1.win32_1.0.100.202602081740/tools/bin/../lib/gcc/arm-none-eabi/14.3.1/../../../../arm-none-eabi/lib/thumb/v7e-m+fp/hard\libnosys.a
END GROUP
LOAD C:/ST/STM32CubeIDE_2.0.0/STM32CubeIDE/plugins/com.st.stm32cube.ide.mcu.externaltools.gnu-tools-for-stm32.14.3.rel1.win32_1.0.100.202602081740/tools/bin/../lib/gcc/arm-none-eabi/14.3.1/thumb/v7e-m+fp/hard/crtend.o
LOAD C:/ST/STM32CubeIDE_2.0.0/STM32CubeIDE/plugins/com.st.stm32cube.ide.mcu.externaltools.gnu-tools-for-stm32.14.3.rel1.win32_1.0.100.202602081740/tools/bin/../lib/gcc/arm-none-eabi/14.3.1/thumb/v7e-m+fp/hard/crtn.o
                0x20003000                        _estack = (ORIGIN (RAM) + LENGTH (RAM))
                0x00000200                        _Min_Heap_Size = 0x200
                0x00000400                        _Min_Stack_Size = 0x400

.isr_vector     0x08000000      0x188
                0x08000000                        . = ALIGN (0x4)
 *(.isr_vector)
 .isr_vector    0x08000000      0x188 ./Core/Startup/startup_stm32f303k8tx.o
                0x08000000                g_pfnVectors
                0x08000188                        . = ALIGN (0x4)

.text           0x08000188     0x7900
                0x08000188                        . = ALIGN (0x4)
 *(.text)
 .text          0x08000188       0x40 C:/ST/STM32CubeIDE_2.0.0/STM32CubeIDE/plugins/com.st.stm32cube.ide.mcu.externaltools.gnu-tools-for-stm32.14.3.rel1.win32_1.0.100.202602081740/tools/bin/../lib/gcc/arm-none-eabi/14.3.1/thumb/v7e-m+fp/hard/crtbegin.o
 .text          0x080001c8      0x254 C:/ST/STM32CubeIDE_2.0.0/STM32CubeIDE/plugins/com.st.stm32cube.ide.mcu.externaltools.gnu-tools-for-stm32.14.3.rel1.win32_1.0.100.202602081740/tools/bin/../lib/gcc/arm-none-eabi/14.3.1/thumb/v7e-m+fp/hard\libgcc.a(_arm_muldf3.o)
                0x080001c8                __muldf3
                0x080001c8                __aeabi_dmul
 .text          0x0800041c      0x378 C:/ST/STM32CubeIDE_2.0.0/STM32CubeIDE/plugins/com.st.stm32cube.ide.mcu.externaltools.gnu-tools-for-stm32.14.3.rel1.win32_1.0.100.202602081740/tools/bin/../lib/gcc/arm-none-eabi/14.3.1/thumb/v7e-m+fp/hard\libgcc.a(_arm_addsubdf3.o)
                0x0800041c                __aeabi_drsub
                0x08000424                __aeabi_dsub
                0x08000424                __subdf3
                0x08000428                __aeabi_dadd
                0x08000428                __adddf3
                0x080006a0                __floatunsidf
                0x080006a0                __aeabi_ui2d
                0x080006c0                __floatsidf
                0x080006c0                __aeabi_i2d
                0x080006e4                __aeabi_f2d
                0x080006e4                __extendsfdf2
                0x08000728                __floatundidf
                0x08000728                __aeabi_ul2d
                0x08000738                __floatdidf
                0x08000738                __aeabi_l2d
 .text          0x08000794       0xa0 C:/ST/STM32CubeIDE_2.0.0/STM32CubeIDE/plugins/com.st.stm32cube.ide.mcu.externaltools.gnu-tools-for-stm32.14.3.rel1.win32_1.0.100.202602081740/tools/bin/../lib/gcc/arm-none-eabi/14.3.1/thumb/v7e-m+fp/hard\libgcc.a(_arm_truncdfsf2.o)
                0x08000794                __truncdfsf2
                0x08000794                __aeabi_d2f
 .text          0x08000834       0x30 C:/ST/STM32CubeIDE_2.0.0/STM32CubeIDE/plugins/com.st.stm32cube.ide.mcu.externaltools.gnu-tools-for-stm32.14.3.rel1.win32_1.0.100.202602081740/tools/bin/../lib/gcc/arm-none-eabi/14.3.1/thumb/v7e-m+fp/hard\libgcc.a(_aeabi_uldivmod.o)
                0x08000834                __aeabi_uldivmod
 .text          0x08000864      0x2f8 C:/ST/STM32CubeIDE_2.0.0/STM32CubeIDE/plugins/com.st.stm32cube.ide.mcu.externaltools.gnu-tools-for-stm32.14.3.rel1.win32_1.0.100.202602081740/tools/bin/../lib/gcc/arm-none-eabi/14.3.1/thumb/v7e-m+fp/hard\libgcc.a(_udivmoddi4.o)
                0x08000864                __udivmoddi4
 .text          0x08000b5c        0x4 C:/ST/STM32CubeIDE_2.0.0/STM32CubeIDE/plugins/com.st.stm32cube.ide.mcu.externaltools.gnu-tools-for-stm32.14.3.rel1.win32_1.0.100.202602081740/tools/bin/../lib/gcc/arm-none-eabi/14.3.1/thumb/v7e-m+fp/hard\libgcc.a(_dvmd_tls.o)
                0x08000b5c                __aeabi_idiv0
                0x08000b5c                __aeabi_ldiv0
 *(.text*)
 .text.ADC_Init
                0x08000b60       0xd0 ./App/EKO_DRIVERS/Src/adc_driver.o
                0x08000b60                ADC_Init
 .text.ADC_ReadChannel
                0x08000c30      0x264 ./App/EKO_DRIVERS/Src/adc_driver.o
                0x08000c30                ADC_ReadChannel
 .text.ADC_GetValue
                0x08000e94       0xa8 ./App/EKO_DRIVERS/Src/adc_driver.o
                0x08000e94                ADC_GetValue
 .text.HAL_ADC_ConvCpltCallback
                0x08000f3c       0x14 ./App/EKO_DRIVERS/Src/adc_driver.o
                0x08000f3c                HAL_ADC_ConvCpltCallback
 .text.ADC_ConfigGetRanksOfChannels
                0x08000f50      0x120 ./App/EKO_DRIVERS/Src/adc_driver.o
                0x08000f50                ADC_ConfigGetRanksOfChannels
 .text.ADC_GetRank
                0x08001070       0x52 ./App/EKO_DRIVERS/Src/adc_driver.o
                0x08001070                ADC_GetRank
 *fill*         0x080010c2        0x2 
 .text.ADC_Averaging
                0x080010c4      0x140 ./App/EKO_DRIVERS/Src/adc_driver.o
                0x080010c4                ADC_Averaging
 .text.CAN_init
                0x08001204       0x70 ./App/EKO_DRIVERS/Src/can_driver.o
                0x08001204                CAN_init
 .text.CAN_addScheduledMessage
                0x08001274       0xf2 ./App/EKO_DRIVERS/Src/can_driver.o
                0x08001274                CAN_addScheduledMessage
 .text.CAN_removeScheduledMessage
                0x08001366       0xe4 ./App/EKO_DRIVERS/Src/can_driver.o
                0x08001366                CAN_removeScheduledMessage
 .text.CAN_handleScheduled
                0x0800144a      0x10a ./App/EKO_DRIVERS/Src/can_driver.o
                0x0800144a                CAN_handleScheduled
 .text.PWM_initialize
                0x08001554       0x74 ./App/EKO_DRIVERS/Src/pwm_driver.o
                0x08001554                PWM_initialize
 .text.PWM_update
                0x080015c8       0xb0 ./App/EKO_DRIVERS/Src/pwm_driver.o
                0x080015c8                PWM_update
 .text.app_main
                0x08001678      0x148 ./App/Src/app.o
                0x08001678                app_main
 .text.startCharging
                0x080017c0       0xbc ./App/Src/app.o
 .text.stopCharging
                0x0800187c       0x30 ./App/Src/app.o
 .text.updateTransoptorVoltage
                0x080018ac       0xa4 ./App/Src/app.o
 .text.chargerGetData
                0x08001950       0x98 ./App/Src/app.o
 .text.Type2_MaxChargerCurrent
                0x080019e8       0xcc ./App/Src/type2.o
                0x080019e8                Type2_MaxChargerCurrent
 .text.PP_GetMaxCurrent
                0x08001ab4       0x88 ./App/Src/type2.o
 *fill*         0x08001b3c        0x4 
 .text.CP_GetMaxCurrent
                0x08001b40      0x128 ./App/Src/type2.o
 .text.MX_ADC1_Init
                0x08001c68       0xe0 ./Core/Src/adc.o
                0x08001c68                MX_ADC1_Init
 .text.HAL_ADC_MspInit
                0x08001d48       0x7c ./Core/Src/adc.o
                0x08001d48                HAL_ADC_MspInit
 .text.MX_CAN_Init
                0x08001dc4       0x68 ./Core/Src/can.o
                0x08001dc4                MX_CAN_Init
 .text.HAL_CAN_MspInit
                0x08001e2c       0x98 ./Core/Src/can.o
                0x08001e2c                HAL_CAN_MspInit
 .text.MX_GPIO_Init
                0x08001ec4       0xd8 ./Core/Src/gpio.o
                0x08001ec4                MX_GPIO_Init
 .text.main     0x08001f9c       0x32 ./Core/Src/main.o
                0x08001f9c                main
 .text.SystemClock_Config
                0x08001fce       0xbc ./Core/Src/main.o
                0x08001fce                SystemClock_Config
 .text.Error_Handler
                0x0800208a       0x16 ./Core/Src/main.o
                0x0800208a                Error_Handler
 .text.HAL_MspInit
                0x080020a0       0x48 ./Core/Src/stm32f3xx_hal_msp.o
                0x080020a0                HAL_MspInit
 .text.NMI_Handler
                0x080020e8        0x8 ./Core/Src/stm32f3xx_it.o
                0x080020e8                NMI_Handler
 .text.HardFault_Handler
                0x080020f0        0x8 ./Core/Src/stm32f3xx_it.o
                0x080020f0                HardFault_Handler
 .text.MemManage_Handler
                0x080020f8        0x8 ./Core/Src/stm32f3xx_it.o
                0x080020f8                MemManage_Handler
 .text.BusFault_Handler
                0x08002100        0x8 ./Core/Src/stm32f3xx_it.o
                0x08002100                BusFault_Handler
 .text.UsageFault_Handler
                0x08002108        0x8 ./Core/Src/stm32f3xx_it.o
                0x08002108                UsageFault_Handler
 .text.SVC_Handler
                0x08002110        0xe ./Core/Src/stm32f3xx_it.o
                0x08002110                SVC_Handler
 .text.DebugMon_Handler
                0x0800211e        0xe ./Core/Src/stm32f3xx_it.o
                0x0800211e                DebugMon_Handler
 .text.PendSV_Handler
                0x0800212c        0xe ./Core/Src/stm32f3xx_it.o
                0x0800212c                PendSV_Handler
 .text.SysTick_Handler
                0x0800213a        0xc ./Core/Src/stm32f3xx_it.o
                0x0800213a                SysTick_Handler
 *fill*         0x08002146        0x2 
 .text.CAN_RX0_IRQHandler
                0x08002148       0x14 ./Core/Src/stm32f3xx_it.o
                0x08002148                CAN_RX0_IRQHandler
 .text.TIM1_CC_IRQHandler
                0x0800215c       0x14 ./Core/Src/stm32f3xx_it.o
                0x0800215c                TIM1_CC_IRQHandler
 .text.TIM3_IRQHandler
                0x08002170       0x14 ./Core/Src/stm32f3xx_it.o
                0x08002170                TIM3_IRQHandler
 .text.SystemInit
                0x08002184       0x24 ./Core/Src/system_stm32f3xx.o
                0x08002184                SystemInit
 .text.MX_TIM1_Init
                0x080021a8      0x10c ./Core/Src/tim.o
                0x080021a8                MX_TIM1_Init
 .text.MX_TIM2_Init
                0x080022b4      0x13c ./Core/Src/tim.o
                0x080022b4                MX_TIM2_Init
 .text.MX_TIM3_Init
                0x080023f0      0x13c ./Core/Src/tim.o
                0x080023f0                MX_TIM3_Init
 .text.HAL_TIM_IC_MspInit
                0x0800252c       0x98 ./Core/Src/tim.o
                0x0800252c                HAL_TIM_IC_MspInit
 .text.HAL_TIM_Base_MspInit
                0x080025c4       0xf4 ./Core/Src/tim.o
                0x080025c4                HAL_TIM_Base_MspInit
 .text.MX_USART1_UART_Init
                0x080026b8       0x60 ./Core/Src/usart.o
                0x080026b8                MX_USART1_UART_Init
 .text.HAL_UART_MspInit
                0x08002718       0x88 ./Core/Src/usart.o
                0x08002718                HAL_UART_MspInit
 .text.Reset_Handler
                0x080027a0       0x50 ./Core/Startup/startup_stm32f303k8tx.o
                0x080027a0                Reset_Handler
 .text.Default_Handler
                0x080027f0        0x2 ./Core/Startup/startup_stm32f303k8tx.o
                0x080027f0                RTC_Alarm_IRQHandler
                0x080027f0                PVD_IRQHandler
                0x080027f0                TAMP_STAMP_IRQHandler
                0x080027f0                EXTI3_IRQHandler
                0x080027f0                EXTI0_IRQHandler
                0x080027f0                FPU_IRQHandler
                0x080027f0                CAN_TX_IRQHandler
                0x080027f0                TIM1_UP_TIM16_IRQHandler
                0x080027f0                ADC1_2_IRQHandler
                0x080027f0                SPI1_IRQHandler
                0x080027f0                CAN_SCE_IRQHandler
                0x080027f0                DMA1_Channel4_IRQHandler
                0x080027f0                USART3_IRQHandler
                0x080027f0                DMA1_Channel7_IRQHandler
                0x080027f0                TIM7_DAC2_IRQHandler
                0x080027f0                CAN_RX1_IRQHandler
                0x080027f0                I2C1_EV_IRQHandler
                0x080027f0                DMA1_Channel6_IRQHandler
                0x080027f0                RCC_IRQHandler
                0x080027f0                DMA1_Channel1_IRQHandler
                0x080027f0                Default_Handler
                0x080027f0                EXTI15_10_IRQHandler
                0x080027f0                COMP2_IRQHandler
                0x080027f0                TIM6_DAC1_IRQHandler
                0x080027f0                EXTI9_5_IRQHandler
                0x080027f0                RTC_WKUP_IRQHandler
                0x080027f0                DMA1_Channel5_IRQHandler
                0x080027f0                EXTI4_IRQHandler
                0x080027f0                TIM1_TRG_COM_TIM17_IRQHandler
                0x080027f0                DMA1_Channel3_IRQHandler
                0x080027f0                WWDG_IRQHandler
                0x080027f0                TIM2_IRQHandler
                0x080027f0                EXTI1_IRQHandler
                0x080027f0                COMP4_6_IRQHandler
                0x080027f0                USART2_IRQHandler
                0x080027f0                DMA1_Channel2_IRQHandler
                0x080027f0                FLASH_IRQHandler
                0x080027f0                USART1_IRQHandler
                0x080027f0                I2C1_ER_IRQHandler
                0x080027f0                EXTI2_TSC_IRQHandler
                0x080027f0                TIM1_BRK_TIM15_IRQHandler
 *fill*         0x080027f2        0x2 
 .text.HAL_Init
                0x080027f4       0x2c ./Drivers/STM32F3xx_HAL_Driver/Src/stm32f3xx_hal.o
                0x080027f4                HAL_Init
 .text.HAL_InitTick
                0x08002820       0x60 ./Drivers/STM32F3xx_HAL_Driver/Src/stm32f3xx_hal.o
                0x08002820                HAL_InitTick
 .text.HAL_IncTick
                0x08002880       0x28 ./Drivers/STM32F3xx_HAL_Driver/Src/stm32f3xx_hal.o
                0x08002880                HAL_IncTick
 .text.HAL_GetTick
                0x080028a8       0x18 ./Drivers/STM32F3xx_HAL_Driver/Src/stm32f3xx_hal.o
                0x080028a8                HAL_GetTick
 .text.HAL_ADC_ConvHalfCpltCallback
                0x080028c0       0x14 ./Drivers/STM32F3xx_HAL_Driver/Src/stm32f3xx_hal_adc.o
                0x080028c0                HAL_ADC_ConvHalfCpltCallback
 .text.HAL_ADC_ErrorCallback
                0x080028d4       0x14 ./Drivers/STM32F3xx_HAL_Driver/Src/stm32f3xx_hal_adc.o
                0x080028d4                HAL_ADC_ErrorCallback
 .text.HAL_ADC_Init
                0x080028e8      0x324 ./Drivers/STM32F3xx_HAL_Driver/Src/stm32f3xx_hal_adc_ex.o
                0x080028e8                HAL_ADC_Init
 .text.HAL_ADC_Start
                0x08002c0c      0x16c ./Drivers/STM32F3xx_HAL_Driver/Src/stm32f3xx_hal_adc_ex.o
                0x08002c0c                HAL_ADC_Start
 .text.HAL_ADC_Stop
                0x08002d78       0x6a ./Drivers/STM32F3xx_HAL_Driver/Src/stm32f3xx_hal_adc_ex.o
                0x08002d78                HAL_ADC_Stop
 *fill*         0x08002de2        0x2 
 .text.HAL_ADC_Start_DMA
                0x08002de4      0x1b4 ./Drivers/STM32F3xx_HAL_Driver/Src/stm32f3xx_hal_adc_ex.o
                0x08002de4                HAL_ADC_Start_DMA
 .text.HAL_ADC_GetValue
                0x08002f98       0x1a ./Drivers/STM32F3xx_HAL_Driver/Src/stm32f3xx_hal_adc_ex.o
                0x08002f98                HAL_ADC_GetValue
 .text.HAL_ADCEx_Calibration_Start
                0x08002fb2       0xe4 ./Drivers/STM32F3xx_HAL_Driver/Src/stm32f3xx_hal_adc_ex.o
                0x08002fb2                HAL_ADCEx_Calibration_Start
 *fill*         0x08003096        0x2 
 .text.HAL_ADCEx_MultiModeStart_DMA
                0x08003098      0x164 ./Drivers/STM32F3xx_HAL_Driver/Src/stm32f3xx_hal_adc_ex.o
                0x08003098                HAL_ADCEx_MultiModeStart_DMA
 .text.HAL_ADCEx_MultiModeGetValue
                0x080031fc       0x20 ./Drivers/STM32F3xx_HAL_Driver/Src/stm32f3xx_hal_adc_ex.o
                0x080031fc                HAL_ADCEx_MultiModeGetValue
 .text.HAL_ADC_ConfigChannel
                0x0800321c      0x57c ./Drivers/STM32F3xx_HAL_Driver/Src/stm32f3xx_hal_adc_ex.o
                0x0800321c                HAL_ADC_ConfigChannel
 .text.HAL_ADCEx_MultiModeConfigChannel
                0x08003798      0x18c ./Drivers/STM32F3xx_HAL_Driver/Src/stm32f3xx_hal_adc_ex.o
                0x08003798                HAL_ADCEx_MultiModeConfigChannel
 .text.ADC_DMAConvCplt
                0x08003924       0x7a ./Drivers/STM32F3xx_HAL_Driver/Src/stm32f3xx_hal_adc_ex.o
 .text.ADC_DMAHalfConvCplt
                0x0800399e       0x1c ./Drivers/STM32F3xx_HAL_Driver/Src/stm32f3xx_hal_adc_ex.o
 .text.ADC_DMAError
                0x080039ba       0x34 ./Drivers/STM32F3xx_HAL_Driver/Src/stm32f3xx_hal_adc_ex.o
 *fill*         0x080039ee        0x2 
 .text.ADC_Enable
                0x080039f0       0xc8 ./Drivers/STM32F3xx_HAL_Driver/Src/stm32f3xx_hal_adc_ex.o
 .text.ADC_Disable
                0x08003ab8       0xcc ./Drivers/STM32F3xx_HAL_Driver/Src/stm32f3xx_hal_adc_ex.o
 .text.ADC_ConversionStop
                0x08003b84      0x16c ./Drivers/STM32F3xx_HAL_Driver/Src/stm32f3xx_hal_adc_ex.o
 .text.HAL_CAN_Init
                0x08003cf0      0x1f6 ./Drivers/STM32F3xx_HAL_Driver/Src/stm32f3xx_hal_can.o
                0x08003cf0                HAL_CAN_Init
 .text.HAL_CAN_ConfigFilter
                0x08003ee6      0x194 ./Drivers/STM32F3xx_HAL_Driver/Src/stm32f3xx_hal_can.o
                0x08003ee6                HAL_CAN_ConfigFilter
 .text.HAL_CAN_Start
                0x0800407a       0x88 ./Drivers/STM32F3xx_HAL_Driver/Src/stm32f3xx_hal_can.o
                0x0800407a                HAL_CAN_Start
 .text.HAL_CAN_AddTxMessage
                0x08004102      0x1a0 ./Drivers/STM32F3xx_HAL_Driver/Src/stm32f3xx_hal_can.o
                0x08004102                HAL_CAN_AddTxMessage
 .text.HAL_CAN_ActivateNotification
                0x080042a2       0x4c ./Drivers/STM32F3xx_HAL_Driver/Src/stm32f3xx_hal_can.o
                0x080042a2                HAL_CAN_ActivateNotification
 .text.HAL_CAN_IRQHandler
                0x080042ee      0x36e ./Drivers/STM32F3xx_HAL_Driver/Src/stm32f3xx_hal_can.o
                0x080042ee                HAL_CAN_IRQHandler
 .text.HAL_CAN_TxMailbox0CompleteCallback
                0x0800465c       0x14 ./Drivers/STM32F3xx_HAL_Driver/Src/stm32f3xx_hal_can.o
                0x0800465c                HAL_CAN_TxMailbox0CompleteCallback
 .text.HAL_CAN_TxMailbox1CompleteCallback
                0x08004670       0x14 ./Drivers/STM32F3xx_HAL_Driver/Src/stm32f3xx_hal_can.o
                0x08004670                HAL_CAN_TxMailbox1CompleteCallback
 .text.HAL_CAN_TxMailbox2CompleteCallback
                0x08004684       0x14 ./Drivers/STM32F3xx_HAL_Driver/Src/stm32f3xx_hal_can.o
                0x08004684                HAL_CAN_TxMailbox2CompleteCallback
 .text.HAL_CAN_TxMailbox0AbortCallback
                0x08004698       0x14 ./Drivers/STM32F3xx_HAL_Driver/Src/stm32f3xx_hal_can.o
                0x08004698                HAL_CAN_TxMailbox0AbortCallback
 .text.HAL_CAN_TxMailbox1AbortCallback
                0x080046ac       0x14 ./Drivers/STM32F3xx_HAL_Driver/Src/stm32f3xx_hal_can.o
                0x080046ac                HAL_CAN_TxMailbox1AbortCallback
 .text.HAL_CAN_TxMailbox2AbortCallback
                0x080046c0       0x14 ./Drivers/STM32F3xx_HAL_Driver/Src/stm32f3xx_hal_can.o
                0x080046c0                HAL_CAN_TxMailbox2AbortCallback
 .text.HAL_CAN_RxFifo0MsgPendingCallback
                0x080046d4       0x14 ./Drivers/STM32F3xx_HAL_Driver/Src/stm32f3xx_hal_can.o
                0x080046d4                HAL_CAN_RxFifo0MsgPendingCallback
 .text.HAL_CAN_RxFifo0FullCallback
                0x080046e8       0x14 ./Drivers/STM32F3xx_HAL_Driver/Src/stm32f3xx_hal_can.o
                0x080046e8                HAL_CAN_RxFifo0FullCallback
 .text.HAL_CAN_RxFifo1MsgPendingCallback
                0x080046fc       0x14 ./Drivers/STM32F3xx_HAL_Driver/Src/stm32f3xx_hal_can.o
                0x080046fc                HAL_CAN_RxFifo1MsgPendingCallback
 .text.HAL_CAN_RxFifo1FullCallback
                0x08004710       0x14 ./Drivers/STM32F3xx_HAL_Driver/Src/stm32f3xx_hal_can.o
                0x08004710                HAL_CAN_RxFifo1FullCallback
 .text.HAL_CAN_SleepCallback
                0x08004724       0x14 ./Drivers/STM32F3xx_HAL_Driver/Src/stm32f3xx_hal_can.o
                0x08004724                HAL_CAN_SleepCallback
 .text.HAL_CAN_WakeUpFromRxMsgCallback
                0x08004738       0x14 ./Drivers/STM32F3xx_HAL_Driver/Src/stm32f3xx_hal_can.o
                0x08004738                HAL_CAN_WakeUpFromRxMsgCallback
 .text.HAL_CAN_ErrorCallback
                0x0800474c       0x14 ./Drivers/STM32F3xx_HAL_Driver/Src/stm32f3xx_hal_can.o
                0x0800474c                HAL_CAN_ErrorCallback
 .text.__NVIC_SetPriorityGrouping
                0x08004760       0x48 ./Drivers/STM32F3xx_HAL_Driver/Src/stm32f3xx_hal_cortex.o
 .text.__NVIC_GetPriorityGrouping
                0x080047a8       0x1c ./Drivers/STM32F3xx_HAL_Driver/Src/stm32f3xx_hal_cortex.o
 .text.__NVIC_EnableIRQ
                0x080047c4       0x3c ./Drivers/STM32F3xx_HAL_Driver/Src/stm32f3xx_hal_cortex.o
 .text.__NVIC_SetPriority
                0x08004800       0x54 ./Drivers/STM32F3xx_HAL_Driver/Src/stm32f3xx_hal_cortex.o
 .text.NVIC_EncodePriority
                0x08004854       0x66 ./Drivers/STM32F3xx_HAL_Driver/Src/stm32f3xx_hal_cortex.o
 *fill*         0x080048ba        0x2 
 .text.SysTick_Config
                0x080048bc       0x44 ./Drivers/STM32F3xx_HAL_Driver/Src/stm32f3xx_hal_cortex.o
 .text.HAL_NVIC_SetPriorityGrouping
                0x08004900       0x16 ./Drivers/STM32F3xx_HAL_Driver/Src/stm32f3xx_hal_cortex.o
                0x08004900                HAL_NVIC_SetPriorityGrouping
 .text.HAL_NVIC_SetPriority
                0x08004916       0x38 ./Drivers/STM32F3xx_HAL_Driver/Src/stm32f3xx_hal_cortex.o
                0x08004916                HAL_NVIC_SetPriority
 .text.HAL_NVIC_EnableIRQ
                0x0800494e       0x1c ./Drivers/STM32F3xx_HAL_Driver/Src/stm32f3xx_hal_cortex.o
                0x0800494e                HAL_NVIC_EnableIRQ
 .text.HAL_SYSTICK_Config
                0x0800496a       0x18 ./Drivers/STM32F3xx_HAL_Driver/Src/stm32f3xx_hal_cortex.o
                0x0800496a                HAL_SYSTICK_Config
 .text.HAL_DMA_Start_IT
                0x08004982       0xbe ./Drivers/STM32F3xx_HAL_Driver/Src/stm32f3xx_hal_dma.o
                0x08004982                HAL_DMA_Start_IT
 .text.DMA_SetConfig
                0x08004a40       0x5c ./Drivers/STM32F3xx_HAL_Driver/Src/stm32f3xx_hal_dma.o
 .text.HAL_GPIO_Init
                0x08004a9c      0x2e4 ./Drivers/STM32F3xx_HAL_Driver/Src/stm32f3xx_hal_gpio.o
                0x08004a9c                HAL_GPIO_Init
 .text.HAL_GPIO_ReadPin
                0x08004d80       0x30 ./Drivers/STM32F3xx_HAL_Driver/Src/stm32f3xx_hal_gpio.o
                0x08004d80                HAL_GPIO_ReadPin
 .text.HAL_GPIO_WritePin
                0x08004db0       0x30 ./Drivers/STM32F3xx_HAL_Driver/Src/stm32f3xx_hal_gpio.o
                0x08004db0                HAL_GPIO_WritePin
 .text.HAL_GPIO_TogglePin
                0x08004de0       0x34 ./Drivers/STM32F3xx_HAL_Driver/Src/stm32f3xx_hal_gpio.o
                0x08004de0                HAL_GPIO_TogglePin
 .text.HAL_RCC_OscConfig
                0x08004e14     0x101c ./Drivers/STM32F3xx_HAL_Driver/Src/stm32f3xx_hal_rcc.o
                0x08004e14                HAL_RCC_OscConfig
 .text.HAL_RCC_ClockConfig
                0x08005e30      0x2dc ./Drivers/STM32F3xx_HAL_Driver/Src/stm32f3xx_hal_rcc.o
                0x08005e30                HAL_RCC_ClockConfig
 .text.HAL_RCC_GetSysClockFreq
                0x0800610c       0xa8 ./Drivers/STM32F3xx_HAL_Driver/Src/stm32f3xx_hal_rcc.o
                0x0800610c                HAL_RCC_GetSysClockFreq
 .text.HAL_RCC_GetHCLKFreq
                0x080061b4       0x18 ./Drivers/STM32F3xx_HAL_Driver/Src/stm32f3xx_hal_rcc.o
                0x080061b4                HAL_RCC_GetHCLKFreq
 .text.HAL_RCC_GetPCLK1Freq
                0x080061cc       0x44 ./Drivers/STM32F3xx_HAL_Driver/Src/stm32f3xx_hal_rcc.o
                0x080061cc                HAL_RCC_GetPCLK1Freq
 .text.HAL_RCC_GetPCLK2Freq
                0x08006210       0x44 ./Drivers/STM32F3xx_HAL_Driver/Src/stm32f3xx_hal_rcc.o
                0x08006210                HAL_RCC_GetPCLK2Freq
 .text.HAL_RCCEx_PeriphCLKConfig
                0x08006254      0x248 ./Drivers/STM32F3xx_HAL_Driver/Src/stm32f3xx_hal_rcc_ex.o
                0x08006254                HAL_RCCEx_PeriphCLKConfig
 .text.HAL_TIM_Base_Init
                0x0800649c       0xae ./Drivers/STM32F3xx_HAL_Driver/Src/stm32f3xx_hal_tim.o
                0x0800649c                HAL_TIM_Base_Init
 .text.HAL_TIM_IC_Init
                0x0800654a       0xae ./Drivers/STM32F3xx_HAL_Driver/Src/stm32f3xx_hal_tim.o
                0x0800654a                HAL_TIM_IC_Init
 .text.HAL_TIM_IRQHandler
                0x080065f8      0x204 ./Drivers/STM32F3xx_HAL_Driver/Src/stm32f3xx_hal_tim.o
                0x080065f8                HAL_TIM_IRQHandler
 .text.HAL_TIM_IC_ConfigChannel
                0x080067fc      0x138 ./Drivers/STM32F3xx_HAL_Driver/Src/stm32f3xx_hal_tim.o
                0x080067fc                HAL_TIM_IC_ConfigChannel
 .text.HAL_TIM_ConfigClockSource
                0x08006934      0x192 ./Drivers/STM32F3xx_HAL_Driver/Src/stm32f3xx_hal_tim.o
                0x08006934                HAL_TIM_ConfigClockSource
 .text.HAL_TIM_SlaveConfigSynchro
                0x08006ac6       0x84 ./Drivers/STM32F3xx_HAL_Driver/Src/stm32f3xx_hal_tim.o
                0x08006ac6                HAL_TIM_SlaveConfigSynchro
 *fill*         0x08006b4a        0x2 
 .text.HAL_TIM_ReadCapturedValue
                0x08006b4c       0x88 ./Drivers/STM32F3xx_HAL_Driver/Src/stm32f3xx_hal_tim.o
                0x08006b4c                HAL_TIM_ReadCapturedValue
 .text.HAL_TIM_PeriodElapsedCallback
                0x08006bd4       0x14 ./Drivers/STM32F3xx_HAL_Driver/Src/stm32f3xx_hal_tim.o
                0x08006bd4                HAL_TIM_PeriodElapsedCallback
 .text.HAL_TIM_OC_DelayElapsedCallback
                0x08006be8       0x14 ./Drivers/STM32F3xx_HAL_Driver/Src/stm32f3xx_hal_tim.o
                0x08006be8                HAL_TIM_OC_DelayElapsedCallback
 .text.HAL_TIM_IC_CaptureCallback
                0x08006bfc       0x14 ./Drivers/STM32F3xx_HAL_Driver/Src/stm32f3xx_hal_tim.o
                0x08006bfc                HAL_TIM_IC_CaptureCallback
 .text.HAL_TIM_PWM_PulseFinishedCallback
                0x08006c10       0x14 ./Drivers/STM32F3xx_HAL_Driver/Src/stm32f3xx_hal_tim.o
                0x08006c10                HAL_TIM_PWM_PulseFinishedCallback
 .text.HAL_TIM_TriggerCallback
                0x08006c24       0x14 ./Drivers/STM32F3xx_HAL_Driver/Src/stm32f3xx_hal_tim.o
                0x08006c24                HAL_TIM_TriggerCallback
 .text.TIM_Base_SetConfig
                0x08006c38      0x108 ./Drivers/STM32F3xx_HAL_Driver/Src/stm32f3xx_hal_tim.o
                0x08006c38                TIM_Base_SetConfig
 .text.TIM_SlaveTimer_SetConfig
                0x08006d40      0x126 ./Drivers/STM32F3xx_HAL_Driver/Src/stm32f3xx_hal_tim.o
 *fill*         0x08006e66        0x2 
 .text.TIM_TI1_SetConfig
                0x08006e68       0xb8 ./Drivers/STM32F3xx_HAL_Driver/Src/stm32f3xx_hal_tim.o
                0x08006e68                TIM_TI1_SetConfig
 .text.TIM_TI1_ConfigInputStage
                0x08006f20       0x5e ./Drivers/STM32F3xx_HAL_Driver/Src/stm32f3xx_hal_tim.o
 .text.TIM_TI2_SetConfig
                0x08006f7e       0x7a ./Drivers/STM32F3xx_HAL_Driver/Src/stm32f3xx_hal_tim.o
 .text.TIM_TI2_ConfigInputStage
                0x08006ff8       0x60 ./Drivers/STM32F3xx_HAL_Driver/Src/stm32f3xx_hal_tim.o
 .text.TIM_TI3_SetConfig
                0x08007058       0x78 ./Drivers/STM32F3xx_HAL_Driver/Src/stm32f3xx_hal_tim.o
 .text.TIM_TI4_SetConfig
                0x080070d0       0x7a ./Drivers/STM32F3xx_HAL_Driver/Src/stm32f3xx_hal_tim.o
 .text.TIM_ITRx_SetConfig
                0x0800714a       0x36 ./Drivers/STM32F3xx_HAL_Driver/Src/stm32f3xx_hal_tim.o
 .text.TIM_ETR_SetConfig
                0x08007180       0x40 ./Drivers/STM32F3xx_HAL_Driver/Src/stm32f3xx_hal_tim.o
                0x08007180                TIM_ETR_SetConfig
 .text.HAL_TIMEx_MasterConfigSynchronization
                0x080071c0       0xdc ./Drivers/STM32F3xx_HAL_Driver/Src/stm32f3xx_hal_tim_ex.o
                0x080071c0                HAL_TIMEx_MasterConfigSynchronization
 .text.HAL_TIMEx_CommutCallback
                0x0800729c       0x14 ./Drivers/STM32F3xx_HAL_Driver/Src/stm32f3xx_hal_tim_ex.o
                0x0800729c                HAL_TIMEx_CommutCallback
 .text.HAL_TIMEx_BreakCallback
                0x080072b0       0x14 ./Drivers/STM32F3xx_HAL_Driver/Src/stm32f3xx_hal_tim_ex.o
                0x080072b0                HAL_TIMEx_BreakCallback
 .text.HAL_TIMEx_Break2Callback
                0x080072c4       0x14 ./Drivers/STM32F3xx_HAL_Driver/Src/stm32f3xx_hal_tim_ex.o
                0x080072c4                HAL_TIMEx_Break2Callback
 .text.HAL_UART_Init
                0x080072d8       0x9c ./Drivers/STM32F3xx_HAL_Driver/Src/stm32f3xx_hal_uart.o
                0x080072d8                HAL_UART_Init
 .text.UART_SetConfig
                0x08007374      0x26c ./Drivers/STM32F3xx_HAL_Driver/Src/stm32f3xx_hal_uart.o
                0x08007374                UART_SetConfig
 .text.UART_AdvFeatureConfig
                0x080075e0      0x144 ./Drivers/STM32F3xx_HAL_Driver/Src/stm32f3xx_hal_uart.o
                0x080075e0                UART_AdvFeatureConfig
 .text.UART_CheckIdleState
                0x08007724      0x150 ./Drivers/STM32F3xx_HAL_Driver/Src/stm32f3xx_hal_uart.o
                0x08007724                UART_CheckIdleState
 .text.UART_WaitOnFlagUntilTimeout
                0x08007874       0xda ./Drivers/STM32F3xx_HAL_Driver/Src/stm32f3xx_hal_uart.o
                0x08007874                UART_WaitOnFlagUntilTimeout
 .text.UART_EndRxTransfer
                0x0800794e       0xc8 ./Drivers/STM32F3xx_HAL_Driver/Src/stm32f3xx_hal_uart.o
 .text.memset   0x08007a16       0x10 C:/ST/STM32CubeIDE_2.0.0/STM32CubeIDE/plugins/com.st.stm32cube.ide.mcu.externaltools.gnu-tools-for-stm32.14.3.rel1.win32_1.0.100.202602081740/tools/bin/../lib/gcc/arm-none-eabi/14.3.1/../../../../arm-none-eabi/lib/thumb/v7e-m+fp/hard\libc_nano.a(libc_a-memset.o)
                0x08007a16                memset
 *fill*         0x08007a26        0x2 
 .text.__libc_init_array
                0x08007a28       0x48 C:/ST/STM32CubeIDE_2.0.0/STM32CubeIDE/plugins/com.st.stm32cube.ide.mcu.externaltools.gnu-tools-for-stm32.14.3.rel1.win32_1.0.100.202602081740/tools/bin/../lib/gcc/arm-none-eabi/14.3.1/../../../../arm-none-eabi/lib/thumb/v7e-m+fp/hard\libc_nano.a(libc_a-init.o)
                0x08007a28                __libc_init_array
 *(.glue_7)
 .glue_7        0x08007a70        0x0 linker stubs
 *(.glue_7t)
 .glue_7t       0x08007a70        0x0 linker stubs
 *(.eh_frame)
 .eh_frame      0x08007a70        0x0 C:/ST/STM32CubeIDE_2.0.0/STM32CubeIDE/plugins/com.st.stm32cube.ide.mcu.externaltools.gnu-tools-for-stm32.14.3.rel1.win32_1.0.100.202602081740/tools/bin/../lib/gcc/arm-none-eabi/14.3.1/thumb/v7e-m+fp/hard/crtbegin.o
 *(.init)
 .init          0x08007a70        0x4 C:/ST/STM32CubeIDE_2.0.0/STM32CubeIDE/plugins/com.st.stm32cube.ide.mcu.externaltools.gnu-tools-for-stm32.14.3.rel1.win32_1.0.100.202602081740/tools/bin/../lib/gcc/arm-none-eabi/14.3.1/thumb/v7e-m+fp/hard/crti.o
                0x08007a70                _init
 .init          0x08007a74        0x8 C:/ST/STM32CubeIDE_2.0.0/STM32CubeIDE/plugins/com.st.stm32cube.ide.mcu.externaltools.gnu-tools-for-stm32.14.3.rel1.win32_1.0.100.202602081740/tools/bin/../lib/gcc/arm-none-eabi/14.3.1/thumb/v7e-m+fp/hard/crtn.o
 *(.fini)
 .fini          0x08007a7c        0x4 C:/ST/STM32CubeIDE_2.0.0/STM32CubeIDE/plugins/com.st.stm32cube.ide.mcu.externaltools.gnu-tools-for-stm32.14.3.rel1.win32_1.0.100.202602081740/tools/bin/../lib/gcc/arm-none-eabi/14.3.1/thumb/v7e-m+fp/hard/crti.o
                0x08007a7c                _fini
 .fini          0x08007a80        0x8 C:/ST/STM32CubeIDE_2.0.0/STM32CubeIDE/plugins/com.st.stm32cube.ide.mcu.externaltools.gnu-tools-for-stm32.14.3.rel1.win32_1.0.100.202602081740/tools/bin/../lib/gcc/arm-none-eabi/14.3.1/thumb/v7e-m+fp/hard/crtn.o
                0x08007a88                        . = ALIGN (0x4)
                0x08007a88                        _etext = .

.vfp11_veneer   0x08007a88        0x0
 .vfp11_veneer  0x08007a88        0x0 linker stubs

.v4_bx          0x08007a88        0x0
 .v4_bx         0x08007a88        0x0 linker stubs

.iplt           0x08007a88        0x0
 .iplt          0x08007a88        0x0 C:/ST/STM32CubeIDE_2.0.0/STM32CubeIDE/plugins/com.st.stm32cube.ide.mcu.externaltools.gnu-tools-for-stm32.14.3.rel1.win32_1.0.100.202602081740/tools/bin/../lib/gcc/arm-none-eabi/14.3.1/thumb/v7e-m+fp/hard/crtbegin.o

.rodata         0x08007a88       0x68
                0x08007a88                        . = ALIGN (0x4)
 *(.rodata)
 *(.rodata*)
 .rodata.currentRange
                0x08007a88       0x30 ./App/Src/type2.o
 .rodata.AHBPrescTable
                0x08007ab8       0x10 ./Core/Src/system_stm32f3xx.o
                0x08007ab8                AHBPrescTable
 .rodata.APBPrescTable
                0x08007ac8        0x8 ./Core/Src/system_stm32f3xx.o
                0x08007ac8                APBPrescTable
 .rodata.aPLLMULFactorTable
                0x08007ad0       0x10 ./Drivers/STM32F3xx_HAL_Driver/Src/stm32f3xx_hal_rcc.o
 .rodata.aPredivFactorTable
                0x08007ae0       0x10 ./Drivers/STM32F3xx_HAL_Driver/Src/stm32f3xx_hal_rcc.o
                0x08007af0                        . = ALIGN (0x4)

.ARM.extab      0x08007af0        0x0
                0x08007af0                        . = ALIGN (0x4)
 *(.ARM.extab* .gnu.linkonce.armextab.*)
                0x08007af0                        . = ALIGN (0x4)

.ARM            0x08007af0        0x8
                0x08007af0                        . = ALIGN (0x4)
                0x08007af0                        __exidx_start = .
 *(.ARM.exidx*)
 .ARM.exidx     0x08007af0        0x8 C:/ST/STM32CubeIDE_2.0.0/STM32CubeIDE/plugins/com.st.stm32cube.ide.mcu.externaltools.gnu-tools-for-stm32.14.3.rel1.win32_1.0.100.202602081740/tools/bin/../lib/gcc/arm-none-eabi/14.3.1/thumb/v7e-m+fp/hard\libgcc.a(_udivmoddi4.o)
                0x08007af8                        __exidx_end = .
                0x08007af8                        . = ALIGN (0x4)

.preinit_array  0x08007af8        0x0
                0x08007af8                        . = ALIGN (0x4)
                0x08007af8                        PROVIDE (__preinit_array_start = .)
 *(.preinit_array*)
                0x08007af8                        PROVIDE (__preinit_array_end = .)
                0x08007af8                        . = ALIGN (0x4)

.init_array     0x08007af8        0x4
                0x08007af8                        . = ALIGN (0x4)
                0x08007af8                        PROVIDE (__init_array_start = .)
 *(SORT_BY_NAME(.init_array.*))
 *(.init_array*)
 .init_array    0x08007af8        0x4 C:/ST/STM32CubeIDE_2.0.0/STM32CubeIDE/plugins/com.st.stm32cube.ide.mcu.externaltools.gnu-tools-for-stm32.14.3.rel1.win32_1.0.100.202602081740/tools/bin/../lib/gcc/arm-none-eabi/14.3.1/thumb/v7e-m+fp/hard/crtbegin.o
                0x08007afc                        PROVIDE (__init_array_end = .)
                0x08007afc                        . = ALIGN (0x4)

.fini_array     0x08007afc        0x4
                0x08007afc                        . = ALIGN (0x4)
                [!provide]                        PROVIDE (__fini_array_start = .)
 *(SORT_BY_NAME(.fini_array.*))
 *(.fini_array*)
 .fini_array    0x08007afc        0x4 C:/ST/STM32CubeIDE_2.0.0/STM32CubeIDE/plugins/com.st.stm32cube.ide.mcu.externaltools.gnu-tools-for-stm32.14.3.rel1.win32_1.0.100.202602081740/tools/bin/../lib/gcc/arm-none-eabi/14.3.1/thumb/v7e-m+fp/hard/crtbegin.o
                [!provide]                        PROVIDE (__fini_array_end = .)
                0x08007b00                        . = ALIGN (0x4)
                0x08007b00                        _sidata = LOADADDR (.data)

.rel.dyn        0x08007b00        0x0
 .rel.iplt      0x08007b00        0x0 C:/ST/STM32CubeIDE_2.0.0/STM32CubeIDE/plugins/com.st.stm32cube.ide.mcu.externaltools.gnu-tools-for-stm32.14.3.rel1.win32_1.0.100.202602081740/tools/bin/../lib/gcc/arm-none-eabi/14.3.1/thumb/v7e-m+fp/hard/crtbegin.o

.data           0x20000000       0x90 load address 0x08007b00
                0x20000000                        . = ALIGN (0x4)
                0x20000000                        _sdata = .
 *(.data)
 *(.data*)
 .data.ADC_CONVERTED_CHANNELS
                0x20000000        0x4 ./App/EKO_DRIVERS/Src/adc_driver.o
 .data.ADC_RANKS_REGS
                0x20000004       0x40 ./App/EKO_DRIVERS/Src/adc_driver.o
 .data.ADC_RANKS_BITPOS
                0x20000044       0x40 ./App/EKO_DRIVERS/Src/adc_driver.o
 .data.SystemCoreClock
                0x20000084        0x4 ./Core/Src/system_stm32f3xx.o
                0x20000084                SystemCoreClock
 .data.uwTickPrio
                0x20000088        0x4 ./Drivers/STM32F3xx_HAL_Driver/Src/stm32f3xx_hal.o
                0x20000088                uwTickPrio
 .data.uwTickFreq
                0x2000008c        0x1 ./Drivers/STM32F3xx_HAL_Driver/Src/stm32f3xx_hal.o
                0x2000008c                uwTickFreq
 *(.RamFunc)
 *(.RamFunc*)
                0x20000090                        . = ALIGN (0x4)
 *fill*         0x2000008d        0x3 
                0x20000090                        _edata = .
                0x08007b90                        _siccmram = LOADADDR (.ccmram)

.igot.plt       0x20000090        0x0 load address 0x08007b90
 .igot.plt      0x20000090        0x0 C:/ST/STM32CubeIDE_2.0.0/STM32CubeIDE/plugins/com.st.stm32cube.ide.mcu.externaltools.gnu-tools-for-stm32.14.3.rel1.win32_1.0.100.202602081740/tools/bin/../lib/gcc/arm-none-eabi/14.3.1/thumb/v7e-m+fp/hard/crtbegin.o

.ccmram         0x10000000        0x0 load address 0x08007b90
                0x10000000                        . = ALIGN (0x4)
                0x10000000                        _sccmram = .
 *(.ccmram)
 *(.ccmram*)
                0x10000000                        . = ALIGN (0x4)
                0x10000000                        _eccmram = .
                0x10000000                        . = ALIGN (0x4)

.bss            0x20000090      0x764
                0x20000090                        _sbss = .
                0x20000090                        __bss_start__ = _sbss
 *(.bss)
 .bss           0x20000090       0x1c C:/ST/STM32CubeIDE_2.0.0/STM32CubeIDE/plugins/com.st.stm32cube.ide.mcu.externaltools.gnu-tools-for-stm32.14.3.rel1.win32_1.0.100.202602081740/tools/bin/../lib/gcc/arm-none-eabi/14.3.1/thumb/v7e-m+fp/hard/crtbegin.o
 *(.bss*)
 .bss.maxChargerCurrent
                0x200000ac        0x4 ./App/Src/app.o
 .bss.Type2_state
                0x200000b0        0x1 ./App/Src/app.o
 *fill*         0x200000b1        0x3 
 .bss.CAN_buffer
                0x200000b4      0x508 ./App/Src/app.o
 .bss.ADC_buffer
                0x200005bc       0x24 ./App/Src/app.o
 .bss.ADC_channels
                0x200005e0        0x1 ./App/Src/app.o
 *fill*         0x200005e1        0x3 
 .bss.PWM_sig   0x200005e4       0x24 ./App/Src/app.o
 .bss.phaseStatus
                0x20000608        0x1 ./App/Src/app.o
 *fill*         0x20000609        0x3 
 .bss.hadc1     0x2000060c       0x50 ./Core/Src/adc.o
                0x2000060c                hadc1
 .bss.hcan      0x2000065c       0x28 ./Core/Src/can.o
                0x2000065c                hcan
 .bss.htim1     0x20000684       0x4c ./Core/Src/tim.o
                0x20000684                htim1
 .bss.htim2     0x200006d0       0x4c ./Core/Src/tim.o
                0x200006d0                htim2
 .bss.htim3     0x2000071c       0x4c ./Core/Src/tim.o
                0x2000071c                htim3
 .bss.huart1    0x20000768       0x88 ./Core/Src/usart.o
                0x20000768                huart1
 .bss.uwTick    0x200007f0        0x4 ./Drivers/STM32F3xx_HAL_Driver/Src/stm32f3xx_hal.o
                0x200007f0                uwTick
 *(COMMON)
                0x200007f4                        . = ALIGN (0x4)
                0x200007f4                        _ebss = .
                0x200007f4                        __bss_end__ = _ebss

._user_heap_stack
                0x200007f4      0x604
                0x200007f8                        . = ALIGN (0x8)
 *fill*         0x200007f4        0x4 
                [!provide]                        PROVIDE (end = .)
                0x200007f8                        PROVIDE (_end = .)
                0x200009f8                        . = (. + _Min_Heap_Size)
 *fill*         0x200007f8      0x200 
                0x20000df8                        . = (. + _Min_Stack_Size)
 *fill*         0x200009f8      0x400 
                0x20000df8                        . = ALIGN (0x8)

/DISCARD/
 libc.a(*)
 libm.a(*)
 libgcc.a(*)

.ARM.attributes
                0x00000000       0x30
 *(.ARM.attributes)
 .ARM.attributes
                0x00000000       0x22 C:/ST/STM32CubeIDE_2.0.0/STM32CubeIDE/plugins/com.st.stm32cube.ide.mcu.externaltools.gnu-tools-for-stm32.14.3.rel1.win32_1.0.100.202602081740/tools/bin/../lib/gcc/arm-none-eabi/14.3.1/thumb/v7e-m+fp/hard/crti.o
 .ARM.attributes
                0x00000022       0x34 C:/ST/STM32CubeIDE_2.0.0/STM32CubeIDE/plugins/com.st.stm32cube.ide.mcu.externaltools.gnu-tools-for-stm32.14.3.rel1.win32_1.0.100.202602081740/tools/bin/../lib/gcc/arm-none-eabi/14.3.1/thumb/v7e-m+fp/hard/crtbegin.o
 .ARM.attributes
                0x00000056       0x34 ./App/EKO_DRIVERS/Src/adc_driver.o
 .ARM.attributes
                0x0000008a       0x34 ./App/EKO_DRIVERS/Src/can_driver.o
 .ARM.attributes
                0x000000be       0x34 ./App/EKO_DRIVERS/Src/pwm_driver.o
 .ARM.attributes
                0x000000f2       0x34 ./App/Src/app.o
 .ARM.attributes
                0x00000126       0x34 ./App/Src/type2.o
 .ARM.attributes
                0x0000015a       0x34 ./Core/Src/adc.o
 .ARM.attributes
                0x0000018e       0x34 ./Core/Src/can.o
 .ARM.attributes
                0x000001c2       0x34 ./Core/Src/gpio.o
 .ARM.attributes
                0x000001f6       0x34 ./Core/Src/main.o
 .ARM.attributes
                0x0000022a       0x34 ./Core/Src/stm32f3xx_hal_msp.o
 .ARM.attributes
                0x0000025e       0x34 ./Core/Src/stm32f3xx_it.o
 .ARM.attributes
                0x00000292       0x34 ./Core/Src/system_stm32f3xx.o
 .ARM.attributes
                0x000002c6       0x34 ./Core/Src/tim.o
 .ARM.attributes
                0x000002fa       0x34 ./Core/Src/usart.o
 .ARM.attributes
                0x0000032e       0x21 ./Core/Startup/startup_stm32f303k8tx.o
 .ARM.attributes
                0x0000034f       0x34 ./Drivers/STM32F3xx_HAL_Driver/Src/stm32f3xx_hal.o
 .ARM.attributes
                0x00000383       0x34 ./Drivers/STM32F3xx_HAL_Driver/Src/stm32f3xx_hal_adc.o
 .ARM.attributes
                0x000003b7       0x34 ./Drivers/STM32F3xx_HAL_Driver/Src/stm32f3xx_hal_adc_ex.o
 .ARM.attributes
                0x000003eb       0x34 ./Drivers/STM32F3xx_HAL_Driver/Src/stm32f3xx_hal_can.o
 .ARM.attributes
                0x0000041f       0x34 ./Drivers/STM32F3xx_HAL_Driver/Src/stm32f3xx_hal_cortex.o
 .ARM.attributes
                0x00000453       0x34 ./Drivers/STM32F3xx_HAL_Driver/Src/stm32f3xx_hal_dma.o
 .ARM.attributes
                0x00000487       0x34 ./Drivers/STM32F3xx_HAL_Driver/Src/stm32f3xx_hal_gpio.o
 .ARM.attributes
                0x000004bb       0x34 ./Drivers/STM32F3xx_HAL_Driver/Src/stm32f3xx_hal_rcc.o
 .ARM.attributes
                0x000004ef       0x34 ./Drivers/STM32F3xx_HAL_Driver/Src/stm32f3xx_hal_rcc_ex.o
 .ARM.attributes
                0x00000523       0x34 ./Drivers/STM32F3xx_HAL_Driver/Src/stm32f3xx_hal_tim.o
 .ARM.attributes
                0x00000557       0x34 ./Drivers/STM32F3xx_HAL_Driver/Src/stm32f3xx_hal_tim_ex.o
 .ARM.attributes
                0x0000058b       0x34 ./Drivers/STM32F3xx_HAL_Driver/Src/stm32f3xx_hal_uart.o
 .ARM.attributes
                0x000005bf       0x34 C:/ST/STM32CubeIDE_2.0.0/STM32CubeIDE/plugins/com.st.stm32cube.ide.mcu.externaltools.gnu-tools-for-stm32.14.3.rel1.win32_1.0.100.202602081740/tools/bin/../lib/gcc/arm-none-eabi/14.3.1/../../../../arm-none-eabi/lib/thumb/v7e-m+fp/hard\libc_nano.a(libc_a-memset.o)
 .ARM.attributes
                0x000005f3       0x34 C:/ST/STM32CubeIDE_2.0.0/STM32CubeIDE/plugins/com.st.stm32cube.ide.mcu.externaltools.gnu-tools-for-stm32.14.3.rel1.win32_1.0.100.202602081740/tools/bin/../lib/gcc/arm-none-eabi/14.3.1/../../../../arm-none-eabi/lib/thumb/v7e-m+fp/hard\libc_nano.a(libc_a-init.o)
 .ARM.attributes
                0x00000627       0x22 C:/ST/STM32CubeIDE_2.0.0/STM32CubeIDE/plugins/com.st.stm32cube.ide.mcu.externaltools.gnu-tools-for-stm32.14.3.rel1.win32_1.0.100.202602081740/tools/bin/../lib/gcc/arm-none-eabi/14.3.1/thumb/v7e-m+fp/hard\libgcc.a(_arm_muldf3.o)
 .ARM.attributes
                0x00000649       0x22 C:/ST/STM32CubeIDE_2.0.0/STM32CubeIDE/plugins/com.st.stm32cube.ide.mcu.externaltools.gnu-tools-for-stm32.14.3.rel1.win32_1.0.100.202602081740/tools/bin/../lib/gcc/arm-none-eabi/14.3.1/thumb/v7e-m+fp/hard\libgcc.a(_arm_addsubdf3.o)
 .ARM.attributes
                0x0000066b       0x22 C:/ST/STM32CubeIDE_2.0.0/STM32CubeIDE/plugins/com.st.stm32cube.ide.mcu.externaltools.gnu-tools-for-stm32.14.3.rel1.win32_1.0.100.202602081740/tools/bin/../lib/gcc/arm-none-eabi/14.3.1/thumb/v7e-m+fp/hard\libgcc.a(_arm_truncdfsf2.o)
 .ARM.attributes
                0x0000068d       0x22 C:/ST/STM32CubeIDE_2.0.0/STM32CubeIDE/plugins/com.st.stm32cube.ide.mcu.externaltools.gnu-tools-for-stm32.14.3.rel1.win32_1.0.100.202602081740/tools/bin/../lib/gcc/arm-none-eabi/14.3.1/thumb/v7e-m+fp/hard\libgcc.a(_aeabi_uldivmod.o)
 .ARM.attributes
                0x000006af       0x34 C:/ST/STM32CubeIDE_2.0.0/STM32CubeIDE/plugins/com.st.stm32cube.ide.mcu.externaltools.gnu-tools-for-stm32.14.3.rel1.win32_1.0.100.202602081740/tools/bin/../lib/gcc/arm-none-eabi/14.3.1/thumb/v7e-m+fp/hard\libgcc.a(_udivmoddi4.o)
 .ARM.attributes
                0x000006e3       0x22 C:/ST/STM32CubeIDE_2.0.0/STM32CubeIDE/plugins/com.st.stm32cube.ide.mcu.externaltools.gnu-tools-for-stm32.14.3.rel1.win32_1.0.100.202602081740/tools/bin/../lib/gcc/arm-none-eabi/14.3.1/thumb/v7e-m+fp/hard\libgcc.a(_dvmd_tls.o)
 .ARM.attributes
                0x00000705       0x22 C:/ST/STM32CubeIDE_2.0.0/STM32CubeIDE/plugins/com.st.stm32cube.ide.mcu.externaltools.gnu-tools-for-stm32.14.3.rel1.win32_1.0.100.202602081740/tools/bin/../lib/gcc/arm-none-eabi/14.3.1/thumb/v7e-m+fp/hard/crtn.o
OUTPUT(RCD_F303.elf elf32-littlearm)
LOAD linker stubs
LOAD C:/ST/STM32CubeIDE_2.0.0/STM32CubeIDE/plugins/com.st.stm32cube.ide.mcu.externaltools.gnu-tools-for-stm32.14.3.rel1.win32_1.0.100.202602081740/tools/bin/../lib/gcc/arm-none-eabi/14.3.1/../../../../arm-none-eabi/lib/thumb/v7e-m+fp/hard\libc.a
LOAD C:/ST/STM32CubeIDE_2.0.0/STM32CubeIDE/plugins/com.st.stm32cube.ide.mcu.externaltools.gnu-tools-for-stm32.14.3.rel1.win32_1.0.100.202602081740/tools/bin/../lib/gcc/arm-none-eabi/14.3.1/../../../../arm-none-eabi/lib/thumb/v7e-m+fp/hard\libm.a
LOAD C:/ST/STM32CubeIDE_2.0.0/STM32CubeIDE/plugins/com.st.stm32cube.ide.mcu.externaltools.gnu-tools-for-stm32.14.3.rel1.win32_1.0.100.202602081740/tools/bin/../lib/gcc/arm-none-eabi/14.3.1/thumb/v7e-m+fp/hard\libgcc.a

.debug_info     0x00000000    0x15925
 .debug_info    0x00000000      0xc65 ./App/EKO_DRIVERS/Src/adc_driver.o
 .debug_info    0x00000c65      0x878 ./App/EKO_DRIVERS/Src/can_driver.o
 .debug_info    0x000014dd      0x7f3 ./App/EKO_DRIVERS/Src/pwm_driver.o
 .debug_info    0x00001cd0     0x1500 ./App/Src/app.o
 .debug_info    0x000031d0      0x1f8 ./App/Src/type2.o
 .debug_info    0x000033c8      0xa75 ./Core/Src/adc.o
 .debug_info    0x00003e3d      0x8e8 ./Core/Src/can.o
 .debug_info    0x00004725      0x305 ./Core/Src/gpio.o
 .debug_info    0x00004a2a      0x45f ./Core/Src/main.o
 .debug_info    0x00004e89      0x18d ./Core/Src/stm32f3xx_hal_msp.o
 .debug_info    0x00005016      0xabf ./Core/Src/stm32f3xx_it.o
 .debug_info    0x00005ad5      0x407 ./Core/Src/system_stm32f3xx.o
 .debug_info    0x00005edc      0xe81 ./Core/Src/tim.o
 .debug_info    0x00006d5d      0x91d ./Core/Src/usart.o
 .debug_info    0x0000767a       0x30 ./Core/Startup/startup_stm32f303k8tx.o
 .debug_info    0x000076aa      0x74a ./Drivers/STM32F3xx_HAL_Driver/Src/stm32f3xx_hal.o
 .debug_info    0x00007df4      0xb32 ./Drivers/STM32F3xx_HAL_Driver/Src/stm32f3xx_hal_adc.o
 .debug_info    0x00008926     0x15b2 ./Drivers/STM32F3xx_HAL_Driver/Src/stm32f3xx_hal_adc_ex.o
 .debug_info    0x00009ed8      0xf02 ./Drivers/STM32F3xx_HAL_Driver/Src/stm32f3xx_hal_can.o
 .debug_info    0x0000adda      0xa87 ./Drivers/STM32F3xx_HAL_Driver/Src/stm32f3xx_hal_cortex.o
 .debug_info    0x0000b861      0x6e1 ./Drivers/STM32F3xx_HAL_Driver/Src/stm32f3xx_hal_dma.o
 .debug_info    0x0000bf42      0x6a6 ./Drivers/STM32F3xx_HAL_Driver/Src/stm32f3xx_hal_gpio.o
 .debug_info    0x0000c5e8     0x148a ./Drivers/STM32F3xx_HAL_Driver/Src/stm32f3xx_hal_rcc.o
 .debug_info    0x0000da72      0x52e ./Drivers/STM32F3xx_HAL_Driver/Src/stm32f3xx_hal_rcc_ex.o
 .debug_info    0x0000dfa0     0x2a70 ./Drivers/STM32F3xx_HAL_Driver/Src/stm32f3xx_hal_tim.o
 .debug_info    0x00010a10     0x156d ./Drivers/STM32F3xx_HAL_Driver/Src/stm32f3xx_hal_tim_ex.o
 .debug_info    0x00011f7d     0x39a8 ./Drivers/STM32F3xx_HAL_Driver/Src/stm32f3xx_hal_uart.o

.debug_abbrev   0x00000000     0x3525
 .debug_abbrev  0x00000000      0x292 ./App/EKO_DRIVERS/Src/adc_driver.o
 .debug_abbrev  0x00000292      0x229 ./App/EKO_DRIVERS/Src/can_driver.o
 .debug_abbrev  0x000004bb      0x1a8 ./App/EKO_DRIVERS/Src/pwm_driver.o
 .debug_abbrev  0x00000663      0x2b1 ./App/Src/app.o
 .debug_abbrev  0x00000914      0x106 ./App/Src/type2.o
 .debug_abbrev  0x00000a1a      0x205 ./Core/Src/adc.o
 .debug_abbrev  0x00000c1f      0x207 ./Core/Src/can.o
 .debug_abbrev  0x00000e26      0x151 ./Core/Src/gpio.o
 .debug_abbrev  0x00000f77      0x1a6 ./Core/Src/main.o
 .debug_abbrev  0x0000111d       0xc6 ./Core/Src/stm32f3xx_hal_msp.o
 .debug_abbrev  0x000011e3      0x1da ./Core/Src/stm32f3xx_it.o
 .debug_abbrev  0x000013bd      0x11a ./Core/Src/system_stm32f3xx.o
 .debug_abbrev  0x000014d7      0x254 ./Core/Src/tim.o
 .debug_abbrev  0x0000172b      0x1f5 ./Core/Src/usart.o
 .debug_abbrev  0x00001920       0x24 ./Core/Startup/startup_stm32f303k8tx.o
 .debug_abbrev  0x00001944      0x215 ./Drivers/STM32F3xx_HAL_Driver/Src/stm32f3xx_hal.o
 .debug_abbrev  0x00001b59      0x186 ./Drivers/STM32F3xx_HAL_Driver/Src/stm32f3xx_hal_adc.o
 .debug_abbrev  0x00001cdf      0x28e ./Drivers/STM32F3xx_HAL_Driver/Src/stm32f3xx_hal_adc_ex.o
 .debug_abbrev  0x00001f6d      0x1fc ./Drivers/STM32F3xx_HAL_Driver/Src/stm32f3xx_hal_can.o
 .debug_abbrev  0x00002169      0x2f8 ./Drivers/STM32F3xx_HAL_Driver/Src/stm32f3xx_hal_cortex.o
 .debug_abbrev  0x00002461      0x20d ./Drivers/STM32F3xx_HAL_Driver/Src/stm32f3xx_hal_dma.o
 .debug_abbrev  0x0000266e      0x1ca ./Drivers/STM32F3xx_HAL_Driver/Src/stm32f3xx_hal_gpio.o
 .debug_abbrev  0x00002838      0x300 ./Drivers/STM32F3xx_HAL_Driver/Src/stm32f3xx_hal_rcc.o
 .debug_abbrev  0x00002b38      0x221 ./Drivers/STM32F3xx_HAL_Driver/Src/stm32f3xx_hal_rcc_ex.o
 .debug_abbrev  0x00002d59      0x278 ./Drivers/STM32F3xx_HAL_Driver/Src/stm32f3xx_hal_tim.o
 .debug_abbrev  0x00002fd1      0x283 ./Drivers/STM32F3xx_HAL_Driver/Src/stm32f3xx_hal_tim_ex.o
 .debug_abbrev  0x00003254      0x2d1 ./Drivers/STM32F3xx_HAL_Driver/Src/stm32f3xx_hal_uart.o

.debug_aranges  0x00000000     0x11a8
 .debug_aranges
                0x00000000       0x58 ./App/EKO_DRIVERS/Src/adc_driver.o
 .debug_aranges
                0x00000058       0x38 ./App/EKO_DRIVERS/Src/can_driver.o
 .debug_aranges
                0x00000090       0x28 ./App/EKO_DRIVERS/Src/pwm_driver.o
 .debug_aranges
                0x000000b8       0x40 ./App/Src/app.o
 .debug_aranges
                0x000000f8       0x30 ./App/Src/type2.o
 .debug_aranges
                0x00000128       0x30 ./Core/Src/adc.o
 .debug_aranges
                0x00000158       0x30 ./Core/Src/can.o
 .debug_aranges
                0x00000188       0x20 ./Core/Src/gpio.o
 .debug_aranges
                0x000001a8       0x30 ./Core/Src/main.o
 .debug_aranges
                0x000001d8       0x20 ./Core/Src/stm32f3xx_hal_msp.o
 .debug_aranges
                0x000001f8       0x78 ./Core/Src/stm32f3xx_it.o
 .debug_aranges
                0x00000270       0x28 ./Core/Src/system_stm32f3xx.o
 .debug_aranges
                0x00000298       0x50 ./Core/Src/tim.o
 .debug_aranges
                0x000002e8       0x30 ./Core/Src/usart.o
 .debug_aranges
                0x00000318       0x28 ./Core/Startup/startup_stm32f303k8tx.o
 .debug_aranges
                0x00000340       0xe0 ./Drivers/STM32F3xx_HAL_Driver/Src/stm32f3xx_hal.o
 .debug_aranges
                0x00000420       0xc8 ./Drivers/STM32F3xx_HAL_Driver/Src/stm32f3xx_hal_adc.o
 .debug_aranges
                0x000004e8      0x168 ./Drivers/STM32F3xx_HAL_Driver/Src/stm32f3xx_hal_adc_ex.o
 .debug_aranges
                0x00000650      0x138 ./Drivers/STM32F3xx_HAL_Driver/Src/stm32f3xx_hal_can.o
 .debug_aranges
                0x00000788      0x100 ./Drivers/STM32F3xx_HAL_Driver/Src/stm32f3xx_hal_cortex.o
 .debug_aranges
                0x00000888       0x88 ./Drivers/STM32F3xx_HAL_Driver/Src/stm32f3xx_hal_dma.o
 .debug_aranges
                0x00000910       0x58 ./Drivers/STM32F3xx_HAL_Driver/Src/stm32f3xx_hal_gpio.o
 .debug_aranges
                0x00000968       0x88 ./Drivers/STM32F3xx_HAL_Driver/Src/stm32f3xx_hal_rcc.o
 .debug_aranges
                0x000009f0       0x38 ./Drivers/STM32F3xx_HAL_Driver/Src/stm32f3xx_hal_rcc_ex.o
 .debug_aranges
                0x00000a28      0x3e0 ./Drivers/STM32F3xx_HAL_Driver/Src/stm32f3xx_hal_tim.o
 .debug_aranges
                0x00000e08      0x178 ./Drivers/STM32F3xx_HAL_Driver/Src/stm32f3xx_hal_tim_ex.o
 .debug_aranges
                0x00000f80      0x228 ./Drivers/STM32F3xx_HAL_Driver/Src/stm32f3xx_hal_uart.o

.debug_rnglists
                0x00000000      0xdab
 .debug_rnglists
                0x00000000       0x42 ./App/EKO_DRIVERS/Src/adc_driver.o
 .debug_rnglists
                0x00000042       0x28 ./App/EKO_DRIVERS/Src/can_driver.o
 .debug_rnglists
                0x0000006a       0x1a ./App/EKO_DRIVERS/Src/pwm_driver.o
 .debug_rnglists
                0x00000084       0x2f ./App/Src/app.o
 .debug_rnglists
                0x000000b3       0x22 ./App/Src/type2.o
 .debug_rnglists
                0x000000d5       0x20 ./Core/Src/adc.o
 .debug_rnglists
                0x000000f5       0x20 ./Core/Src/can.o
 .debug_rnglists
                0x00000115       0x14 ./Core/Src/gpio.o
 .debug_rnglists
                0x00000129       0x20 ./Core/Src/main.o
 .debug_rnglists
                0x00000149       0x13 ./Core/Src/stm32f3xx_hal_msp.o
 .debug_rnglists
                0x0000015c       0x55 ./Core/Src/stm32f3xx_it.o
 .debug_rnglists
                0x000001b1       0x1a ./Core/Src/system_stm32f3xx.o
 .debug_rnglists
                0x000001cb       0x3c ./Core/Src/tim.o
 .debug_rnglists
                0x00000207       0x20 ./Core/Src/usart.o
 .debug_rnglists
                0x00000227       0x19 ./Core/Startup/startup_stm32f303k8tx.o
 .debug_rnglists
                0x00000240       0xa3 ./Drivers/STM32F3xx_HAL_Driver/Src/stm32f3xx_hal.o
 .debug_rnglists
                0x000002e3       0x91 ./Drivers/STM32F3xx_HAL_Driver/Src/stm32f3xx_hal_adc.o
 .debug_rnglists
                0x00000374      0x126 ./Drivers/STM32F3xx_HAL_Driver/Src/stm32f3xx_hal_adc_ex.o
 .debug_rnglists
                0x0000049a       0xee ./Drivers/STM32F3xx_HAL_Driver/Src/stm32f3xx_hal_can.o
 .debug_rnglists
                0x00000588       0xbb ./Drivers/STM32F3xx_HAL_Driver/Src/stm32f3xx_hal_cortex.o
 .debug_rnglists
                0x00000643       0x69 ./Drivers/STM32F3xx_HAL_Driver/Src/stm32f3xx_hal_dma.o
 .debug_rnglists
                0x000006ac       0x3f ./Drivers/STM32F3xx_HAL_Driver/Src/stm32f3xx_hal_gpio.o
 .debug_rnglists
                0x000006eb       0x66 ./Drivers/STM32F3xx_HAL_Driver/Src/stm32f3xx_hal_rcc.o
 .debug_rnglists
                0x00000751       0x27 ./Drivers/STM32F3xx_HAL_Driver/Src/stm32f3xx_hal_rcc_ex.o
 .debug_rnglists
                0x00000778      0x328 ./Drivers/STM32F3xx_HAL_Driver/Src/stm32f3xx_hal_tim.o
 .debug_rnglists
                0x00000aa0      0x131 ./Drivers/STM32F3xx_HAL_Driver/Src/stm32f3xx_hal_tim_ex.o
 .debug_rnglists
                0x00000bd1      0x1da ./Drivers/STM32F3xx_HAL_Driver/Src/stm32f3xx_hal_uart.o

.debug_macro    0x00000000    0x1e638
 .debug_macro   0x00000000      0x20f ./App/EKO_DRIVERS/Src/adc_driver.o
 .debug_macro   0x0000020f      0xad8 ./App/EKO_DRIVERS/Src/adc_driver.o
 .debug_macro   0x00000ce7      0x16a ./App/EKO_DRIVERS/Src/adc_driver.o
 .debug_macro   0x00000e51       0x2e ./App/EKO_DRIVERS/Src/adc_driver.o
 .debug_macro   0x00000e7f       0x28 ./App/EKO_DRIVERS/Src/adc_driver.o
 .debug_macro   0x00000ea7       0x22 ./App/EKO_DRIVERS/Src/adc_driver.o
 .debug_macro   0x00000ec9       0x8e ./App/EKO_DRIVERS/Src/adc_driver.o
 .debug_macro   0x00000f57       0x51 ./App/EKO_DRIVERS/Src/adc_driver.o
 .debug_macro   0x00000fa8      0x103 ./App/EKO_DRIVERS/Src/adc_driver.o
 .debug_macro   0x000010ab       0x6a ./App/EKO_DRIVERS/Src/adc_driver.o
 .debug_macro   0x00001115      0x1df ./App/EKO_DRIVERS/Src/adc_driver.o
 .debug_macro   0x000012f4       0x1c ./App/EKO_DRIVERS/Src/adc_driver.o
 .debug_macro   0x00001310       0x22 ./App/EKO_DRIVERS/Src/adc_driver.o
 .debug_macro   0x00001332       0xd9 ./App/EKO_DRIVERS/Src/adc_driver.o
 .debug_macro   0x0000140b      0xf07 ./App/EKO_DRIVERS/Src/adc_driver.o
 .debug_macro   0x00002312    0x10be0 ./App/EKO_DRIVERS/Src/adc_driver.o
 .debug_macro   0x00012ef2       0x6d ./App/EKO_DRIVERS/Src/adc_driver.o
 .debug_macro   0x00012f5f     0x3574 ./App/EKO_DRIVERS/Src/adc_driver.o
 .debug_macro   0x000164d3      0x190 ./App/EKO_DRIVERS/Src/adc_driver.o
 .debug_macro   0x00016663       0x55 ./App/EKO_DRIVERS/Src/adc_driver.o
 .debug_macro   0x000166b8      0x8f8 ./App/EKO_DRIVERS/Src/adc_driver.o
 .debug_macro   0x00016fb0      0x304 ./App/EKO_DRIVERS/Src/adc_driver.o
 .debug_macro   0x000172b4      0x1b5 ./App/EKO_DRIVERS/Src/adc_driver.o
 .debug_macro   0x00017469      0x11b ./App/EKO_DRIVERS/Src/adc_driver.o
 .debug_macro   0x00017584      0x1d5 ./App/EKO_DRIVERS/Src/adc_driver.o
 .debug_macro   0x00017759      0x1bc ./App/EKO_DRIVERS/Src/adc_driver.o
 .debug_macro   0x00017915       0x34 ./App/EKO_DRIVERS/Src/adc_driver.o
 .debug_macro   0x00017949       0x3c ./App/EKO_DRIVERS/Src/adc_driver.o
 .debug_macro   0x00017985       0x57 ./App/EKO_DRIVERS/Src/adc_driver.o
 .debug_macro   0x000179dc      0x87d ./App/EKO_DRIVERS/Src/adc_driver.o
 .debug_macro   0x00018259       0x77 ./App/EKO_DRIVERS/Src/adc_driver.o
 .debug_macro   0x000182d0      0x408 ./App/EKO_DRIVERS/Src/adc_driver.o
 .debug_macro   0x000186d8       0xc5 ./App/EKO_DRIVERS/Src/adc_driver.o
 .debug_macro   0x0001879d      0x19f ./App/EKO_DRIVERS/Src/adc_driver.o
 .debug_macro   0x0001893c      0x22c ./App/EKO_DRIVERS/Src/adc_driver.o
 .debug_macro   0x00018b68       0x5b ./App/EKO_DRIVERS/Src/adc_driver.o
 .debug_macro   0x00018bc3       0xa5 ./App/EKO_DRIVERS/Src/adc_driver.o
 .debug_macro   0x00018c68       0x81 ./App/EKO_DRIVERS/Src/adc_driver.o
 .debug_macro   0x00018ce9       0xd3 ./App/EKO_DRIVERS/Src/adc_driver.o
 .debug_macro   0x00018dbc      0xa60 ./App/EKO_DRIVERS/Src/adc_driver.o
 .debug_macro   0x0001981c       0x59 ./App/EKO_DRIVERS/Src/adc_driver.o
 .debug_macro   0x00019875      0x5ba ./App/EKO_DRIVERS/Src/adc_driver.o
 .debug_macro   0x00019e2f       0x44 ./App/EKO_DRIVERS/Src/adc_driver.o
 .debug_macro   0x00019e73      0x285 ./App/EKO_DRIVERS/Src/adc_driver.o
 .debug_macro   0x0001a0f8       0xa0 ./App/EKO_DRIVERS/Src/adc_driver.o
 .debug_macro   0x0001a198       0x10 ./App/EKO_DRIVERS/Src/adc_driver.o
 .debug_macro   0x0001a1a8      0x154 ./App/EKO_DRIVERS/Src/adc_driver.o
 .debug_macro   0x0001a2fc      0x2ed ./App/EKO_DRIVERS/Src/can_driver.o
 .debug_macro   0x0001a5e9      0x1c7 ./App/EKO_DRIVERS/Src/can_driver.o
 .debug_macro   0x0001a7b0       0x61 ./App/EKO_DRIVERS/Src/can_driver.o
 .debug_macro   0x0001a811       0x2a ./App/EKO_DRIVERS/Src/can_driver.o
 .debug_macro   0x0001a83b       0x43 ./App/EKO_DRIVERS/Src/can_driver.o
 .debug_macro   0x0001a87e       0x34 ./App/EKO_DRIVERS/Src/can_driver.o
 .debug_macro   0x0001a8b2       0x16 ./App/EKO_DRIVERS/Src/can_driver.o
 .debug_macro   0x0001a8c8       0x3c ./App/EKO_DRIVERS/Src/can_driver.o
 .debug_macro   0x0001a904      0x364 ./App/EKO_DRIVERS/Src/can_driver.o
 .debug_macro   0x0001ac68       0x10 ./App/EKO_DRIVERS/Src/can_driver.o
 .debug_macro   0x0001ac78       0x16 ./App/EKO_DRIVERS/Src/can_driver.o
 .debug_macro   0x0001ac8e       0x4a ./App/EKO_DRIVERS/Src/can_driver.o
 .debug_macro   0x0001acd8       0x34 ./App/EKO_DRIVERS/Src/can_driver.o
 .debug_macro   0x0001ad0c       0x10 ./App/EKO_DRIVERS/Src/can_driver.o
 .debug_macro   0x0001ad1c       0x58 ./App/EKO_DRIVERS/Src/can_driver.o
 .debug_macro   0x0001ad74       0x8e ./App/EKO_DRIVERS/Src/can_driver.o
 .debug_macro   0x0001ae02       0x1c ./App/EKO_DRIVERS/Src/can_driver.o
 .debug_macro   0x0001ae1e      0x17e ./App/EKO_DRIVERS/Src/can_driver.o
 .debug_macro   0x0001af9c       0x16 ./App/EKO_DRIVERS/Src/can_driver.o
 .debug_macro   0x0001afb2       0x16 ./App/EKO_DRIVERS/Src/can_driver.o
 .debug_macro   0x0001afc8      0x146 ./App/EKO_DRIVERS/Src/can_driver.o
 .debug_macro   0x0001b10e       0x1c ./App/EKO_DRIVERS/Src/can_driver.o
 .debug_macro   0x0001b12a      0x34d ./App/EKO_DRIVERS/Src/pwm_driver.o
 .debug_macro   0x0001b477      0x19b ./App/EKO_DRIVERS/Src/pwm_driver.o
 .debug_macro   0x0001b612       0x22 ./App/EKO_DRIVERS/Src/pwm_driver.o
 .debug_macro   0x0001b634       0x16 ./App/EKO_DRIVERS/Src/pwm_driver.o
 .debug_macro   0x0001b64a       0x16 ./App/EKO_DRIVERS/Src/pwm_driver.o
 .debug_macro   0x0001b660       0x29 ./App/EKO_DRIVERS/Src/pwm_driver.o
 .debug_macro   0x0001b689       0x16 ./App/EKO_DRIVERS/Src/pwm_driver.o
 .debug_macro   0x0001b69f       0x20 ./App/EKO_DRIVERS/Src/pwm_driver.o
 .debug_macro   0x0001b6bf       0x1c ./App/EKO_DRIVERS/Src/pwm_driver.o
 .debug_macro   0x0001b6db       0x1c ./App/EKO_DRIVERS/Src/pwm_driver.o
 .debug_macro   0x0001b6f7      0x34b ./App/Src/app.o
 .debug_macro   0x0001ba42       0x1c ./App/Src/app.o
 .debug_macro   0x0001ba5e       0x22 ./App/Src/app.o
 .debug_macro   0x0001ba80      0x216 ./App/Src/type2.o
 .debug_macro   0x0001bc96      0x201 ./Core/Src/adc.o
 .debug_macro   0x0001be97      0x201 ./Core/Src/can.o
 .debug_macro   0x0001c098      0x201 ./Core/Src/gpio.o
 .debug_macro   0x0001c299      0x236 ./Core/Src/main.o
 .debug_macro   0x0001c4cf      0x1f7 ./Core/Src/stm32f3xx_hal_msp.o
 .debug_macro   0x0001c6c6      0x201 ./Core/Src/stm32f3xx_it.o
 .debug_macro   0x0001c8c7      0x1e8 ./Core/Src/system_stm32f3xx.o
 .debug_macro   0x0001caaf      0x201 ./Core/Src/tim.o
 .debug_macro   0x0001ccb0      0x201 ./Core/Src/usart.o
 .debug_macro   0x0001ceb1      0x20c ./Drivers/STM32F3xx_HAL_Driver/Src/stm32f3xx_hal.o
 .debug_macro   0x0001d0bd      0x1e9 ./Drivers/STM32F3xx_HAL_Driver/Src/stm32f3xx_hal_adc.o
 .debug_macro   0x0001d2a6      0x212 ./Drivers/STM32F3xx_HAL_Driver/Src/stm32f3xx_hal_adc_ex.o
 .debug_macro   0x0001d4b8      0x1f7 ./Drivers/STM32F3xx_HAL_Driver/Src/stm32f3xx_hal_can.o
 .debug_macro   0x0001d6af      0x1e8 ./Drivers/STM32F3xx_HAL_Driver/Src/stm32f3xx_hal_cortex.o
 .debug_macro   0x0001d897      0x1e8 ./Drivers/STM32F3xx_HAL_Driver/Src/stm32f3xx_hal_dma.o
 .debug_macro   0x0001da7f      0x1ef ./Drivers/STM32F3xx_HAL_Driver/Src/stm32f3xx_hal_gpio.o
 .debug_macro   0x0001dc6e      0x20c ./Drivers/STM32F3xx_HAL_Driver/Src/stm32f3xx_hal_rcc.o
 .debug_macro   0x0001de7a      0x1e8 ./Drivers/STM32F3xx_HAL_Driver/Src/stm32f3xx_hal_rcc_ex.o
 .debug_macro   0x0001e062      0x1e9 ./Drivers/STM32F3xx_HAL_Driver/Src/stm32f3xx_hal_tim.o
 .debug_macro   0x0001e24b      0x1e8 ./Drivers/STM32F3xx_HAL_Driver/Src/stm32f3xx_hal_tim_ex.o
 .debug_macro   0x0001e433      0x205 ./Drivers/STM32F3xx_HAL_Driver/Src/stm32f3xx_hal_uart.o

.debug_line     0x00000000    0x19258
 .debug_line    0x00000000      0xc5f ./App/EKO_DRIVERS/Src/adc_driver.o
 .debug_line    0x00000c5f      0xb49 ./App/EKO_DRIVERS/Src/can_driver.o
 .debug_line    0x000017a8      0xa6e ./App/EKO_DRIVERS/Src/pwm_driver.o
 .debug_line    0x00002216      0xb38 ./App/Src/app.o
 .debug_line    0x00002d4e      0x8b3 ./App/Src/type2.o
 .debug_line    0x00003601      0x856 ./Core/Src/adc.o
 .debug_line    0x00003e57      0x823 ./Core/Src/can.o
 .debug_line    0x0000467a      0x7de ./Core/Src/gpio.o
 .debug_line    0x00004e58      0x8a2 ./Core/Src/main.o
 .debug_line    0x000056fa      0x7ae ./Core/Src/stm32f3xx_hal_msp.o
 .debug_line    0x00005ea8      0x8a5 ./Core/Src/stm32f3xx_it.o
 .debug_line    0x0000674d      0x828 ./Core/Src/system_stm32f3xx.o
 .debug_line    0x00006f75      0xa62 ./Core/Src/tim.o
 .debug_line    0x000079d7      0x822 ./Core/Src/usart.o
 .debug_line    0x000081f9       0x7a ./Core/Startup/startup_stm32f303k8tx.o
 .debug_line    0x00008273      0xa67 ./Drivers/STM32F3xx_HAL_Driver/Src/stm32f3xx_hal.o
 .debug_line    0x00008cda      0x99e ./Drivers/STM32F3xx_HAL_Driver/Src/stm32f3xx_hal_adc.o
 .debug_line    0x00009678     0x200d ./Drivers/STM32F3xx_HAL_Driver/Src/stm32f3xx_hal_adc_ex.o
 .debug_line    0x0000b685     0x1255 ./Drivers/STM32F3xx_HAL_Driver/Src/stm32f3xx_hal_can.o
 .debug_line    0x0000c8da      0xc28 ./Drivers/STM32F3xx_HAL_Driver/Src/stm32f3xx_hal_cortex.o
 .debug_line    0x0000d502      0xd2e ./Drivers/STM32F3xx_HAL_Driver/Src/stm32f3xx_hal_dma.o
 .debug_line    0x0000e230      0xb9b ./Drivers/STM32F3xx_HAL_Driver/Src/stm32f3xx_hal_gpio.o
 .debug_line    0x0000edcb     0x15c3 ./Drivers/STM32F3xx_HAL_Driver/Src/stm32f3xx_hal_rcc.o
 .debug_line    0x0001038e      0xb24 ./Drivers/STM32F3xx_HAL_Driver/Src/stm32f3xx_hal_rcc_ex.o
 .debug_line    0x00010eb2     0x3d35 ./Drivers/STM32F3xx_HAL_Driver/Src/stm32f3xx_hal_tim.o
 .debug_line    0x00014be7     0x1a23 ./Drivers/STM32F3xx_HAL_Driver/Src/stm32f3xx_hal_tim_ex.o
 .debug_line    0x0001660a     0x2c4e ./Drivers/STM32F3xx_HAL_Driver/Src/stm32f3xx_hal_uart.o

.debug_str      0x00000000    0xb09bd
 .debug_str     0x00000000    0xb09bd ./App/EKO_DRIVERS/Src/adc_driver.o
                              0xa75bb (size before relaxing)
 .debug_str     0x000b09bd    0xaacce ./App/EKO_DRIVERS/Src/can_driver.o
 .debug_str     0x000b09bd    0xaadb9 ./App/EKO_DRIVERS/Src/pwm_driver.o
 .debug_str     0x000b09bd    0xac757 ./App/Src/app.o
 .debug_str     0x000b09bd    0xa683b ./App/Src/type2.o
 .debug_str     0x000b09bd    0xa6d39 ./Core/Src/adc.o
 .debug_str     0x000b09bd    0xa6df6 ./Core/Src/can.o
 .debug_str     0x000b09bd    0xa67e4 ./Core/Src/gpio.o
 .debug_str     0x000b09bd    0xa6a69 ./Core/Src/main.o
 .debug_str     0x000b09bd    0xa6719 ./Core/Src/stm32f3xx_hal_msp.o
 .debug_str     0x000b09bd    0xa6f18 ./Core/Src/stm32f3xx_it.o
 .debug_str     0x000b09bd    0xa653a ./Core/Src/system_stm32f3xx.o
 .debug_str     0x000b09bd    0xa72cc ./Core/Src/tim.o
 .debug_str     0x000b09bd    0xa6c6c ./Core/Src/usart.o
 .debug_str     0x000b09bd       0x69 ./Core/Startup/startup_stm32f303k8tx.o
 .debug_str     0x000b09bd    0xa6c2a ./Drivers/STM32F3xx_HAL_Driver/Src/stm32f3xx_hal.o
 .debug_str     0x000b09bd    0xa6b27 ./Drivers/STM32F3xx_HAL_Driver/Src/stm32f3xx_hal_adc.o
 .debug_str     0x000b09bd    0xa7240 ./Drivers/STM32F3xx_HAL_Driver/Src/stm32f3xx_hal_adc_ex.o
 .debug_str     0x000b09bd    0xa6cc9 ./Drivers/STM32F3xx_HAL_Driver/Src/stm32f3xx_hal_can.o
 .debug_str     0x000b09bd    0xa6b4f ./Drivers/STM32F3xx_HAL_Driver/Src/stm32f3xx_hal_cortex.o
 .debug_str     0x000b09bd    0xa6882 ./Drivers/STM32F3xx_HAL_Driver/Src/stm32f3xx_hal_dma.o
 .debug_str     0x000b09bd    0xa6719 ./Drivers/STM32F3xx_HAL_Driver/Src/stm32f3xx_hal_gpio.o
 .debug_str     0x000b09bd    0xa69da ./Drivers/STM32F3xx_HAL_Driver/Src/stm32f3xx_hal_rcc.o
 .debug_str     0x000b09bd    0xa66d9 ./Drivers/STM32F3xx_HAL_Driver/Src/stm32f3xx_hal_rcc_ex.o
 .debug_str     0x000b09bd    0xa7971 ./Drivers/STM32F3xx_HAL_Driver/Src/stm32f3xx_hal_tim.o
 .debug_str     0x000b09bd    0xa71b7 ./Drivers/STM32F3xx_HAL_Driver/Src/stm32f3xx_hal_tim_ex.o
 .debug_str     0x000b09bd    0xa725d ./Drivers/STM32F3xx_HAL_Driver/Src/stm32f3xx_hal_uart.o

.comment        0x00000000       0x43
 .comment       0x00000000       0x43 ./App/EKO_DRIVERS/Src/adc_driver.o
                                 0x44 (size before relaxing)
 .comment       0x00000043       0x44 ./App/EKO_DRIVERS/Src/can_driver.o
 .comment       0x00000043       0x44 ./App/EKO_DRIVERS/Src/pwm_driver.o
 .comment       0x00000043       0x44 ./App/Src/app.o
 .comment       0x00000043       0x44 ./App/Src/type2.o
 .comment       0x00000043       0x44 ./Core/Src/adc.o
 .comment       0x00000043       0x44 ./Core/Src/can.o
 .comment       0x00000043       0x44 ./Core/Src/gpio.o
 .comment       0x00000043       0x44 ./Core/Src/main.o
 .comment       0x00000043       0x44 ./Core/Src/stm32f3xx_hal_msp.o
 .comment       0x00000043       0x44 ./Core/Src/stm32f3xx_it.o
 .comment       0x00000043       0x44 ./Core/Src/system_stm32f3xx.o
 .comment       0x00000043       0x44 ./Core/Src/tim.o
 .comment       0x00000043       0x44 ./Core/Src/usart.o
 .comment       0x00000043       0x44 ./Drivers/STM32F3xx_HAL_Driver/Src/stm32f3xx_hal.o
 .comment       0x00000043       0x44 ./Drivers/STM32F3xx_HAL_Driver/Src/stm32f3xx_hal_adc.o
 .comment       0x00000043       0x44 ./Drivers/STM32F3xx_HAL_Driver/Src/stm32f3xx_hal_adc_ex.o
 .comment       0x00000043       0x44 ./Drivers/STM32F3xx_HAL_Driver/Src/stm32f3xx_hal_can.o
 .comment       0x00000043       0x44 ./Drivers/STM32F3xx_HAL_Driver/Src/stm32f3xx_hal_cortex.o
 .comment       0x00000043       0x44 ./Drivers/STM32F3xx_HAL_Driver/Src/stm32f3xx_hal_dma.o
 .comment       0x00000043       0x44 ./Drivers/STM32F3xx_HAL_Driver/Src/stm32f3xx_hal_gpio.o
 .comment       0x00000043       0x44 ./Drivers/STM32F3xx_HAL_Driver/Src/stm32f3xx_hal_rcc.o
 .comment       0x00000043       0x44 ./Drivers/STM32F3xx_HAL_Driver/Src/stm32f3xx_hal_rcc_ex.o
 .comment       0x00000043       0x44 ./Drivers/STM32F3xx_HAL_Driver/Src/stm32f3xx_hal_tim.o
 .comment       0x00000043       0x44 ./Drivers/STM32F3xx_HAL_Driver/Src/stm32f3xx_hal_tim_ex.o
 .comment       0x00000043       0x44 ./Drivers/STM32F3xx_HAL_Driver/Src/stm32f3xx_hal_uart.o

.debug_frame    0x00000000     0x4614
 .debug_frame   0x00000000      0x140 ./App/EKO_DRIVERS/Src/adc_driver.o
 .debug_frame   0x00000140       0xc8 ./App/EKO_DRIVERS/Src/can_driver.o
 .debug_frame   0x00000208       0x58 ./App/EKO_DRIVERS/Src/pwm_driver.o
 .debug_frame   0x00000260       0xb8 ./App/Src/app.o
 .debug_frame   0x00000318       0x7c ./App/Src/type2.o
 .debug_frame   0x00000394       0x7c ./Core/Src/adc.o
 .debug_frame   0x00000410       0x74 ./Core/Src/can.o
 .debug_frame   0x00000484       0x34 ./Core/Src/gpio.o
 .debug_frame   0x000004b8       0x6c ./Core/Src/main.o
 .debug_frame   0x00000524       0x34 ./Core/Src/stm32f3xx_hal_msp.o
 .debug_frame   0x00000558      0x14c ./Core/Src/stm32f3xx_it.o
 .debug_frame   0x000006a4       0x50 ./Core/Src/system_stm32f3xx.o
 .debug_frame   0x000006f4      0x10c ./Core/Src/tim.o
 .debug_frame   0x00000800       0x74 ./Core/Src/usart.o
 .debug_frame   0x00000874      0x2e4 ./Drivers/STM32F3xx_HAL_Driver/Src/stm32f3xx_hal.o
 .debug_frame   0x00000b58      0x328 ./Drivers/STM32F3xx_HAL_Driver/Src/stm32f3xx_hal_adc.o
 .debug_frame   0x00000e80      0x604 ./Drivers/STM32F3xx_HAL_Driver/Src/stm32f3xx_hal_adc_ex.o
 .debug_frame   0x00001484      0x524 ./Drivers/STM32F3xx_HAL_Driver/Src/stm32f3xx_hal_can.o
 .debug_frame   0x000019a8      0x3f0 ./Drivers/STM32F3xx_HAL_Driver/Src/stm32f3xx_hal_cortex.o
 .debug_frame   0x00001d98      0x208 ./Drivers/STM32F3xx_HAL_Driver/Src/stm32f3xx_hal_dma.o
 .debug_frame   0x00001fa0      0x130 ./Drivers/STM32F3xx_HAL_Driver/Src/stm32f3xx_hal_gpio.o
 .debug_frame   0x000020d0      0x1f8 ./Drivers/STM32F3xx_HAL_Driver/Src/stm32f3xx_hal_rcc.o
 .debug_frame   0x000022c8       0xa4 ./Drivers/STM32F3xx_HAL_Driver/Src/stm32f3xx_hal_rcc_ex.o
 .debug_frame   0x0000236c     0x1140 ./Drivers/STM32F3xx_HAL_Driver/Src/stm32f3xx_hal_tim.o
 .debug_frame   0x000034ac      0x648 ./Drivers/STM32F3xx_HAL_Driver/Src/stm32f3xx_hal_tim_ex.o
 .debug_frame   0x00003af4      0x974 ./Drivers/STM32F3xx_HAL_Driver/Src/stm32f3xx_hal_uart.o
 .debug_frame   0x00004468       0x20 C:/ST/STM32CubeIDE_2.0.0/STM32CubeIDE/plugins/com.st.stm32cube.ide.mcu.externaltools.gnu-tools-for-stm32.14.3.rel1.win32_1.0.100.202602081740/tools/bin/../lib/gcc/arm-none-eabi/14.3.1/../../../../arm-none-eabi/lib/thumb/v7e-m+fp/hard\libc_nano.a(libc_a-memset.o)
 .debug_frame   0x00004488       0x2c C:/ST/STM32CubeIDE_2.0.0/STM32CubeIDE/plugins/com.st.stm32cube.ide.mcu.externaltools.gnu-tools-for-stm32.14.3.rel1.win32_1.0.100.202602081740/tools/bin/../lib/gcc/arm-none-eabi/14.3.1/../../../../arm-none-eabi/lib/thumb/v7e-m+fp/hard\libc_nano.a(libc_a-init.o)
 .debug_frame   0x000044b4       0x30 C:/ST/STM32CubeIDE_2.0.0/STM32CubeIDE/plugins/com.st.stm32cube.ide.mcu.externaltools.gnu-tools-for-stm32.14.3.rel1.win32_1.0.100.202602081740/tools/bin/../lib/gcc/arm-none-eabi/14.3.1/thumb/v7e-m+fp/hard\libgcc.a(_arm_muldf3.o)
 .debug_frame   0x000044e4       0xac C:/ST/STM32CubeIDE_2.0.0/STM32CubeIDE/plugins/com.st.stm32cube.ide.mcu.externaltools.gnu-tools-for-stm32.14.3.rel1.win32_1.0.100.202602081740/tools/bin/../lib/gcc/arm-none-eabi/14.3.1/thumb/v7e-m+fp/hard\libgcc.a(_arm_addsubdf3.o)
 .debug_frame   0x00004590       0x24 C:/ST/STM32CubeIDE_2.0.0/STM32CubeIDE/plugins/com.st.stm32cube.ide.mcu.externaltools.gnu-tools-for-stm32.14.3.rel1.win32_1.0.100.202602081740/tools/bin/../lib/gcc/arm-none-eabi/14.3.1/thumb/v7e-m+fp/hard\libgcc.a(_arm_truncdfsf2.o)
 .debug_frame   0x000045b4       0x2c C:/ST/STM32CubeIDE_2.0.0/STM32CubeIDE/plugins/com.st.stm32cube.ide.mcu.externaltools.gnu-tools-for-stm32.14.3.rel1.win32_1.0.100.202602081740/tools/bin/../lib/gcc/arm-none-eabi/14.3.1/thumb/v7e-m+fp/hard\libgcc.a(_aeabi_uldivmod.o)
 .debug_frame   0x000045e0       0x34 C:/ST/STM32CubeIDE_2.0.0/STM32CubeIDE/plugins/com.st.stm32cube.ide.mcu.externaltools.gnu-tools-for-stm32.14.3.rel1.win32_1.0.100.202602081740/tools/bin/../lib/gcc/arm-none-eabi/14.3.1/thumb/v7e-m+fp/hard\libgcc.a(_udivmoddi4.o)

.debug_line_str
                0x00000000       0x4d
 .debug_line_str
                0x00000000       0x4d ./Core/Startup/startup_stm32f303k8tx.o
