Archive member included to satisfy reference by file (symbol)

C:/ST/STM32CubeIDE_1.19.0/STM32CubeIDE/plugins/com.st.stm32cube.ide.mcu.externaltools.gnu-tools-for-stm32.13.3.rel1.win32_1.0.0.202411081344/tools/bin/../lib/gcc/arm-none-eabi/13.3.1/../../../../arm-none-eabi/lib/thumb/v7e-m+fp/hard\libc_nano.a(libc_a-exit.o)
                              C:/ST/STM32CubeIDE_1.19.0/STM32CubeIDE/plugins/com.st.stm32cube.ide.mcu.externaltools.gnu-tools-for-stm32.13.3.rel1.win32_1.0.0.202411081344/tools/bin/../lib/gcc/arm-none-eabi/13.3.1/../../../../arm-none-eabi/lib/thumb/v7e-m+fp/hard/crt0.o (exit)
C:/ST/STM32CubeIDE_1.19.0/STM32CubeIDE/plugins/com.st.stm32cube.ide.mcu.externaltools.gnu-tools-for-stm32.13.3.rel1.win32_1.0.0.202411081344/tools/bin/../lib/gcc/arm-none-eabi/13.3.1/../../../../arm-none-eabi/lib/thumb/v7e-m+fp/hard\libc_nano.a(libc_a-findfp.o)
                              C:/ST/STM32CubeIDE_1.19.0/STM32CubeIDE/plugins/com.st.stm32cube.ide.mcu.externaltools.gnu-tools-for-stm32.13.3.rel1.win32_1.0.0.202411081344/tools/bin/../lib/gcc/arm-none-eabi/13.3.1/../../../../arm-none-eabi/lib/thumb/v7e-m+fp/hard\libc_nano.a(libc_a-exit.o) (__stdio_exit_handler)
C:/ST/STM32CubeIDE_1.19.0/STM32CubeIDE/plugins/com.st.stm32cube.ide.mcu.externaltools.gnu-tools-for-stm32.13.3.rel1.win32_1.0.0.202411081344/tools/bin/../lib/gcc/arm-none-eabi/13.3.1/../../../../arm-none-eabi/lib/thumb/v7e-m+fp/hard\libc_nano.a(libc_a-fwalk.o)
                              C:/ST/STM32CubeIDE_1.19.0/STM32CubeIDE/plugins/com.st.stm32cube.ide.mcu.externaltools.gnu-tools-for-stm32.13.3.rel1.win32_1.0.0.202411081344/tools/bin/../lib/gcc/arm-none-eabi/13.3.1/../../../../arm-none-eabi/lib/thumb/v7e-m+fp/hard\libc_nano.a(libc_a-findfp.o) (_fwalk_sglue)
C:/ST/STM32CubeIDE_1.19.0/STM32CubeIDE/plugins/com.st.stm32cube.ide.mcu.externaltools.gnu-tools-for-stm32.13.3.rel1.win32_1.0.0.202411081344/tools/bin/../lib/gcc/arm-none-eabi/13.3.1/../../../../arm-none-eabi/lib/thumb/v7e-m+fp/hard\libc_nano.a(libc_a-stdio.o)
                              C:/ST/STM32CubeIDE_1.19.0/STM32CubeIDE/plugins/com.st.stm32cube.ide.mcu.externaltools.gnu-tools-for-stm32.13.3.rel1.win32_1.0.0.202411081344/tools/bin/../lib/gcc/arm-none-eabi/13.3.1/../../../../arm-none-eabi/lib/thumb/v7e-m+fp/hard\libc_nano.a(libc_a-findfp.o) (__sread)
C:/ST/STM32CubeIDE_1.19.0/STM32CubeIDE/plugins/com.st.stm32cube.ide.mcu.externaltools.gnu-tools-for-stm32.13.3.rel1.win32_1.0.0.202411081344/tools/bin/../lib/gcc/arm-none-eabi/13.3.1/../../../../arm-none-eabi/lib/thumb/v7e-m+fp/hard\libc_nano.a(libc_a-memset.o)
                              C:/ST/STM32CubeIDE_1.19.0/STM32CubeIDE/plugins/com.st.stm32cube.ide.mcu.externaltools.gnu-tools-for-stm32.13.3.rel1.win32_1.0.0.202411081344/tools/bin/../lib/gcc/arm-none-eabi/13.3.1/../../../../arm-none-eabi/lib/thumb/v7e-m+fp/hard/crt0.o (memset)
C:/ST/STM32CubeIDE_1.19.0/STM32CubeIDE/plugins/com.st.stm32cube.ide.mcu.externaltools.gnu-tools-for-stm32.13.3.rel1.win32_1.0.0.202411081344/tools/bin/../lib/gcc/arm-none-eabi/13.3.1/../../../../arm-none-eabi/lib/thumb/v7e-m+fp/hard\libc_nano.a(libc_a-closer.o)
                              C:/ST/STM32CubeIDE_1.19.0/STM32CubeIDE/plugins/com.st.stm32cube.ide.mcu.externaltools.gnu-tools-for-stm32.13.3.rel1.win32_1.0.0.202411081344/tools/bin/../lib/gcc/arm-none-eabi/13.3.1/../../../../arm-none-eabi/lib/thumb/v7e-m+fp/hard\libc_nano.a(libc_a-stdio.o) (_close_r)
C:/ST/STM32CubeIDE_1.19.0/STM32CubeIDE/plugins/com.st.stm32cube.ide.mcu.externaltools.gnu-tools-for-stm32.13.3.rel1.win32_1.0.0.202411081344/tools/bin/../lib/gcc/arm-none-eabi/13.3.1/../../../../arm-none-eabi/lib/thumb/v7e-m+fp/hard\libc_nano.a(libc_a-reent.o)
                              C:/ST/STM32CubeIDE_1.19.0/STM32CubeIDE/plugins/com.st.stm32cube.ide.mcu.externaltools.gnu-tools-for-stm32.13.3.rel1.win32_1.0.0.202411081344/tools/bin/../lib/gcc/arm-none-eabi/13.3.1/../../../../arm-none-eabi/lib/thumb/v7e-m+fp/hard\libc_nano.a(libc_a-closer.o) (errno)
C:/ST/STM32CubeIDE_1.19.0/STM32CubeIDE/plugins/com.st.stm32cube.ide.mcu.externaltools.gnu-tools-for-stm32.13.3.rel1.win32_1.0.0.202411081344/tools/bin/../lib/gcc/arm-none-eabi/13.3.1/../../../../arm-none-eabi/lib/thumb/v7e-m+fp/hard\libc_nano.a(libc_a-impure.o)
                              C:/ST/STM32CubeIDE_1.19.0/STM32CubeIDE/plugins/com.st.stm32cube.ide.mcu.externaltools.gnu-tools-for-stm32.13.3.rel1.win32_1.0.0.202411081344/tools/bin/../lib/gcc/arm-none-eabi/13.3.1/../../../../arm-none-eabi/lib/thumb/v7e-m+fp/hard\libc_nano.a(libc_a-reent.o) (_impure_ptr)
C:/ST/STM32CubeIDE_1.19.0/STM32CubeIDE/plugins/com.st.stm32cube.ide.mcu.externaltools.gnu-tools-for-stm32.13.3.rel1.win32_1.0.0.202411081344/tools/bin/../lib/gcc/arm-none-eabi/13.3.1/../../../../arm-none-eabi/lib/thumb/v7e-m+fp/hard\libc_nano.a(libc_a-lseekr.o)
[...]
Memory Configuration

Name             Origin             Length             Attributes
CCMRAM           0x10000000         0x00001000         xrw
RAM              0x20000000         0x00003000         xrw
FLASH            0x08000000         0x00010000         xr
*default*        0x00000000         0xffffffff

Linker script and memory map

LOAD C:/ST/STM32CubeIDE_1.19.0/STM32CubeIDE/plugins/com.st.stm32cube.ide.mcu.externaltools.gnu-tools-for-stm32.13.3.rel1.win32_1.0.0.202411081344/tools/bin/../lib/gcc/arm-none-eabi/13.3.1/thumb/v7e-m+fp/hard/crti.o
LOAD C:/ST/STM32CubeIDE_1.19.0/STM32CubeIDE/plugins/com.st.stm32cube.ide.mcu.externaltools.gnu-tools-for-stm32.13.3.rel1.win32_1.0.0.202411081344/tools/bin/../lib/gcc/arm-none-eabi/13.3.1/thumb/v7e-m+fp/hard/crtbegin.o
LOAD C:/ST/STM32CubeIDE_1.19.0/STM32CubeIDE/plugins/com.st.stm32cube.ide.mcu.externaltools.gnu-tools-for-stm32.13.3.rel1.win32_1.0.0.202411081344/tools/bin/../lib/gcc/arm-none-eabi/13.3.1/../../../../arm-none-eabi/lib/thumb/v7e-m+fp/hard/crt0.o
LOAD ./App/EKO_DRIVERS/Src/adc_driver.o
LOAD ./App/EKO_DRIVERS/Src/can_driver.o
LOAD ./App/EKO_DRIVERS/Src/pwm_driver.o
LOAD ./App/Src/app.o
LOAD ./App/Src/type2.o
LOAD ./Core/Src/adc.o
LOAD ./Core/Src/can.o
LOAD ./Core/Src/gpio.o
LOAD ./Core/Src/main.o
LOAD ./Core/Src/stm32f3xx_hal_msp.o
LOAD ./Core/Src/stm32f3xx_it.o
LOAD ./Core/Src/syscalls.o
LOAD ./Core/Src/sysmem.o
LOAD ./Core/Src/system_stm32f3xx.o
LOAD ./Core/Src/tim.o
LOAD ./Core/Src/usart.o
LOAD ./Core/Startup/startup_stm32f303k8tx.o
LOAD ./Drivers/STM32F3xx_HAL_Driver/Src/stm32f3xx_hal.o
LOAD ./Drivers/STM32F3xx_HAL_Driver/Src/stm32f3xx_hal_adc.o
LOAD ./Drivers/STM32F3xx_HAL_Driver/Src/stm32f3xx_hal_adc_ex.o
LOAD ./Drivers/STM32F3xx_HAL_Driver/Src/stm32f3xx_hal_can.o
LOAD ./Drivers/STM32F3xx_HAL_Driver/Src/stm32f3xx_hal_cortex.o
LOAD ./Drivers/STM32F3xx_HAL_Driver/Src/stm32f3xx_hal_dma.o
LOAD ./Drivers/STM32F3xx_HAL_Driver/Src/stm32f3xx_hal_exti.o
LOAD ./Drivers/STM32F3xx_HAL_Driver/Src/stm32f3xx_hal_flash.o
LOAD ./Drivers/STM32F3xx_HAL_Driver/Src/stm32f3xx_hal_flash_ex.o
LOAD ./Drivers/STM32F3xx_HAL_Driver/Src/stm32f3xx_hal_gpio.o
LOAD ./Drivers/STM32F3xx_HAL_Driver/Src/stm32f3xx_hal_i2c.o
LOAD ./Drivers/STM32F3xx_HAL_Driver/Src/stm32f3xx_hal_i2c_ex.o
LOAD ./Drivers/STM32F3xx_HAL_Driver/Src/stm32f3xx_hal_pwr.o
LOAD ./Drivers/STM32F3xx_HAL_Driver/Src/stm32f3xx_hal_pwr_ex.o
LOAD ./Drivers/STM32F3xx_HAL_Driver/Src/stm32f3xx_hal_rcc.o
LOAD ./Drivers/STM32F3xx_HAL_Driver/Src/stm32f3xx_hal_rcc_ex.o
LOAD ./Drivers/STM32F3xx_HAL_Driver/Src/stm32f3xx_hal_tim.o
LOAD ./Drivers/STM32F3xx_HAL_Driver/Src/stm32f3xx_hal_tim_ex.o
LOAD ./Drivers/STM32F3xx_HAL_Driver/Src/stm32f3xx_hal_uart.o
LOAD ./Drivers/STM32F3xx_HAL_Driver/Src/stm32f3xx_hal_uart_ex.o
START GROUP
LOAD C:/ST/STM32CubeIDE_1.19.0/STM32CubeIDE/plugins/com.st.stm32cube.ide.mcu.externaltools.gnu-tools-for-stm32.13.3.rel1.win32_1.0.0.202411081344/tools/bin/../lib/gcc/arm-none-eabi/13.3.1/../../../../arm-none-eabi/lib/thumb/v7e-m+fp/hard\libc_nano.a
LOAD C:/ST/STM32CubeIDE_1.19.0/STM32CubeIDE/plugins/com.st.stm32cube.ide.mcu.externaltools.gnu-tools-for-stm32.13.3.rel1.win32_1.0.0.202411081344/tools/bin/../lib/gcc/arm-none-eabi/13.3.1/../../../../arm-none-eabi/lib/thumb/v7e-m+fp/hard\libm.a
END GROUP
START GROUP
LOAD C:/ST/STM32CubeIDE_1.19.0/STM32CubeIDE/plugins/com.st.stm32cube.ide.mcu.externaltools.gnu-tools-for-stm32.13.3.rel1.win32_1.0.0.202411081344/tools/bin/../lib/gcc/arm-none-eabi/13.3.1/thumb/v7e-m+fp/hard\libgcc.a
LOAD C:/ST/STM32CubeIDE_1.19.0/STM32CubeIDE/plugins/com.st.stm32cube.ide.mcu.externaltools.gnu-tools-for-stm32.13.3.rel1.win32_1.0.0.202411081344/tools/bin/../lib/gcc/arm-none-eabi/13.3.1/../../../../arm-none-eabi/lib/thumb/v7e-m+fp/hard\libc_nano.a
END GROUP
START GROUP
LOAD C:/ST/STM32CubeIDE_1.19.0/STM32CubeIDE/plugins/com.st.stm32cube.ide.mcu.externaltools.gnu-tools-for-stm32.13.3.rel1.win32_1.0.0.202411081344/tools/bin/../lib/gcc/arm-none-eabi/13.3.1/thumb/v7e-m+fp/hard\libgcc.a
LOAD C:/ST/STM32CubeIDE_1.19.0/STM32CubeIDE/plugins/com.st.stm32cube.ide.mcu.externaltools.gnu-tools-for-stm32.13.3.rel1.win32_1.0.0.202411081344/tools/bin/../lib/gcc/arm-none-eabi/13.3.1/../../../../arm-none-eabi/lib/thumb/v7e-m+fp/hard\libc_nano.a
LOAD C:/ST/STM32CubeIDE_1.19.0/STM32CubeIDE/plugins/com.st.stm32cube.ide.mcu.externaltools.gnu-tools-for-stm32.13.3.rel1.win32_1.0.0.202411081344/tools/bin/../lib/gcc/arm-none-eabi/13.3.1/../../../../arm-none-eabi/lib/thumb/v7e-m+fp/hard\libnosys.a
END GROUP
START GROUP
LOAD C:/ST/STM32CubeIDE_1.19.0/STM32CubeIDE/plugins/com.st.stm32cube.ide.mcu.externaltools.gnu-tools-for-stm32.13.3.rel1.win32_1.0.0.202411081344/tools/bin/../lib/gcc/arm-none-eabi/13.3.1/thumb/v7e-m+fp/hard\libgcc.a
LOAD C:/ST/STM32CubeIDE_1.19.0/STM32CubeIDE/plugins/com.st.stm32cube.ide.mcu.externaltools.gnu-tools-for-stm32.13.3.rel1.win32_1.0.0.202411081344/tools/bin/../lib/gcc/arm-none-eabi/13.3.1/../../../../arm-none-eabi/lib/thumb/v7e-m+fp/hard\libc_nano.a
LOAD C:/ST/STM32CubeIDE_1.19.0/STM32CubeIDE/plugins/com.st.stm32cube.ide.mcu.externaltools.gnu-tools-for-stm32.13.3.rel1.win32_1.0.0.202411081344/tools/bin/../lib/gcc/arm-none-eabi/13.3.1/../../../../arm-none-eabi/lib/thumb/v7e-m+fp/hard\libnosys.a
END GROUP
LOAD C:/ST/STM32CubeIDE_1.19.0/STM32CubeIDE/plugins/com.st.stm32cube.ide.mcu.externaltools.gnu-tools-for-stm32.13.3.rel1.win32_1.0.0.202411081344/tools/bin/../lib/gcc/arm-none-eabi/13.3.1/thumb/v7e-m+fp/hard/crtend.o
LOAD C:/ST/STM32CubeIDE_1.19.0/STM32CubeIDE/plugins/com.st.stm32cube.ide.mcu.externaltools.gnu-tools-for-stm32.13.3.rel1.win32_1.0.0.202411081344/tools/bin/../lib/gcc/arm-none-eabi/13.3.1/thumb/v7e-m+fp/hard/crtn.o
                0x20003000                        _estack = (ORIGIN (RAM) + LENGTH (RAM))
                0x00000200                        _Min_Heap_Size = 0x200
                0x00000400                        _Min_Stack_Size = 0x400

.isr_vector     0x08000000      0x188
                0x08000000                        . = ALIGN (0x4)
 *(.isr_vector)
 .isr_vector    0x08000000      0x188 ./Core/Startup/startup_stm32f303k8tx.o
                0x08000000                g_pfnVectors
                0x08000188                        . = ALIGN (0x4)

.text           0x08000188     0x78f8
                0x08000188                        . = ALIGN (0x4)
 *(.text)
 .text          0x08000188       0x40 C:/ST/STM32CubeIDE_1.19.0/STM32CubeIDE/plugins/com.st.stm32cube.ide.mcu.externaltools.gnu-tools-for-stm32.13.3.rel1.win32_1.0.0.202411081344/tools/bin/../lib/gcc/arm-none-eabi/13.3.1/thumb/v7e-m+fp/hard/crtbegin.o
 .text          0x080001c8      0x254 C:/ST/STM32CubeIDE_1.19.0/STM32CubeIDE/plugins/com.st.stm32cube.ide.mcu.externaltools.gnu-tools-for-stm32.13.3.rel1.win32_1.0.0.202411081344/tools/bin/../lib/gcc/arm-none-eabi/13.3.1/thumb/v7e-m+fp/hard\libgcc.a(_arm_muldf3.o)
                0x080001c8                __muldf3
                0x080001c8                __aeabi_dmul
 .text          0x0800041c      0x378 C:/ST/STM32CubeIDE_1.19.0/STM32CubeIDE/plugins/com.st.stm32cube.ide.mcu.externaltools.gnu-tools-for-stm32.13.3.rel1.win32_1.0.0.202411081344/tools/bin/../lib/gcc/arm-none-eabi/13.3.1/thumb/v7e-m+fp/hard\libgcc.a(_arm_addsubdf3.o)
                0x0800041c                __aeabi_drsub
                0x08000424                __aeabi_dsub
                0x08000424                __subdf3
                0x08000428                __aeabi_dadd
                0x08000428                __adddf3
                0x080006a0                __floatunsidf
                0x080006a0                __aeabi_ui2d
                0x080006c0                __floatsidf
                0x080006c0                __aeabi_i2d
                0x080006e4                __aeabi_f2d
                0x080006e4                __extendsfdf2
                0x08000728                __floatundidf
                0x08000728                __aeabi_ul2d
                0x08000738                __floatdidf
                0x08000738                __aeabi_l2d
 .text          0x08000794       0xa0 C:/ST/STM32CubeIDE_1.19.0/STM32CubeIDE/plugins/com.st.stm32cube.ide.mcu.externaltools.gnu-tools-for-stm32.13.3.rel1.win32_1.0.0.202411081344/tools/bin/../lib/gcc/arm-none-eabi/13.3.1/thumb/v7e-m+fp/hard\libgcc.a(_arm_truncdfsf2.o)
                0x08000794                __truncdfsf2
                0x08000794                __aeabi_d2f
 .text          0x08000834       0x30 C:/ST/STM32CubeIDE_1.19.0/STM32CubeIDE/plugins/com.st.stm32cube.ide.mcu.externaltools.gnu-tools-for-stm32.13.3.rel1.win32_1.0.0.202411081344/tools/bin/../lib/gcc/arm-none-eabi/13.3.1/thumb/v7e-m+fp/hard\libgcc.a(_aeabi_uldivmod.o)
                0x08000834                __aeabi_uldivmod
 .text          0x08000864      0x2f8 C:/ST/STM32CubeIDE_1.19.0/STM32CubeIDE/plugins/com.st.stm32cube.ide.mcu.externaltools.gnu-tools-for-stm32.13.3.rel1.win32_1.0.0.202411081344/tools/bin/../lib/gcc/arm-none-eabi/13.3.1/thumb/v7e-m+fp/hard\libgcc.a(_udivmoddi4.o)
                0x08000864                __udivmoddi4
 .text          0x08000b5c        0x4 C:/ST/STM32CubeIDE_1.19.0/STM32CubeIDE/plugins/com.st.stm32cube.ide.mcu.externaltools.gnu-tools-for-stm32.13.3.rel1.win32_1.0.0.202411081344/tools/bin/../lib/gcc/arm-none-eabi/13.3.1/thumb/v7e-m+fp/hard\libgcc.a(_dvmd_tls.o)
                0x08000b5c                __aeabi_idiv0
                0x08000b5c                __aeabi_ldiv0
 *(.text*)
 .text.ADC_Init
                0x08000b60       0xc0 ./App/EKO_DRIVERS/Src/adc_driver.o
                0x08000b60                ADC_Init
 .text.ADC_ReadChannel
                0x08000c20      0x264 ./App/EKO_DRIVERS/Src/adc_driver.o
                0x08000c20                ADC_ReadChannel
 .text.ADC_GetValue
                0x08000e84       0xa8 ./App/EKO_DRIVERS/Src/adc_driver.o
                0x08000e84                ADC_GetValue
 .text.HAL_ADC_ConvCpltCallback
                0x08000f2c       0x14 ./App/EKO_DRIVERS/Src/adc_driver.o
                0x08000f2c                HAL_ADC_ConvCpltCallback
 .text.ADC_ConfigGetRanksOfChannels
                0x08000f40      0x120 ./App/EKO_DRIVERS/Src/adc_driver.o
                0x08000f40                ADC_ConfigGetRanksOfChannels
 .text.ADC_GetRank
                0x08001060       0x52 ./App/EKO_DRIVERS/Src/adc_driver.o
                0x08001060                ADC_GetRank
 *fill*         0x080010b2        0x2 
 .text.ADC_Averaging
                0x080010b4      0x140 ./App/EKO_DRIVERS/Src/adc_driver.o
                0x080010b4                ADC_Averaging
 .text.CAN_init
                0x080011f4       0x70 ./App/EKO_DRIVERS/Src/can_driver.o
                0x080011f4                CAN_init
 .text.CAN_addScheduledMessage
                0x08001264       0xf2 ./App/EKO_DRIVERS/Src/can_driver.o
                0x08001264                CAN_addScheduledMessage
 .text.CAN_removeScheduledMessage
                0x08001356       0xe4 ./App/EKO_DRIVERS/Src/can_driver.o
                0x08001356                CAN_removeScheduledMessage
 .text.CAN_handleScheduled
                0x0800143a      0x10c ./App/EKO_DRIVERS/Src/can_driver.o
                0x0800143a                CAN_handleScheduled
 .text.PWM_initialize
                0x08001546       0x74 ./App/EKO_DRIVERS/Src/pwm_driver.o
                0x08001546                PWM_initialize
 .text.PWM_update
                0x080015ba       0xb0 ./App/EKO_DRIVERS/Src/pwm_driver.o
                0x080015ba                PWM_update
 *fill*         0x0800166a        0x2 
 .text.app_main
                0x0800166c      0x148 ./App/Src/app.o
                0x0800166c                app_main
 .text.startCharging
                0x080017b4       0xbc ./App/Src/app.o
 .text.stopCharging
                0x08001870       0x30 ./App/Src/app.o
 .text.updateTransoptorVoltage
                0x080018a0       0xa4 ./App/Src/app.o
 .text.chargerGetData
                0x08001944       0x98 ./App/Src/app.o
 *fill*         0x080019dc        0x4 
 .text.Type2_MaxChargerCurrent
                0x080019e0       0xcc ./App/Src/type2.o
                0x080019e0                Type2_MaxChargerCurrent
 .text.PP_GetMaxCurrent
                0x08001aac       0x88 ./App/Src/type2.o
 *fill*         0x08001b34        0x4 
 .text.CP_GetMaxCurrent
                0x08001b38      0x128 ./App/Src/type2.o
 .text.MX_ADC1_Init
                0x08001c60       0xe0 ./Core/Src/adc.o
                0x08001c60                MX_ADC1_Init
 .text.HAL_ADC_MspInit
                0x08001d40       0x7c ./Core/Src/adc.o
                0x08001d40                HAL_ADC_MspInit
 .text.MX_CAN_Init
                0x08001dbc       0x68 ./Core/Src/can.o
                0x08001dbc                MX_CAN_Init
 .text.HAL_CAN_MspInit
                0x08001e24       0x98 ./Core/Src/can.o
                0x08001e24                HAL_CAN_MspInit
 .text.MX_GPIO_Init
                0x08001ebc       0xd8 ./Core/Src/gpio.o
                0x08001ebc                MX_GPIO_Init
 .text.main     0x08001f94       0x32 ./Core/Src/main.o
                0x08001f94                main
 .text.SystemClock_Config
                0x08001fc6       0xbc ./Core/Src/main.o
                0x08001fc6                SystemClock_Config
 .text.Error_Handler
                0x08002082       0x16 ./Core/Src/main.o
                0x08002082                Error_Handler
 .text.HAL_MspInit
                0x08002098       0x48 ./Core/Src/stm32f3xx_hal_msp.o
                0x08002098                HAL_MspInit
 .text.NMI_Handler
                0x080020e0        0x8 ./Core/Src/stm32f3xx_it.o
                0x080020e0                NMI_Handler
 .text.HardFault_Handler
                0x080020e8        0x8 ./Core/Src/stm32f3xx_it.o
                0x080020e8                HardFault_Handler
 .text.MemManage_Handler
                0x080020f0        0x8 ./Core/Src/stm32f3xx_it.o
                0x080020f0                MemManage_Handler
 .text.BusFault_Handler
                0x080020f8        0x8 ./Core/Src/stm32f3xx_it.o
                0x080020f8                BusFault_Handler
 .text.UsageFault_Handler
                0x08002100        0x8 ./Core/Src/stm32f3xx_it.o
                0x08002100                UsageFault_Handler
 .text.SVC_Handler
                0x08002108        0xe ./Core/Src/stm32f3xx_it.o
                0x08002108                SVC_Handler
 .text.DebugMon_Handler
                0x08002116        0xe ./Core/Src/stm32f3xx_it.o
                0x08002116                DebugMon_Handler
 .text.PendSV_Handler
                0x08002124        0xe ./Core/Src/stm32f3xx_it.o
                0x08002124                PendSV_Handler
 .text.SysTick_Handler
                0x08002132        0xc ./Core/Src/stm32f3xx_it.o
                0x08002132                SysTick_Handler
 *fill*         0x0800213e        0x2 
 .text.CAN_RX0_IRQHandler
                0x08002140       0x14 ./Core/Src/stm32f3xx_it.o
                0x08002140                CAN_RX0_IRQHandler
 .text.TIM1_CC_IRQHandler
                0x08002154       0x14 ./Core/Src/stm32f3xx_it.o
                0x08002154                TIM1_CC_IRQHandler
 .text.TIM3_IRQHandler
                0x08002168       0x14 ./Core/Src/stm32f3xx_it.o
                0x08002168                TIM3_IRQHandler
 .text.SystemInit
                0x0800217c       0x24 ./Core/Src/system_stm32f3xx.o
                0x0800217c                SystemInit
 .text.MX_TIM1_Init
                0x080021a0      0x10c ./Core/Src/tim.o
                0x080021a0                MX_TIM1_Init
 .text.MX_TIM2_Init
                0x080022ac      0x13c ./Core/Src/tim.o
                0x080022ac                MX_TIM2_Init
 .text.MX_TIM3_Init
                0x080023e8      0x13c ./Core/Src/tim.o
                0x080023e8                MX_TIM3_Init
 .text.HAL_TIM_IC_MspInit
                0x08002524       0x98 ./Core/Src/tim.o
                0x08002524                HAL_TIM_IC_MspInit
 .text.HAL_TIM_Base_MspInit
                0x080025bc       0xf4 ./Core/Src/tim.o
                0x080025bc                HAL_TIM_Base_MspInit
 .text.MX_USART1_UART_Init
                0x080026b0       0x60 ./Core/Src/usart.o
                0x080026b0                MX_USART1_UART_Init
 .text.HAL_UART_MspInit
                0x08002710       0x88 ./Core/Src/usart.o
                0x08002710                HAL_UART_MspInit
 .text.Reset_Handler
                0x08002798       0x50 ./Core/Startup/startup_stm32f303k8tx.o
                0x08002798                Reset_Handler
 .text.Default_Handler
                0x080027e8        0x2 ./Core/Startup/startup_stm32f303k8tx.o
                0x080027e8                RTC_Alarm_IRQHandler
                0x080027e8                PVD_IRQHandler
                0x080027e8                TAMP_STAMP_IRQHandler
                0x080027e8                EXTI3_IRQHandler
                0x080027e8                EXTI0_IRQHandler
                0x080027e8                FPU_IRQHandler
                0x080027e8                CAN_TX_IRQHandler
                0x080027e8                TIM1_UP_TIM16_IRQHandler
                0x080027e8                ADC1_2_IRQHandler
                0x080027e8                SPI1_IRQHandler
                0x080027e8                CAN_SCE_IRQHandler
                0x080027e8                DMA1_Channel4_IRQHandler
                0x080027e8                USART3_IRQHandler
                0x080027e8                DMA1_Channel7_IRQHandler
                0x080027e8                TIM7_DAC2_IRQHandler
                0x080027e8                CAN_RX1_IRQHandler
                0x080027e8                I2C1_EV_IRQHandler
                0x080027e8                DMA1_Channel6_IRQHandler
                0x080027e8                RCC_IRQHandler
                0x080027e8                DMA1_Channel1_IRQHandler
                0x080027e8                Default_Handler
                0x080027e8                EXTI15_10_IRQHandler
                0x080027e8                COMP2_IRQHandler
                0x080027e8                TIM6_DAC1_IRQHandler
                0x080027e8                EXTI9_5_IRQHandler
                0x080027e8                RTC_WKUP_IRQHandler
                0x080027e8                DMA1_Channel5_IRQHandler
                0x080027e8                EXTI4_IRQHandler
                0x080027e8                TIM1_TRG_COM_TIM17_IRQHandler
                0x080027e8                DMA1_Channel3_IRQHandler
                0x080027e8                WWDG_IRQHandler
                0x080027e8                TIM2_IRQHandler
                0x080027e8                EXTI1_IRQHandler
                0x080027e8                COMP4_6_IRQHandler
                0x080027e8                USART2_IRQHandler
                0x080027e8                DMA1_Channel2_IRQHandler
                0x080027e8                FLASH_IRQHandler
                0x080027e8                USART1_IRQHandler
                0x080027e8                I2C1_ER_IRQHandler
                0x080027e8                EXTI2_TSC_IRQHandler
                0x080027e8                TIM1_BRK_TIM15_IRQHandler
 *fill*         0x080027ea        0x2 
 .text.HAL_Init
                0x080027ec       0x2c ./Drivers/STM32F3xx_HAL_Driver/Src/stm32f3xx_hal.o
                0x080027ec                HAL_Init
 .text.HAL_InitTick
                0x08002818       0x60 ./Drivers/STM32F3xx_HAL_Driver/Src/stm32f3xx_hal.o
                0x08002818                HAL_InitTick
 .text.HAL_IncTick
                0x08002878       0x28 ./Drivers/STM32F3xx_HAL_Driver/Src/stm32f3xx_hal.o
                0x08002878                HAL_IncTick
 .text.HAL_GetTick
                0x080028a0       0x18 ./Drivers/STM32F3xx_HAL_Driver/Src/stm32f3xx_hal.o
                0x080028a0                HAL_GetTick
 .text.HAL_ADC_ConvHalfCpltCallback
                0x080028b8       0x14 ./Drivers/STM32F3xx_HAL_Driver/Src/stm32f3xx_hal_adc.o
                0x080028b8                HAL_ADC_ConvHalfCpltCallback
 .text.HAL_ADC_ErrorCallback
                0x080028cc       0x14 ./Drivers/STM32F3xx_HAL_Driver/Src/stm32f3xx_hal_adc.o
                0x080028cc                HAL_ADC_ErrorCallback
 .text.HAL_ADC_Init
                0x080028e0      0x324 ./Drivers/STM32F3xx_HAL_Driver/Src/stm32f3xx_hal_adc_ex.o
                0x080028e0                HAL_ADC_Init
 .text.HAL_ADC_Start
                0x08002c04      0x16c ./Drivers/STM32F3xx_HAL_Driver/Src/stm32f3xx_hal_adc_ex.o
                0x08002c04                HAL_ADC_Start
 .text.HAL_ADC_Stop
                0x08002d70       0x6a ./Drivers/STM32F3xx_HAL_Driver/Src/stm32f3xx_hal_adc_ex.o
                0x08002d70                HAL_ADC_Stop
 *fill*         0x08002dda        0x2 
 .text.HAL_ADC_Start_DMA
                0x08002ddc      0x1b4 ./Drivers/STM32F3xx_HAL_Driver/Src/stm32f3xx_hal_adc_ex.o
                0x08002ddc                HAL_ADC_Start_DMA
 .text.HAL_ADC_GetValue
                0x08002f90       0x1a ./Drivers/STM32F3xx_HAL_Driver/Src/stm32f3xx_hal_adc_ex.o
                0x08002f90                HAL_ADC_GetValue
 .text.HAL_ADCEx_Calibration_Start
                0x08002faa       0xe4 ./Drivers/STM32F3xx_HAL_Driver/Src/stm32f3xx_hal_adc_ex.o
                0x08002faa                HAL_ADCEx_Calibration_Start
 *fill*         0x0800308e        0x2 
 .text.HAL_ADCEx_MultiModeStart_DMA
                0x08003090      0x164 ./Drivers/STM32F3xx_HAL_Driver/Src/stm32f3xx_hal_adc_ex.o
                0x08003090                HAL_ADCEx_MultiModeStart_DMA
 .text.HAL_ADCEx_MultiModeGetValue
                0x080031f4       0x20 ./Drivers/STM32F3xx_HAL_Driver/Src/stm32f3xx_hal_adc_ex.o
                0x080031f4                HAL_ADCEx_MultiModeGetValue
 .text.HAL_ADC_ConfigChannel
                0x08003214      0x57c ./Drivers/STM32F3xx_HAL_Driver/Src/stm32f3xx_hal_adc_ex.o
                0x08003214                HAL_ADC_ConfigChannel
 .text.HAL_ADCEx_MultiModeConfigChannel
                0x08003790      0x18c ./Drivers/STM32F3xx_HAL_Driver/Src/stm32f3xx_hal_adc_ex.o
                0x08003790                HAL_ADCEx_MultiModeConfigChannel
 .text.ADC_DMAConvCplt
                0x0800391c       0x7a ./Drivers/STM32F3xx_HAL_Driver/Src/stm32f3xx_hal_adc_ex.o
 .text.ADC_DMAHalfConvCplt
                0x08003996       0x1c ./Drivers/STM32F3xx_HAL_Driver/Src/stm32f3xx_hal_adc_ex.o
 .text.ADC_DMAError
                0x080039b2       0x34 ./Drivers/STM32F3xx_HAL_Driver/Src/stm32f3xx_hal_adc_ex.o
 *fill*         0x080039e6        0x2 
 .text.ADC_Enable
                0x080039e8       0xc8 ./Drivers/STM32F3xx_HAL_Driver/Src/stm32f3xx_hal_adc_ex.o
 .text.ADC_Disable
                0x08003ab0       0xcc ./Drivers/STM32F3xx_HAL_Driver/Src/stm32f3xx_hal_adc_ex.o
 .text.ADC_ConversionStop
                0x08003b7c      0x16c ./Drivers/STM32F3xx_HAL_Driver/Src/stm32f3xx_hal_adc_ex.o
 .text.HAL_CAN_Init
                0x08003ce8      0x1f6 ./Drivers/STM32F3xx_HAL_Driver/Src/stm32f3xx_hal_can.o
                0x08003ce8                HAL_CAN_Init
 .text.HAL_CAN_ConfigFilter
                0x08003ede      0x194 ./Drivers/STM32F3xx_HAL_Driver/Src/stm32f3xx_hal_can.o
                0x08003ede                HAL_CAN_ConfigFilter
 .text.HAL_CAN_Start
                0x08004072       0x88 ./Drivers/STM32F3xx_HAL_Driver/Src/stm32f3xx_hal_can.o
                0x08004072                HAL_CAN_Start
 .text.HAL_CAN_AddTxMessage
                0x080040fa      0x1a0 ./Drivers/STM32F3xx_HAL_Driver/Src/stm32f3xx_hal_can.o
                0x080040fa                HAL_CAN_AddTxMessage
 .text.HAL_CAN_ActivateNotification
                0x0800429a       0x4c ./Drivers/STM32F3xx_HAL_Driver/Src/stm32f3xx_hal_can.o
                0x0800429a                HAL_CAN_ActivateNotification
 .text.HAL_CAN_IRQHandler
                0x080042e6      0x36e ./Drivers/STM32F3xx_HAL_Driver/Src/stm32f3xx_hal_can.o
                0x080042e6                HAL_CAN_IRQHandler
 .text.HAL_CAN_TxMailbox0CompleteCallback
                0x08004654       0x14 ./Drivers/STM32F3xx_HAL_Driver/Src/stm32f3xx_hal_can.o
                0x08004654                HAL_CAN_TxMailbox0CompleteCallback
 .text.HAL_CAN_TxMailbox1CompleteCallback
                0x08004668       0x14 ./Drivers/STM32F3xx_HAL_Driver/Src/stm32f3xx_hal_can.o
                0x08004668                HAL_CAN_TxMailbox1CompleteCallback
 .text.HAL_CAN_TxMailbox2CompleteCallback
                0x0800467c       0x14 ./Drivers/STM32F3xx_HAL_Driver/Src/stm32f3xx_hal_can.o
                0x0800467c                HAL_CAN_TxMailbox2CompleteCallback
 .text.HAL_CAN_TxMailbox0AbortCallback
                0x08004690       0x14 ./Drivers/STM32F3xx_HAL_Driver/Src/stm32f3xx_hal_can.o
                0x08004690                HAL_CAN_TxMailbox0AbortCallback
 .text.HAL_CAN_TxMailbox1AbortCallback
                0x080046a4       0x14 ./Drivers/STM32F3xx_HAL_Driver/Src/stm32f3xx_hal_can.o
                0x080046a4                HAL_CAN_TxMailbox1AbortCallback
 .text.HAL_CAN_TxMailbox2AbortCallback
                0x080046b8       0x14 ./Drivers/STM32F3xx_HAL_Driver/Src/stm32f3xx_hal_can.o
                0x080046b8                HAL_CAN_TxMailbox2AbortCallback
 .text.HAL_CAN_RxFifo0MsgPendingCallback
                0x080046cc       0x14 ./Drivers/STM32F3xx_HAL_Driver/Src/stm32f3xx_hal_can.o
                0x080046cc                HAL_CAN_RxFifo0MsgPendingCallback
 .text.HAL_CAN_RxFifo0FullCallback
                0x080046e0       0x14 ./Drivers/STM32F3xx_HAL_Driver/Src/stm32f3xx_hal_can.o
                0x080046e0                HAL_CAN_RxFifo0FullCallback
 .text.HAL_CAN_RxFifo1MsgPendingCallback
                0x080046f4       0x14 ./Drivers/STM32F3xx_HAL_Driver/Src/stm32f3xx_hal_can.o
                0x080046f4                HAL_CAN_RxFifo1MsgPendingCallback
 .text.HAL_CAN_RxFifo1FullCallback
                0x08004708       0x14 ./Drivers/STM32F3xx_HAL_Driver/Src/stm32f3xx_hal_can.o
                0x08004708                HAL_CAN_RxFifo1FullCallback
 .text.HAL_CAN_SleepCallback
                0x0800471c       0x14 ./Drivers/STM32F3xx_HAL_Driver/Src/stm32f3xx_hal_can.o
                0x0800471c                HAL_CAN_SleepCallback
 .text.HAL_CAN_WakeUpFromRxMsgCallback
                0x08004730       0x14 ./Drivers/STM32F3xx_HAL_Driver/Src/stm32f3xx_hal_can.o
                0x08004730                HAL_CAN_WakeUpFromRxMsgCallback
 .text.HAL_CAN_ErrorCallback
                0x08004744       0x14 ./Drivers/STM32F3xx_HAL_Driver/Src/stm32f3xx_hal_can.o
                0x08004744                HAL_CAN_ErrorCallback
 .text.__NVIC_SetPriorityGrouping
                0x08004758       0x48 ./Drivers/STM32F3xx_HAL_Driver/Src/stm32f3xx_hal_cortex.o
 .text.__NVIC_GetPriorityGrouping
                0x080047a0       0x1c ./Drivers/STM32F3xx_HAL_Driver/Src/stm32f3xx_hal_cortex.o
 .text.__NVIC_EnableIRQ
                0x080047bc       0x3c ./Drivers/STM32F3xx_HAL_Driver/Src/stm32f3xx_hal_cortex.o
 .text.__NVIC_SetPriority
                0x080047f8       0x54 ./Drivers/STM32F3xx_HAL_Driver/Src/stm32f3xx_hal_cortex.o
 .text.NVIC_EncodePriority
                0x0800484c       0x66 ./Drivers/STM32F3xx_HAL_Driver/Src/stm32f3xx_hal_cortex.o
 *fill*         0x080048b2        0x2 
 .text.SysTick_Config
                0x080048b4       0x44 ./Drivers/STM32F3xx_HAL_Driver/Src/stm32f3xx_hal_cortex.o
 .text.HAL_NVIC_SetPriorityGrouping
                0x080048f8       0x16 ./Drivers/STM32F3xx_HAL_Driver/Src/stm32f3xx_hal_cortex.o
                0x080048f8                HAL_NVIC_SetPriorityGrouping
 .text.HAL_NVIC_SetPriority
                0x0800490e       0x38 ./Drivers/STM32F3xx_HAL_Driver/Src/stm32f3xx_hal_cortex.o
                0x0800490e                HAL_NVIC_SetPriority
 .text.HAL_NVIC_EnableIRQ
                0x08004946       0x1c ./Drivers/STM32F3xx_HAL_Driver/Src/stm32f3xx_hal_cortex.o
                0x08004946                HAL_NVIC_EnableIRQ
 .text.HAL_SYSTICK_Config
                0x08004962       0x18 ./Drivers/STM32F3xx_HAL_Driver/Src/stm32f3xx_hal_cortex.o
                0x08004962                HAL_SYSTICK_Config
 .text.HAL_DMA_Start_IT
                0x0800497a       0xbe ./Drivers/STM32F3xx_HAL_Driver/Src/stm32f3xx_hal_dma.o
                0x0800497a                HAL_DMA_Start_IT
 .text.DMA_SetConfig
                0x08004a38       0x5c ./Drivers/STM32F3xx_HAL_Driver/Src/stm32f3xx_hal_dma.o
 .text.HAL_GPIO_Init
                0x08004a94      0x2e4 ./Drivers/STM32F3xx_HAL_Driver/Src/stm32f3xx_hal_gpio.o
                0x08004a94                HAL_GPIO_Init
 .text.HAL_GPIO_ReadPin
                0x08004d78       0x30 ./Drivers/STM32F3xx_HAL_Driver/Src/stm32f3xx_hal_gpio.o
                0x08004d78                HAL_GPIO_ReadPin
 .text.HAL_GPIO_WritePin
                0x08004da8       0x30 ./Drivers/STM32F3xx_HAL_Driver/Src/stm32f3xx_hal_gpio.o
                0x08004da8                HAL_GPIO_WritePin
 .text.HAL_GPIO_TogglePin
                0x08004dd8       0x34 ./Drivers/STM32F3xx_HAL_Driver/Src/stm32f3xx_hal_gpio.o
                0x08004dd8                HAL_GPIO_TogglePin
 .text.HAL_RCC_OscConfig
                0x08004e0c     0x101c ./Drivers/STM32F3xx_HAL_Driver/Src/stm32f3xx_hal_rcc.o
                0x08004e0c                HAL_RCC_OscConfig
 .text.HAL_RCC_ClockConfig
                0x08005e28      0x2dc ./Drivers/STM32F3xx_HAL_Driver/Src/stm32f3xx_hal_rcc.o
                0x08005e28                HAL_RCC_ClockConfig
 .text.HAL_RCC_GetSysClockFreq
                0x08006104       0xa8 ./Drivers/STM32F3xx_HAL_Driver/Src/stm32f3xx_hal_rcc.o
                0x08006104                HAL_RCC_GetSysClockFreq
 .text.HAL_RCC_GetHCLKFreq
                0x080061ac       0x18 ./Drivers/STM32F3xx_HAL_Driver/Src/stm32f3xx_hal_rcc.o
                0x080061ac                HAL_RCC_GetHCLKFreq
 .text.HAL_RCC_GetPCLK1Freq
                0x080061c4       0x44 ./Drivers/STM32F3xx_HAL_Driver/Src/stm32f3xx_hal_rcc.o
                0x080061c4                HAL_RCC_GetPCLK1Freq
 .text.HAL_RCC_GetPCLK2Freq
                0x08006208       0x44 ./Drivers/STM32F3xx_HAL_Driver/Src/stm32f3xx_hal_rcc.o
                0x08006208                HAL_RCC_GetPCLK2Freq
 .text.HAL_RCCEx_PeriphCLKConfig
                0x0800624c      0x248 ./Drivers/STM32F3xx_HAL_Driver/Src/stm32f3xx_hal_rcc_ex.o
                0x0800624c                HAL_RCCEx_PeriphCLKConfig
 .text.HAL_TIM_Base_Init
                0x08006494       0xae ./Drivers/STM32F3xx_HAL_Driver/Src/stm32f3xx_hal_tim.o
                0x08006494                HAL_TIM_Base_Init
 .text.HAL_TIM_IC_Init
                0x08006542       0xae ./Drivers/STM32F3xx_HAL_Driver/Src/stm32f3xx_hal_tim.o
                0x08006542                HAL_TIM_IC_Init
 .text.HAL_TIM_IRQHandler
                0x080065f0      0x204 ./Drivers/STM32F3xx_HAL_Driver/Src/stm32f3xx_hal_tim.o
                0x080065f0                HAL_TIM_IRQHandler
 .text.HAL_TIM_IC_ConfigChannel
                0x080067f4      0x138 ./Drivers/STM32F3xx_HAL_Driver/Src/stm32f3xx_hal_tim.o
                0x080067f4                HAL_TIM_IC_ConfigChannel
 .text.HAL_TIM_ConfigClockSource
                0x0800692c      0x192 ./Drivers/STM32F3xx_HAL_Driver/Src/stm32f3xx_hal_tim.o
                0x0800692c                HAL_TIM_ConfigClockSource
 .text.HAL_TIM_SlaveConfigSynchro
                0x08006abe       0x84 ./Drivers/STM32F3xx_HAL_Driver/Src/stm32f3xx_hal_tim.o
                0x08006abe                HAL_TIM_SlaveConfigSynchro
 *fill*         0x08006b42        0x2 
 .text.HAL_TIM_ReadCapturedValue
                0x08006b44       0x88 ./Drivers/STM32F3xx_HAL_Driver/Src/stm32f3xx_hal_tim.o
                0x08006b44                HAL_TIM_ReadCapturedValue
 .text.HAL_TIM_PeriodElapsedCallback
                0x08006bcc       0x14 ./Drivers/STM32F3xx_HAL_Driver/Src/stm32f3xx_hal_tim.o
                0x08006bcc                HAL_TIM_PeriodElapsedCallback
 .text.HAL_TIM_OC_DelayElapsedCallback
                0x08006be0       0x14 ./Drivers/STM32F3xx_HAL_Driver/Src/stm32f3xx_hal_tim.o
                0x08006be0                HAL_TIM_OC_DelayElapsedCallback
 .text.HAL_TIM_IC_CaptureCallback
                0x08006bf4       0x14 ./Drivers/STM32F3xx_HAL_Driver/Src/stm32f3xx_hal_tim.o
                0x08006bf4                HAL_TIM_IC_CaptureCallback
 .text.HAL_TIM_PWM_PulseFinishedCallback
                0x08006c08       0x14 ./Drivers/STM32F3xx_HAL_Driver/Src/stm32f3xx_hal_tim.o
                0x08006c08                HAL_TIM_PWM_PulseFinishedCallback
 .text.HAL_TIM_TriggerCallback
                0x08006c1c       0x14 ./Drivers/STM32F3xx_HAL_Driver/Src/stm32f3xx_hal_tim.o
                0x08006c1c                HAL_TIM_TriggerCallback
 .text.TIM_Base_SetConfig
                0x08006c30      0x108 ./Drivers/STM32F3xx_HAL_Driver/Src/stm32f3xx_hal_tim.o
                0x08006c30                TIM_Base_SetConfig
 .text.TIM_SlaveTimer_SetConfig
                0x08006d38      0x126 ./Drivers/STM32F3xx_HAL_Driver/Src/stm32f3xx_hal_tim.o
 *fill*         0x08006e5e        0x2 
 .text.TIM_TI1_SetConfig
                0x08006e60       0xb8 ./Drivers/STM32F3xx_HAL_Driver/Src/stm32f3xx_hal_tim.o
                0x08006e60                TIM_TI1_SetConfig
 .text.TIM_TI1_ConfigInputStage
                0x08006f18       0x5e ./Drivers/STM32F3xx_HAL_Driver/Src/stm32f3xx_hal_tim.o
 .text.TIM_TI2_SetConfig
                0x08006f76       0x7a ./Drivers/STM32F3xx_HAL_Driver/Src/stm32f3xx_hal_tim.o
 .text.TIM_TI2_ConfigInputStage
                0x08006ff0       0x60 ./Drivers/STM32F3xx_HAL_Driver/Src/stm32f3xx_hal_tim.o
 .text.TIM_TI3_SetConfig
                0x08007050       0x78 ./Drivers/STM32F3xx_HAL_Driver/Src/stm32f3xx_hal_tim.o
 .text.TIM_TI4_SetConfig
                0x080070c8       0x7a ./Drivers/STM32F3xx_HAL_Driver/Src/stm32f3xx_hal_tim.o
 .text.TIM_ITRx_SetConfig
                0x08007142       0x36 ./Drivers/STM32F3xx_HAL_Driver/Src/stm32f3xx_hal_tim.o
 .text.TIM_ETR_SetConfig
                0x08007178       0x40 ./Drivers/STM32F3xx_HAL_Driver/Src/stm32f3xx_hal_tim.o
                0x08007178                TIM_ETR_SetConfig
 .text.HAL_TIMEx_MasterConfigSynchronization
                0x080071b8       0xdc ./Drivers/STM32F3xx_HAL_Driver/Src/stm32f3xx_hal_tim_ex.o
                0x080071b8                HAL_TIMEx_MasterConfigSynchronization
 .text.HAL_TIMEx_CommutCallback
                0x08007294       0x14 ./Drivers/STM32F3xx_HAL_Driver/Src/stm32f3xx_hal_tim_ex.o
                0x08007294                HAL_TIMEx_CommutCallback
 .text.HAL_TIMEx_BreakCallback
                0x080072a8       0x14 ./Drivers/STM32F3xx_HAL_Driver/Src/stm32f3xx_hal_tim_ex.o
                0x080072a8                HAL_TIMEx_BreakCallback
 .text.HAL_TIMEx_Break2Callback
                0x080072bc       0x14 ./Drivers/STM32F3xx_HAL_Driver/Src/stm32f3xx_hal_tim_ex.o
                0x080072bc                HAL_TIMEx_Break2Callback
 .text.HAL_UART_Init
                0x080072d0       0x9c ./Drivers/STM32F3xx_HAL_Driver/Src/stm32f3xx_hal_uart.o
                0x080072d0                HAL_UART_Init
 .text.UART_SetConfig
                0x0800736c      0x26c ./Drivers/STM32F3xx_HAL_Driver/Src/stm32f3xx_hal_uart.o
                0x0800736c                UART_SetConfig
 .text.UART_AdvFeatureConfig
                0x080075d8      0x144 ./Drivers/STM32F3xx_HAL_Driver/Src/stm32f3xx_hal_uart.o
                0x080075d8                UART_AdvFeatureConfig
 .text.UART_CheckIdleState
                0x0800771c      0x150 ./Drivers/STM32F3xx_HAL_Driver/Src/stm32f3xx_hal_uart.o
                0x0800771c                UART_CheckIdleState
 .text.UART_WaitOnFlagUntilTimeout
                0x0800786c       0xda ./Drivers/STM32F3xx_HAL_Driver/Src/stm32f3xx_hal_uart.o
                0x0800786c                UART_WaitOnFlagUntilTimeout
 .text.UART_EndRxTransfer
                0x08007946       0xc8 ./Drivers/STM32F3xx_HAL_Driver/Src/stm32f3xx_hal_uart.o
 .text.memset   0x08007a0e       0x10 C:/ST/STM32CubeIDE_1.19.0/STM32CubeIDE/plugins/com.st.stm32cube.ide.mcu.externaltools.gnu-tools-for-stm32.13.3.rel1.win32_1.0.0.202411081344/tools/bin/../lib/gcc/arm-none-eabi/13.3.1/../../../../arm-none-eabi/lib/thumb/v7e-m+fp/hard\libc_nano.a(libc_a-memset.o)
                0x08007a0e                memset
 *fill*         0x08007a1e        0x2 
 .text.__libc_init_array
                0x08007a20       0x48 C:/ST/STM32CubeIDE_1.19.0/STM32CubeIDE/plugins/com.st.stm32cube.ide.mcu.externaltools.gnu-tools-for-stm32.13.3.rel1.win32_1.0.0.202411081344/tools/bin/../lib/gcc/arm-none-eabi/13.3.1/../../../../arm-none-eabi/lib/thumb/v7e-m+fp/hard\libc_nano.a(libc_a-init.o)
                0x08007a20                __libc_init_array
 *(.glue_7)
 .glue_7        0x08007a68        0x0 linker stubs
 *(.glue_7t)
 .glue_7t       0x08007a68        0x0 linker stubs
 *(.eh_frame)
 .eh_frame      0x08007a68        0x0 C:/ST/STM32CubeIDE_1.19.0/STM32CubeIDE/plugins/com.st.stm32cube.ide.mcu.externaltools.gnu-tools-for-stm32.13.3.rel1.win32_1.0.0.202411081344/tools/bin/../lib/gcc/arm-none-eabi/13.3.1/thumb/v7e-m+fp/hard/crtbegin.o
 *(.init)
 .init          0x08007a68        0x4 C:/ST/STM32CubeIDE_1.19.0/STM32CubeIDE/plugins/com.st.stm32cube.ide.mcu.externaltools.gnu-tools-for-stm32.13.3.rel1.win32_1.0.0.202411081344/tools/bin/../lib/gcc/arm-none-eabi/13.3.1/thumb/v7e-m+fp/hard/crti.o
                0x08007a68                _init
 .init          0x08007a6c        0x8 C:/ST/STM32CubeIDE_1.19.0/STM32CubeIDE/plugins/com.st.stm32cube.ide.mcu.externaltools.gnu-tools-for-stm32.13.3.rel1.win32_1.0.0.202411081344/tools/bin/../lib/gcc/arm-none-eabi/13.3.1/thumb/v7e-m+fp/hard/crtn.o
 *(.fini)
 .fini          0x08007a74        0x4 C:/ST/STM32CubeIDE_1.19.0/STM32CubeIDE/plugins/com.st.stm32cube.ide.mcu.externaltools.gnu-tools-for-stm32.13.3.rel1.win32_1.0.0.202411081344/tools/bin/../lib/gcc/arm-none-eabi/13.3.1/thumb/v7e-m+fp/hard/crti.o
                0x08007a74                _fini
 .fini          0x08007a78        0x8 C:/ST/STM32CubeIDE_1.19.0/STM32CubeIDE/plugins/com.st.stm32cube.ide.mcu.externaltools.gnu-tools-for-stm32.13.3.rel1.win32_1.0.0.202411081344/tools/bin/../lib/gcc/arm-none-eabi/13.3.1/thumb/v7e-m+fp/hard/crtn.o
                0x08007a80                        . = ALIGN (0x4)
                0x08007a80                        _etext = .

.vfp11_veneer   0x08007a80        0x0
 .vfp11_veneer  0x08007a80        0x0 linker stubs

.v4_bx          0x08007a80        0x0
 .v4_bx         0x08007a80        0x0 linker stubs

.iplt           0x08007a80        0x0
 .iplt          0x08007a80        0x0 C:/ST/STM32CubeIDE_1.19.0/STM32CubeIDE/plugins/com.st.stm32cube.ide.mcu.externaltools.gnu-tools-for-stm32.13.3.rel1.win32_1.0.0.202411081344/tools/bin/../lib/gcc/arm-none-eabi/13.3.1/thumb/v7e-m+fp/hard/crtbegin.o

.rodata         0x08007a80       0x68
                0x08007a80                        . = ALIGN (0x4)
 *(.rodata)
 *(.rodata*)
 .rodata.currentRange
                0x08007a80       0x30 ./App/Src/type2.o
 .rodata.AHBPrescTable
                0x08007ab0       0x10 ./Core/Src/system_stm32f3xx.o
                0x08007ab0                AHBPrescTable
 .rodata.APBPrescTable
                0x08007ac0        0x8 ./Core/Src/system_stm32f3xx.o
                0x08007ac0                APBPrescTable
 .rodata.aPLLMULFactorTable
                0x08007ac8       0x10 ./Drivers/STM32F3xx_HAL_Driver/Src/stm32f3xx_hal_rcc.o
 .rodata.aPredivFactorTable
                0x08007ad8       0x10 ./Drivers/STM32F3xx_HAL_Driver/Src/stm32f3xx_hal_rcc.o
                0x08007ae8                        . = ALIGN (0x4)

.ARM.extab      0x08007ae8        0x0
                0x08007ae8                        . = ALIGN (0x4)
 *(.ARM.extab* .gnu.linkonce.armextab.*)
                0x08007ae8                        . = ALIGN (0x4)

.ARM            0x08007ae8        0x8
                0x08007ae8                        . = ALIGN (0x4)
                0x08007ae8                        __exidx_start = .
 *(.ARM.exidx*)
 .ARM.exidx     0x08007ae8        0x8 C:/ST/STM32CubeIDE_1.19.0/STM32CubeIDE/plugins/com.st.stm32cube.ide.mcu.externaltools.gnu-tools-for-stm32.13.3.rel1.win32_1.0.0.202411081344/tools/bin/../lib/gcc/arm-none-eabi/13.3.1/thumb/v7e-m+fp/hard\libgcc.a(_udivmoddi4.o)
                0x08007af0                        __exidx_end = .
                0x08007af0                        . = ALIGN (0x4)

.preinit_array  0x08007af0        0x0
                0x08007af0                        . = ALIGN (0x4)
                0x08007af0                        PROVIDE (__preinit_array_start = .)
 *(.preinit_array*)
                0x08007af0                        PROVIDE (__preinit_array_end = .)
                0x08007af0                        . = ALIGN (0x4)

.init_array     0x08007af0        0x4
                0x08007af0                        . = ALIGN (0x4)
                0x08007af0                        PROVIDE (__init_array_start = .)
 *(SORT_BY_NAME(.init_array.*))
 *(.init_array*)
 .init_array    0x08007af0        0x4 C:/ST/STM32CubeIDE_1.19.0/STM32CubeIDE/plugins/com.st.stm32cube.ide.mcu.externaltools.gnu-tools-for-stm32.13.3.rel1.win32_1.0.0.202411081344/tools/bin/../lib/gcc/arm-none-eabi/13.3.1/thumb/v7e-m+fp/hard/crtbegin.o
                0x08007af4                        PROVIDE (__init_array_end = .)
                0x08007af4                        . = ALIGN (0x4)

.fini_array     0x08007af4        0x4
                0x08007af4                        . = ALIGN (0x4)
                [!provide]                        PROVIDE (__fini_array_start = .)
 *(SORT_BY_NAME(.fini_array.*))
 *(.fini_array*)
 .fini_array    0x08007af4        0x4 C:/ST/STM32CubeIDE_1.19.0/STM32CubeIDE/plugins/com.st.stm32cube.ide.mcu.externaltools.gnu-tools-for-stm32.13.3.rel1.win32_1.0.0.202411081344/tools/bin/../lib/gcc/arm-none-eabi/13.3.1/thumb/v7e-m+fp/hard/crtbegin.o
                [!provide]                        PROVIDE (__fini_array_end = .)
                0x08007af8                        . = ALIGN (0x4)
                0x08007af8                        _sidata = LOADADDR (.data)

.rel.dyn        0x08007af8        0x0
 .rel.iplt      0x08007af8        0x0 C:/ST/STM32CubeIDE_1.19.0/STM32CubeIDE/plugins/com.st.stm32cube.ide.mcu.externaltools.gnu-tools-for-stm32.13.3.rel1.win32_1.0.0.202411081344/tools/bin/../lib/gcc/arm-none-eabi/13.3.1/thumb/v7e-m+fp/hard/crtbegin.o

.data           0x20000000       0x90 load address 0x08007af8
                0x20000000                        . = ALIGN (0x4)
                0x20000000                        _sdata = .
 *(.data)
 *(.data*)
 .data.ADC_CONVERTED_CHANNELS
                0x20000000        0x4 ./App/EKO_DRIVERS/Src/adc_driver.o
 .data.ADC_RANKS_REGS
                0x20000004       0x40 ./App/EKO_DRIVERS/Src/adc_driver.o
 .data.ADC_RANKS_BITPOS
                0x20000044       0x40 ./App/EKO_DRIVERS/Src/adc_driver.o
 .data.SystemCoreClock
                0x20000084        0x4 ./Core/Src/system_stm32f3xx.o
                0x20000084                SystemCoreClock
 .data.uwTickPrio
                0x20000088        0x4 ./Drivers/STM32F3xx_HAL_Driver/Src/stm32f3xx_hal.o
                0x20000088                uwTickPrio
 .data.uwTickFreq
                0x2000008c        0x1 ./Drivers/STM32F3xx_HAL_Driver/Src/stm32f3xx_hal.o
                0x2000008c                uwTickFreq
 *(.RamFunc)
 *(.RamFunc*)
                0x20000090                        . = ALIGN (0x4)
 *fill*         0x2000008d        0x3 
                0x20000090                        _edata = .
                0x08007b88                        _siccmram = LOADADDR (.ccmram)

.igot.plt       0x20000090        0x0 load address 0x08007b88
 .igot.plt      0x20000090        0x0 C:/ST/STM32CubeIDE_1.19.0/STM32CubeIDE/plugins/com.st.stm32cube.ide.mcu.externaltools.gnu-tools-for-stm32.13.3.rel1.win32_1.0.0.202411081344/tools/bin/../lib/gcc/arm-none-eabi/13.3.1/thumb/v7e-m+fp/hard/crtbegin.o

.ccmram         0x10000000        0x0 load address 0x08007b88
                0x10000000                        . = ALIGN (0x4)
                0x10000000                        _sccmram = .
 *(.ccmram)
 *(.ccmram*)
                0x10000000                        . = ALIGN (0x4)
                0x10000000                        _eccmram = .
                0x10000000                        . = ALIGN (0x4)

.bss            0x20000090      0x764
                0x20000090                        _sbss = .
                0x20000090                        __bss_start__ = _sbss
 *(.bss)
 .bss           0x20000090       0x1c C:/ST/STM32CubeIDE_1.19.0/STM32CubeIDE/plugins/com.st.stm32cube.ide.mcu.externaltools.gnu-tools-for-stm32.13.3.rel1.win32_1.0.0.202411081344/tools/bin/../lib/gcc/arm-none-eabi/13.3.1/thumb/v7e-m+fp/hard/crtbegin.o
 *(.bss*)
 .bss.maxChargerCurrent
                0x200000ac        0x4 ./App/Src/app.o
 .bss.Type2_state
                0x200000b0        0x1 ./App/Src/app.o
 *fill*         0x200000b1        0x3 
 .bss.CAN_buffer
                0x200000b4      0x508 ./App/Src/app.o
 .bss.ADC_buffer
                0x200005bc       0x24 ./App/Src/app.o
 .bss.ADC_channels
                0x200005e0        0x1 ./App/Src/app.o
 *fill*         0x200005e1        0x3 
 .bss.PWM_sig   0x200005e4       0x24 ./App/Src/app.o
 .bss.phaseStatus
                0x20000608        0x1 ./App/Src/app.o
 *fill*         0x20000609        0x3 
 .bss.hadc1     0x2000060c       0x50 ./Core/Src/adc.o
                0x2000060c                hadc1
 .bss.hcan      0x2000065c       0x28 ./Core/Src/can.o
                0x2000065c                hcan
 .bss.htim1     0x20000684       0x4c ./Core/Src/tim.o
                0x20000684                htim1
 .bss.htim2     0x200006d0       0x4c ./Core/Src/tim.o
                0x200006d0                htim2
 .bss.htim3     0x2000071c       0x4c ./Core/Src/tim.o
                0x2000071c                htim3
 .bss.huart1    0x20000768       0x88 ./Core/Src/usart.o
                0x20000768                huart1
 .bss.uwTick    0x200007f0        0x4 ./Drivers/STM32F3xx_HAL_Driver/Src/stm32f3xx_hal.o
                0x200007f0                uwTick
 *(COMMON)
                0x200007f4                        . = ALIGN (0x4)
                0x200007f4                        _ebss = .
                0x200007f4                        __bss_end__ = _ebss

._user_heap_stack
                0x200007f4      0x604
                0x200007f8                        . = ALIGN (0x8)
 *fill*         0x200007f4        0x4 
                [!provide]                        PROVIDE (end = .)
                0x200007f8                        PROVIDE (_end = .)
                0x200009f8                        . = (. + _Min_Heap_Size)
 *fill*         0x200007f8      0x200 
                0x20000df8                        . = (. + _Min_Stack_Size)
 *fill*         0x200009f8      0x400 
                0x20000df8                        . = ALIGN (0x8)

/DISCARD/
 libc.a(*)
 libm.a(*)
 libgcc.a(*)

.ARM.attributes
                0x00000000       0x30
 *(.ARM.attributes)
 .ARM.attributes
                0x00000000       0x22 C:/ST/STM32CubeIDE_1.19.0/STM32CubeIDE/plugins/com.st.stm32cube.ide.mcu.externaltools.gnu-tools-for-stm32.13.3.rel1.win32_1.0.0.202411081344/tools/bin/../lib/gcc/arm-none-eabi/13.3.1/thumb/v7e-m+fp/hard/crti.o
 .ARM.attributes
                0x00000022       0x34 C:/ST/STM32CubeIDE_1.19.0/STM32CubeIDE/plugins/com.st.stm32cube.ide.mcu.externaltools.gnu-tools-for-stm32.13.3.rel1.win32_1.0.0.202411081344/tools/bin/../lib/gcc/arm-none-eabi/13.3.1/thumb/v7e-m+fp/hard/crtbegin.o
 .ARM.attributes
                0x00000056       0x34 ./App/EKO_DRIVERS/Src/adc_driver.o
 .ARM.attributes
                0x0000008a       0x34 ./App/EKO_DRIVERS/Src/can_driver.o
 .ARM.attributes
                0x000000be       0x34 ./App/EKO_DRIVERS/Src/pwm_driver.o
 .ARM.attributes
                0x000000f2       0x34 ./App/Src/app.o
 .ARM.attributes
                0x00000126       0x34 ./App/Src/type2.o
 .ARM.attributes
                0x0000015a       0x34 ./Core/Src/adc.o
 .ARM.attributes
                0x0000018e       0x34 ./Core/Src/can.o
 .ARM.attributes
                0x000001c2       0x34 ./Core/Src/gpio.o
 .ARM.attributes
                0x000001f6       0x34 ./Core/Src/main.o
 .ARM.attributes
                0x0000022a       0x34 ./Core/Src/stm32f3xx_hal_msp.o
 .ARM.attributes
                0x0000025e       0x34 ./Core/Src/stm32f3xx_it.o
 .ARM.attributes
                0x00000292       0x34 ./Core/Src/system_stm32f3xx.o
 .ARM.attributes
                0x000002c6       0x34 ./Core/Src/tim.o
 .ARM.attributes
                0x000002fa       0x34 ./Core/Src/usart.o
 .ARM.attributes
                0x0000032e       0x21 ./Core/Startup/startup_stm32f303k8tx.o
 .ARM.attributes
                0x0000034f       0x34 ./Drivers/STM32F3xx_HAL_Driver/Src/stm32f3xx_hal.o
 .ARM.attributes
                0x00000383       0x34 ./Drivers/STM32F3xx_HAL_Driver/Src/stm32f3xx_hal_adc.o
 .ARM.attributes
                0x000003b7       0x34 ./Drivers/STM32F3xx_HAL_Driver/Src/stm32f3xx_hal_adc_ex.o
 .ARM.attributes
                0x000003eb       0x34 ./Drivers/STM32F3xx_HAL_Driver/Src/stm32f3xx_hal_can.o
 .ARM.attributes
                0x0000041f       0x34 ./Drivers/STM32F3xx_HAL_Driver/Src/stm32f3xx_hal_cortex.o
 .ARM.attributes
                0x00000453       0x34 ./Drivers/STM32F3xx_HAL_Driver/Src/stm32f3xx_hal_dma.o
 .ARM.attributes
                0x00000487       0x34 ./Drivers/STM32F3xx_HAL_Driver/Src/stm32f3xx_hal_gpio.o
 .ARM.attributes
                0x000004bb       0x34 ./Drivers/STM32F3xx_HAL_Driver/Src/stm32f3xx_hal_rcc.o
 .ARM.attributes
                0x000004ef       0x34 ./Drivers/STM32F3xx_HAL_Driver/Src/stm32f3xx_hal_rcc_ex.o
 .ARM.attributes
                0x00000523       0x34 ./Drivers/STM32F3xx_HAL_Driver/Src/stm32f3xx_hal_tim.o
 .ARM.attributes
                0x00000557       0x34 ./Drivers/STM32F3xx_HAL_Driver/Src/stm32f3xx_hal_tim_ex.o
 .ARM.attributes
                0x0000058b       0x34 ./Drivers/STM32F3xx_HAL_Driver/Src/stm32f3xx_hal_uart.o
 .ARM.attributes
                0x000005bf       0x34 C:/ST/STM32CubeIDE_1.19.0/STM32CubeIDE/plugins/com.st.stm32cube.ide.mcu.externaltools.gnu-tools-for-stm32.13.3.rel1.win32_1.0.0.202411081344/tools/bin/../lib/gcc/arm-none-eabi/13.3.1/../../../../arm-none-eabi/lib/thumb/v7e-m+fp/hard\libc_nano.a(libc_a-memset.o)
 .ARM.attributes
                0x000005f3       0x34 C:/ST/STM32CubeIDE_1.19.0/STM32CubeIDE/plugins/com.st.stm32cube.ide.mcu.externaltools.gnu-tools-for-stm32.13.3.rel1.win32_1.0.0.202411081344/tools/bin/../lib/gcc/arm-none-eabi/13.3.1/../../../../arm-none-eabi/lib/thumb/v7e-m+fp/hard\libc_nano.a(libc_a-init.o)
 .ARM.attributes
                0x00000627       0x22 C:/ST/STM32CubeIDE_1.19.0/STM32CubeIDE/plugins/com.st.stm32cube.ide.mcu.externaltools.gnu-tools-for-stm32.13.3.rel1.win32_1.0.0.202411081344/tools/bin/../lib/gcc/arm-none-eabi/13.3.1/thumb/v7e-m+fp/hard\libgcc.a(_arm_muldf3.o)
 .ARM.attributes
                0x00000649       0x22 C:/ST/STM32CubeIDE_1.19.0/STM32CubeIDE/plugins/com.st.stm32cube.ide.mcu.externaltools.gnu-tools-for-stm32.13.3.rel1.win32_1.0.0.202411081344/tools/bin/../lib/gcc/arm-none-eabi/13.3.1/thumb/v7e-m+fp/hard\libgcc.a(_arm_addsubdf3.o)
 .ARM.attributes
                0x0000066b       0x22 C:/ST/STM32CubeIDE_1.19.0/STM32CubeIDE/plugins/com.st.stm32cube.ide.mcu.externaltools.gnu-tools-for-stm32.13.3.rel1.win32_1.0.0.202411081344/tools/bin/../lib/gcc/arm-none-eabi/13.3.1/thumb/v7e-m+fp/hard\libgcc.a(_arm_truncdfsf2.o)
 .ARM.attributes
                0x0000068d       0x22 C:/ST/STM32CubeIDE_1.19.0/STM32CubeIDE/plugins/com.st.stm32cube.ide.mcu.externaltools.gnu-tools-for-stm32.13.3.rel1.win32_1.0.0.202411081344/tools/bin/../lib/gcc/arm-none-eabi/13.3.1/thumb/v7e-m+fp/hard\libgcc.a(_aeabi_uldivmod.o)
 .ARM.attributes
                0x000006af       0x34 C:/ST/STM32CubeIDE_1.19.0/STM32CubeIDE/plugins/com.st.stm32cube.ide.mcu.externaltools.gnu-tools-for-stm32.13.3.rel1.win32_1.0.0.202411081344/tools/bin/../lib/gcc/arm-none-eabi/13.3.1/thumb/v7e-m+fp/hard\libgcc.a(_udivmoddi4.o)
 .ARM.attributes
                0x000006e3       0x22 C:/ST/STM32CubeIDE_1.19.0/STM32CubeIDE/plugins/com.st.stm32cube.ide.mcu.externaltools.gnu-tools-for-stm32.13.3.rel1.win32_1.0.0.202411081344/tools/bin/../lib/gcc/arm-none-eabi/13.3.1/thumb/v7e-m+fp/hard\libgcc.a(_dvmd_tls.o)
 .ARM.attributes
                0x00000705       0x22 C:/ST/STM32CubeIDE_1.19.0/STM32CubeIDE/plugins/com.st.stm32cube.ide.mcu.externaltools.gnu-tools-for-stm32.13.3.rel1.win32_1.0.0.202411081344/tools/bin/../lib/gcc/arm-none-eabi/13.3.1/thumb/v7e-m+fp/hard/crtn.o
OUTPUT(RCD_F303.elf elf32-littlearm)
LOAD linker stubs
LOAD C:/ST/STM32CubeIDE_1.19.0/STM32CubeIDE/plugins/com.st.stm32cube.ide.mcu.externaltools.gnu-tools-for-stm32.13.3.rel1.win32_1.0.0.202411081344/tools/bin/../lib/gcc/arm-none-eabi/13.3.1/../../../../arm-none-eabi/lib/thumb/v7e-m+fp/hard\libc.a
LOAD C:/ST/STM32CubeIDE_1.19.0/STM32CubeIDE/plugins/com.st.stm32cube.ide.mcu.externaltools.gnu-tools-for-stm32.13.3.rel1.win32_1.0.0.202411081344/tools/bin/../lib/gcc/arm-none-eabi/13.3.1/../../../../arm-none-eabi/lib/thumb/v7e-m+fp/hard\libm.a
LOAD C:/ST/STM32CubeIDE_1.19.0/STM32CubeIDE/plugins/com.st.stm32cube.ide.mcu.externaltools.gnu-tools-for-stm32.13.3.rel1.win32_1.0.0.202411081344/tools/bin/../lib/gcc/arm-none-eabi/13.3.1/thumb/v7e-m+fp/hard\libgcc.a

.debug_info     0x00000000    0x15968
 .debug_info    0x00000000      0xca8 ./App/EKO_DRIVERS/Src/adc_driver.o
 .debug_info    0x00000ca8      0x878 ./App/EKO_DRIVERS/Src/can_driver.o
 .debug_info    0x00001520      0x7f3 ./App/EKO_DRIVERS/Src/pwm_driver.o
 .debug_info    0x00001d13     0x1500 ./App/Src/app.o
 .debug_info    0x00003213      0x1f8 ./App/Src/type2.o
 .debug_info    0x0000340b      0xa75 ./Core/Src/adc.o
 .debug_info    0x00003e80      0x8e8 ./Core/Src/can.o
 .debug_info    0x00004768      0x305 ./Core/Src/gpio.o
 .debug_info    0x00004a6d      0x45f ./Core/Src/main.o
 .debug_info    0x00004ecc      0x18d ./Core/Src/stm32f3xx_hal_msp.o
 .debug_info    0x00005059      0xabf ./Core/Src/stm32f3xx_it.o
 .debug_info    0x00005b18      0x407 ./Core/Src/system_stm32f3xx.o
 .debug_info    0x00005f1f      0xe81 ./Core/Src/tim.o
 .debug_info    0x00006da0      0x91d ./Core/Src/usart.o
 .debug_info    0x000076bd       0x30 ./Core/Startup/startup_stm32f303k8tx.o
 .debug_info    0x000076ed      0x74a ./Drivers/STM32F3xx_HAL_Driver/Src/stm32f3xx_hal.o
 .debug_info    0x00007e37      0xb32 ./Drivers/STM32F3xx_HAL_Driver/Src/stm32f3xx_hal_adc.o
 .debug_info    0x00008969     0x15b2 ./Drivers/STM32F3xx_HAL_Driver/Src/stm32f3xx_hal_adc_ex.o
 .debug_info    0x00009f1b      0xf02 ./Drivers/STM32F3xx_HAL_Driver/Src/stm32f3xx_hal_can.o
 .debug_info    0x0000ae1d      0xa87 ./Drivers/STM32F3xx_HAL_Driver/Src/stm32f3xx_hal_cortex.o
 .debug_info    0x0000b8a4      0x6e1 ./Drivers/STM32F3xx_HAL_Driver/Src/stm32f3xx_hal_dma.o
 .debug_info    0x0000bf85      0x6a6 ./Drivers/STM32F3xx_HAL_Driver/Src/stm32f3xx_hal_gpio.o
 .debug_info    0x0000c62b     0x148a ./Drivers/STM32F3xx_HAL_Driver/Src/stm32f3xx_hal_rcc.o
 .debug_info    0x0000dab5      0x52e ./Drivers/STM32F3xx_HAL_Driver/Src/stm32f3xx_hal_rcc_ex.o
 .debug_info    0x0000dfe3     0x2a70 ./Drivers/STM32F3xx_HAL_Driver/Src/stm32f3xx_hal_tim.o
 .debug_info    0x00010a53     0x156d ./Drivers/STM32F3xx_HAL_Driver/Src/stm32f3xx_hal_tim_ex.o
 .debug_info    0x00011fc0     0x39a8 ./Drivers/STM32F3xx_HAL_Driver/Src/stm32f3xx_hal_uart.o

.debug_abbrev   0x00000000     0x3525
 .debug_abbrev  0x00000000      0x292 ./App/EKO_DRIVERS/Src/adc_driver.o
 .debug_abbrev  0x00000292      0x229 ./App/EKO_DRIVERS/Src/can_driver.o
 .debug_abbrev  0x000004bb      0x1a8 ./App/EKO_DRIVERS/Src/pwm_driver.o
 .debug_abbrev  0x00000663      0x2b1 ./App/Src/app.o
 .debug_abbrev  0x00000914      0x106 ./App/Src/type2.o
 .debug_abbrev  0x00000a1a      0x205 ./Core/Src/adc.o
 .debug_abbrev  0x00000c1f      0x207 ./Core/Src/can.o
 .debug_abbrev  0x00000e26      0x151 ./Core/Src/gpio.o
 .debug_abbrev  0x00000f77      0x1a6 ./Core/Src/main.o
 .debug_abbrev  0x0000111d       0xc6 ./Core/Src/stm32f3xx_hal_msp.o
 .debug_abbrev  0x000011e3      0x1da ./Core/Src/stm32f3xx_it.o
 .debug_abbrev  0x000013bd      0x11a ./Core/Src/system_stm32f3xx.o
 .debug_abbrev  0x000014d7      0x254 ./Core/Src/tim.o
 .debug_abbrev  0x0000172b      0x1f5 ./Core/Src/usart.o
 .debug_abbrev  0x00001920       0x24 ./Core/Startup/startup_stm32f303k8tx.o
 .debug_abbrev  0x00001944      0x215 ./Drivers/STM32F3xx_HAL_Driver/Src/stm32f3xx_hal.o
 .debug_abbrev  0x00001b59      0x186 ./Drivers/STM32F3xx_HAL_Driver/Src/stm32f3xx_hal_adc.o
 .debug_abbrev  0x00001cdf      0x28e ./Drivers/STM32F3xx_HAL_Driver/Src/stm32f3xx_hal_adc_ex.o
 .debug_abbrev  0x00001f6d      0x1fc ./Drivers/STM32F3xx_HAL_Driver/Src/stm32f3xx_hal_can.o
 .debug_abbrev  0x00002169      0x2f8 ./Drivers/STM32F3xx_HAL_Driver/Src/stm32f3xx_hal_cortex.o
 .debug_abbrev  0x00002461      0x20d ./Drivers/STM32F3xx_HAL_Driver/Src/stm32f3xx_hal_dma.o
 .debug_abbrev  0x0000266e      0x1ca ./Drivers/STM32F3xx_HAL_Driver/Src/stm32f3xx_hal_gpio.o
 .debug_abbrev  0x00002838      0x300 ./Drivers/STM32F3xx_HAL_Driver/Src/stm32f3xx_hal_rcc.o
 .debug_abbrev  0x00002b38      0x221 ./Drivers/STM32F3xx_HAL_Driver/Src/stm32f3xx_hal_rcc_ex.o
 .debug_abbrev  0x00002d59      0x278 ./Drivers/STM32F3xx_HAL_Driver/Src/stm32f3xx_hal_tim.o
 .debug_abbrev  0x00002fd1      0x283 ./Drivers/STM32F3xx_HAL_Driver/Src/stm32f3xx_hal_tim_ex.o
 .debug_abbrev  0x00003254      0x2d1 ./Drivers/STM32F3xx_HAL_Driver/Src/stm32f3xx_hal_uart.o

.debug_aranges  0x00000000     0x11a8
 .debug_aranges
                0x00000000       0x58 ./App/EKO_DRIVERS/Src/adc_driver.o
 .debug_aranges
                0x00000058       0x38 ./App/EKO_DRIVERS/Src/can_driver.o
 .debug_aranges
                0x00000090       0x28 ./App/EKO_DRIVERS/Src/pwm_driver.o
 .debug_aranges
                0x000000b8       0x40 ./App/Src/app.o
 .debug_aranges
                0x000000f8       0x30 ./App/Src/type2.o
 .debug_aranges
                0x00000128       0x30 ./Core/Src/adc.o
 .debug_aranges
                0x00000158       0x30 ./Core/Src/can.o
 .debug_aranges
                0x00000188       0x20 ./Core/Src/gpio.o
 .debug_aranges
                0x000001a8       0x30 ./Core/Src/main.o
 .debug_aranges
                0x000001d8       0x20 ./Core/Src/stm32f3xx_hal_msp.o
 .debug_aranges
                0x000001f8       0x78 ./Core/Src/stm32f3xx_it.o
 .debug_aranges
                0x00000270       0x28 ./Core/Src/system_stm32f3xx.o
 .debug_aranges
                0x00000298       0x50 ./Core/Src/tim.o
 .debug_aranges
                0x000002e8       0x30 ./Core/Src/usart.o
 .debug_aranges
                0x00000318       0x28 ./Core/Startup/startup_stm32f303k8tx.o
 .debug_aranges
                0x00000340       0xe0 ./Drivers/STM32F3xx_HAL_Driver/Src/stm32f3xx_hal.o
 .debug_aranges
                0x00000420       0xc8 ./Drivers/STM32F3xx_HAL_Driver/Src/stm32f3xx_hal_adc.o
 .debug_aranges
                0x000004e8      0x168 ./Drivers/STM32F3xx_HAL_Driver/Src/stm32f3xx_hal_adc_ex.o
 .debug_aranges
                0x00000650      0x138 ./Drivers/STM32F3xx_HAL_Driver/Src/stm32f3xx_hal_can.o
 .debug_aranges
                0x00000788      0x100 ./Drivers/STM32F3xx_HAL_Driver/Src/stm32f3xx_hal_cortex.o
 .debug_aranges
                0x00000888       0x88 ./Drivers/STM32F3xx_HAL_Driver/Src/stm32f3xx_hal_dma.o
 .debug_aranges
                0x00000910       0x58 ./Drivers/STM32F3xx_HAL_Driver/Src/stm32f3xx_hal_gpio.o
 .debug_aranges
                0x00000968       0x88 ./Drivers/STM32F3xx_HAL_Driver/Src/stm32f3xx_hal_rcc.o
 .debug_aranges
                0x000009f0       0x38 ./Drivers/STM32F3xx_HAL_Driver/Src/stm32f3xx_hal_rcc_ex.o
 .debug_aranges
                0x00000a28      0x3e0 ./Drivers/STM32F3xx_HAL_Driver/Src/stm32f3xx_hal_tim.o
 .debug_aranges
                0x00000e08      0x178 ./Drivers/STM32F3xx_HAL_Driver/Src/stm32f3xx_hal_tim_ex.o
 .debug_aranges
                0x00000f80      0x228 ./Drivers/STM32F3xx_HAL_Driver/Src/stm32f3xx_hal_uart.o

.debug_rnglists
                0x00000000      0xdab
 .debug_rnglists
                0x00000000       0x42 ./App/EKO_DRIVERS/Src/adc_driver.o
 .debug_rnglists
                0x00000042       0x28 ./App/EKO_DRIVERS/Src/can_driver.o
 .debug_rnglists
                0x0000006a       0x1a ./App/EKO_DRIVERS/Src/pwm_driver.o
 .debug_rnglists
                0x00000084       0x2f ./App/Src/app.o
 .debug_rnglists
                0x000000b3       0x22 ./App/Src/type2.o
 .debug_rnglists
                0x000000d5       0x20 ./Core/Src/adc.o
 .debug_rnglists
                0x000000f5       0x20 ./Core/Src/can.o
 .debug_rnglists
                0x00000115       0x14 ./Core/Src/gpio.o
 .debug_rnglists
                0x00000129       0x20 ./Core/Src/main.o
 .debug_rnglists
                0x00000149       0x13 ./Core/Src/stm32f3xx_hal_msp.o
 .debug_rnglists
                0x0000015c       0x55 ./Core/Src/stm32f3xx_it.o
 .debug_rnglists
                0x000001b1       0x1a ./Core/Src/system_stm32f3xx.o
 .debug_rnglists
                0x000001cb       0x3c ./Core/Src/tim.o
 .debug_rnglists
                0x00000207       0x20 ./Core/Src/usart.o
 .debug_rnglists
                0x00000227       0x19 ./Core/Startup/startup_stm32f303k8tx.o
 .debug_rnglists
                0x00000240       0xa3 ./Drivers/STM32F3xx_HAL_Driver/Src/stm32f3xx_hal.o
 .debug_rnglists
                0x000002e3       0x91 ./Drivers/STM32F3xx_HAL_Driver/Src/stm32f3xx_hal_adc.o
 .debug_rnglists
                0x00000374      0x126 ./Drivers/STM32F3xx_HAL_Driver/Src/stm32f3xx_hal_adc_ex.o
 .debug_rnglists
                0x0000049a       0xee ./Drivers/STM32F3xx_HAL_Driver/Src/stm32f3xx_hal_can.o
 .debug_rnglists
                0x00000588       0xbb ./Drivers/STM32F3xx_HAL_Driver/Src/stm32f3xx_hal_cortex.o
 .debug_rnglists
                0x00000643       0x69 ./Drivers/STM32F3xx_HAL_Driver/Src/stm32f3xx_hal_dma.o
 .debug_rnglists
                0x000006ac       0x3f ./Drivers/STM32F3xx_HAL_Driver/Src/stm32f3xx_hal_gpio.o
 .debug_rnglists
                0x000006eb       0x66 ./Drivers/STM32F3xx_HAL_Driver/Src/stm32f3xx_hal_rcc.o
 .debug_rnglists
                0x00000751       0x27 ./Drivers/STM32F3xx_HAL_Driver/Src/stm32f3xx_hal_rcc_ex.o
 .debug_rnglists
                0x00000778      0x328 ./Drivers/STM32F3xx_HAL_Driver/Src/stm32f3xx_hal_tim.o
 .debug_rnglists
                0x00000aa0      0x131 ./Drivers/STM32F3xx_HAL_Driver/Src/stm32f3xx_hal_tim_ex.o
 .debug_rnglists
                0x00000bd1      0x1da ./Drivers/STM32F3xx_HAL_Driver/Src/stm32f3xx_hal_uart.o

.debug_macro    0x00000000    0x1e657
 .debug_macro   0x00000000      0x20f ./App/EKO_DRIVERS/Src/adc_driver.o
 .debug_macro   0x0000020f      0xad8 ./App/EKO_DRIVERS/Src/adc_driver.o
 .debug_macro   0x00000ce7      0x16a ./App/EKO_DRIVERS/Src/adc_driver.o
 .debug_macro   0x00000e51       0x2e ./App/EKO_DRIVERS/Src/adc_driver.o
 .debug_macro   0x00000e7f       0x28 ./App/EKO_DRIVERS/Src/adc_driver.o
 .debug_macro   0x00000ea7       0x22 ./App/EKO_DRIVERS/Src/adc_driver.o
 .debug_macro   0x00000ec9       0x8e ./App/EKO_DRIVERS/Src/adc_driver.o
 .debug_macro   0x00000f57       0x51 ./App/EKO_DRIVERS/Src/adc_driver.o
 .debug_macro   0x00000fa8      0x103 ./App/EKO_DRIVERS/Src/adc_driver.o
 .debug_macro   0x000010ab       0x6a ./App/EKO_DRIVERS/Src/adc_driver.o
 .debug_macro   0x00001115      0x1df ./App/EKO_DRIVERS/Src/adc_driver.o
 .debug_macro   0x000012f4       0x1c ./App/EKO_DRIVERS/Src/adc_driver.o
 .debug_macro   0x00001310       0x22 ./App/EKO_DRIVERS/Src/adc_driver.o
 .debug_macro   0x00001332       0xd9 ./App/EKO_DRIVERS/Src/adc_driver.o
 .debug_macro   0x0000140b      0xf07 ./App/EKO_DRIVERS/Src/adc_driver.o
 .debug_macro   0x00002312    0x10be0 ./App/EKO_DRIVERS/Src/adc_driver.o
 .debug_macro   0x00012ef2       0x6d ./App/EKO_DRIVERS/Src/adc_driver.o
 .debug_macro   0x00012f5f     0x3574 ./App/EKO_DRIVERS/Src/adc_driver.o
 .debug_macro   0x000164d3      0x190 ./App/EKO_DRIVERS/Src/adc_driver.o
 .debug_macro   0x00016663       0x55 ./App/EKO_DRIVERS/Src/adc_driver.o
 .debug_macro   0x000166b8      0x8f8 ./App/EKO_DRIVERS/Src/adc_driver.o
 .debug_macro   0x00016fb0      0x304 ./App/EKO_DRIVERS/Src/adc_driver.o
 .debug_macro   0x000172b4      0x1b5 ./App/EKO_DRIVERS/Src/adc_driver.o
 .debug_macro   0x00017469      0x11b ./App/EKO_DRIVERS/Src/adc_driver.o
 .debug_macro   0x00017584      0x1d5 ./App/EKO_DRIVERS/Src/adc_driver.o
 .debug_macro   0x00017759      0x1bc ./App/EKO_DRIVERS/Src/adc_driver.o
 .debug_macro   0x00017915       0x34 ./App/EKO_DRIVERS/Src/adc_driver.o
 .debug_macro   0x00017949       0x3c ./App/EKO_DRIVERS/Src/adc_driver.o
 .debug_macro   0x00017985       0x57 ./App/EKO_DRIVERS/Src/adc_driver.o
 .debug_macro   0x000179dc      0x87d ./App/EKO_DRIVERS/Src/adc_driver.o
 .debug_macro   0x00018259       0x77 ./App/EKO_DRIVERS/Src/adc_driver.o
 .debug_macro   0x000182d0      0x408 ./App/EKO_DRIVERS/Src/adc_driver.o
 .debug_macro   0x000186d8       0xc5 ./App/EKO_DRIVERS/Src/adc_driver.o
 .debug_macro   0x0001879d      0x19f ./App/EKO_DRIVERS/Src/adc_driver.o
 .debug_macro   0x0001893c      0x22c ./App/EKO_DRIVERS/Src/adc_driver.o
 .debug_macro   0x00018b68       0x5b ./App/EKO_DRIVERS/Src/adc_driver.o
 .debug_macro   0x00018bc3       0xa5 ./App/EKO_DRIVERS/Src/adc_driver.o
 .debug_macro   0x00018c68       0x81 ./App/EKO_DRIVERS/Src/adc_driver.o
 .debug_macro   0x00018ce9       0xd3 ./App/EKO_DRIVERS/Src/adc_driver.o
 .debug_macro   0x00018dbc      0xa60 ./App/EKO_DRIVERS/Src/adc_driver.o
 .debug_macro   0x0001981c       0x59 ./App/EKO_DRIVERS/Src/adc_driver.o
 .debug_macro   0x00019875      0x5ba ./App/EKO_DRIVERS/Src/adc_driver.o
 .debug_macro   0x00019e2f       0x44 ./App/EKO_DRIVERS/Src/adc_driver.o
 .debug_macro   0x00019e73      0x285 ./App/EKO_DRIVERS/Src/adc_driver.o
 .debug_macro   0x0001a0f8       0xac ./App/EKO_DRIVERS/Src/adc_driver.o
 .debug_macro   0x0001a1a4       0x10 ./App/EKO_DRIVERS/Src/adc_driver.o
 .debug_macro   0x0001a1b4      0x154 ./App/EKO_DRIVERS/Src/adc_driver.o
 .debug_macro   0x0001a308      0x2ed ./App/EKO_DRIVERS/Src/can_driver.o
 .debug_macro   0x0001a5f5      0x1c7 ./App/EKO_DRIVERS/Src/can_driver.o
 .debug_macro   0x0001a7bc       0x61 ./App/EKO_DRIVERS/Src/can_driver.o
 .debug_macro   0x0001a81d       0x2a ./App/EKO_DRIVERS/Src/can_driver.o
 .debug_macro   0x0001a847       0x43 ./App/EKO_DRIVERS/Src/can_driver.o
 .debug_macro   0x0001a88a       0x34 ./App/EKO_DRIVERS/Src/can_driver.o
 .debug_macro   0x0001a8be       0x16 ./App/EKO_DRIVERS/Src/can_driver.o
 .debug_macro   0x0001a8d4       0x3c ./App/EKO_DRIVERS/Src/can_driver.o
 .debug_macro   0x0001a910      0x370 ./App/EKO_DRIVERS/Src/can_driver.o
 .debug_macro   0x0001ac80       0x10 ./App/EKO_DRIVERS/Src/can_driver.o
 .debug_macro   0x0001ac90       0x16 ./App/EKO_DRIVERS/Src/can_driver.o
 .debug_macro   0x0001aca6       0x4a ./App/EKO_DRIVERS/Src/can_driver.o
 .debug_macro   0x0001acf0       0x34 ./App/EKO_DRIVERS/Src/can_driver.o
 .debug_macro   0x0001ad24       0x10 ./App/EKO_DRIVERS/Src/can_driver.o
 .debug_macro   0x0001ad34       0x58 ./App/EKO_DRIVERS/Src/can_driver.o
 .debug_macro   0x0001ad8c       0x8e ./App/EKO_DRIVERS/Src/can_driver.o
 .debug_macro   0x0001ae1a       0x1c ./App/EKO_DRIVERS/Src/can_driver.o
 .debug_macro   0x0001ae36      0x185 ./App/EKO_DRIVERS/Src/can_driver.o
 .debug_macro   0x0001afbb       0x16 ./App/EKO_DRIVERS/Src/can_driver.o
 .debug_macro   0x0001afd1       0x16 ./App/EKO_DRIVERS/Src/can_driver.o
 .debug_macro   0x0001afe7      0x146 ./App/EKO_DRIVERS/Src/can_driver.o
 .debug_macro   0x0001b12d       0x1c ./App/EKO_DRIVERS/Src/can_driver.o
 .debug_macro   0x0001b149      0x34d ./App/EKO_DRIVERS/Src/pwm_driver.o
 .debug_macro   0x0001b496      0x19b ./App/EKO_DRIVERS/Src/pwm_driver.o
 .debug_macro   0x0001b631       0x22 ./App/EKO_DRIVERS/Src/pwm_driver.o
 .debug_macro   0x0001b653       0x16 ./App/EKO_DRIVERS/Src/pwm_driver.o
 .debug_macro   0x0001b669       0x16 ./App/EKO_DRIVERS/Src/pwm_driver.o
 .debug_macro   0x0001b67f       0x29 ./App/EKO_DRIVERS/Src/pwm_driver.o
 .debug_macro   0x0001b6a8       0x16 ./App/EKO_DRIVERS/Src/pwm_driver.o
 .debug_macro   0x0001b6be       0x20 ./App/EKO_DRIVERS/Src/pwm_driver.o
 .debug_macro   0x0001b6de       0x1c ./App/EKO_DRIVERS/Src/pwm_driver.o
 .debug_macro   0x0001b6fa       0x1c ./App/EKO_DRIVERS/Src/pwm_driver.o
 .debug_macro   0x0001b716      0x34b ./App/Src/app.o
 .debug_macro   0x0001ba61       0x1c ./App/Src/app.o
 .debug_macro   0x0001ba7d       0x22 ./App/Src/app.o
 .debug_macro   0x0001ba9f      0x216 ./App/Src/type2.o
 .debug_macro   0x0001bcb5      0x201 ./Core/Src/adc.o
 .debug_macro   0x0001beb6      0x201 ./Core/Src/can.o
 .debug_macro   0x0001c0b7      0x201 ./Core/Src/gpio.o
 .debug_macro   0x0001c2b8      0x236 ./Core/Src/main.o
 .debug_macro   0x0001c4ee      0x1f7 ./Core/Src/stm32f3xx_hal_msp.o
 .debug_macro   0x0001c6e5      0x201 ./Core/Src/stm32f3xx_it.o
 .debug_macro   0x0001c8e6      0x1e8 ./Core/Src/system_stm32f3xx.o
 .debug_macro   0x0001cace      0x201 ./Core/Src/tim.o
 .debug_macro   0x0001cccf      0x201 ./Core/Src/usart.o
 .debug_macro   0x0001ced0      0x20c ./Drivers/STM32F3xx_HAL_Driver/Src/stm32f3xx_hal.o
 .debug_macro   0x0001d0dc      0x1e9 ./Drivers/STM32F3xx_HAL_Driver/Src/stm32f3xx_hal_adc.o
 .debug_macro   0x0001d2c5      0x212 ./Drivers/STM32F3xx_HAL_Driver/Src/stm32f3xx_hal_adc_ex.o
 .debug_macro   0x0001d4d7      0x1f7 ./Drivers/STM32F3xx_HAL_Driver/Src/stm32f3xx_hal_can.o
 .debug_macro   0x0001d6ce      0x1e8 ./Drivers/STM32F3xx_HAL_Driver/Src/stm32f3xx_hal_cortex.o
 .debug_macro   0x0001d8b6      0x1e8 ./Drivers/STM32F3xx_HAL_Driver/Src/stm32f3xx_hal_dma.o
 .debug_macro   0x0001da9e      0x1ef ./Drivers/STM32F3xx_HAL_Driver/Src/stm32f3xx_hal_gpio.o
 .debug_macro   0x0001dc8d      0x20c ./Drivers/STM32F3xx_HAL_Driver/Src/stm32f3xx_hal_rcc.o
 .debug_macro   0x0001de99      0x1e8 ./Drivers/STM32F3xx_HAL_Driver/Src/stm32f3xx_hal_rcc_ex.o
 .debug_macro   0x0001e081      0x1e9 ./Drivers/STM32F3xx_HAL_Driver/Src/stm32f3xx_hal_tim.o
 .debug_macro   0x0001e26a      0x1e8 ./Drivers/STM32F3xx_HAL_Driver/Src/stm32f3xx_hal_tim_ex.o
 .debug_macro   0x0001e452      0x205 ./Drivers/STM32F3xx_HAL_Driver/Src/stm32f3xx_hal_uart.o

.debug_line     0x00000000    0x192e2
 .debug_line    0x00000000      0xc74 ./App/EKO_DRIVERS/Src/adc_driver.o
 .debug_line    0x00000c74      0xb6b ./App/EKO_DRIVERS/Src/can_driver.o
 .debug_line    0x000017df      0xa8f ./App/EKO_DRIVERS/Src/pwm_driver.o
 .debug_line    0x0000226e      0xb7f ./App/Src/app.o
 .debug_line    0x00002ded      0x8d5 ./App/Src/type2.o
 .debug_line    0x000036c2      0x852 ./Core/Src/adc.o
 .debug_line    0x00003f14      0x81f ./Core/Src/can.o
 .debug_line    0x00004733      0x7da ./Core/Src/gpio.o
 .debug_line    0x00004f0d      0x8c4 ./Core/Src/main.o
 .debug_line    0x000057d1      0x7aa ./Core/Src/stm32f3xx_hal_msp.o
 .debug_line    0x00005f7b      0x8a1 ./Core/Src/stm32f3xx_it.o
 .debug_line    0x0000681c      0x824 ./Core/Src/system_stm32f3xx.o
 .debug_line    0x00007040      0xa5e ./Core/Src/tim.o
 .debug_line    0x00007a9e      0x81e ./Core/Src/usart.o
 .debug_line    0x000082bc       0x7a ./Core/Startup/startup_stm32f303k8tx.o
 .debug_line    0x00008336      0xa60 ./Drivers/STM32F3xx_HAL_Driver/Src/stm32f3xx_hal.o
 .debug_line    0x00008d96      0x99a ./Drivers/STM32F3xx_HAL_Driver/Src/stm32f3xx_hal_adc.o
 .debug_line    0x00009730     0x2009 ./Drivers/STM32F3xx_HAL_Driver/Src/stm32f3xx_hal_adc_ex.o
 .debug_line    0x0000b739     0x1251 ./Drivers/STM32F3xx_HAL_Driver/Src/stm32f3xx_hal_can.o
 .debug_line    0x0000c98a      0xc24 ./Drivers/STM32F3xx_HAL_Driver/Src/stm32f3xx_hal_cortex.o
 .debug_line    0x0000d5ae      0xd2a ./Drivers/STM32F3xx_HAL_Driver/Src/stm32f3xx_hal_dma.o
 .debug_line    0x0000e2d8      0xb97 ./Drivers/STM32F3xx_HAL_Driver/Src/stm32f3xx_hal_gpio.o
 .debug_line    0x0000ee6f     0x15bf ./Drivers/STM32F3xx_HAL_Driver/Src/stm32f3xx_hal_rcc.o
 .debug_line    0x0001042e      0xb20 ./Drivers/STM32F3xx_HAL_Driver/Src/stm32f3xx_hal_rcc_ex.o
 .debug_line    0x00010f4e     0x3d2b ./Drivers/STM32F3xx_HAL_Driver/Src/stm32f3xx_hal_tim.o
 .debug_line    0x00014c79     0x1a1f ./Drivers/STM32F3xx_HAL_Driver/Src/stm32f3xx_hal_tim_ex.o
 .debug_line    0x00016698     0x2c4a ./Drivers/STM32F3xx_HAL_Driver/Src/stm32f3xx_hal_uart.o

.debug_str      0x00000000    0xb0a51
 .debug_str     0x00000000    0xb0a51 ./App/EKO_DRIVERS/Src/adc_driver.o
                              0xa75f5 (size before relaxing)
 .debug_str     0x000b0a51    0xaad8f ./App/EKO_DRIVERS/Src/can_driver.o
 .debug_str     0x000b0a51    0xaae7a ./App/EKO_DRIVERS/Src/pwm_driver.o
 .debug_str     0x000b0a51    0xac7eb ./App/Src/app.o
 .debug_str     0x000b0a51    0xa6886 ./App/Src/type2.o
 .debug_str     0x000b0a51    0xa6d84 ./Core/Src/adc.o
 .debug_str     0x000b0a51    0xa6e41 ./Core/Src/can.o
 .debug_str     0x000b0a51    0xa682f ./Core/Src/gpio.o
 .debug_str     0x000b0a51    0xa6ab4 ./Core/Src/main.o
 .debug_str     0x000b0a51    0xa6764 ./Core/Src/stm32f3xx_hal_msp.o
 .debug_str     0x000b0a51    0xa6f63 ./Core/Src/stm32f3xx_it.o
 .debug_str     0x000b0a51    0xa6560 ./Core/Src/system_stm32f3xx.o
 .debug_str     0x000b0a51    0xa7317 ./Core/Src/tim.o
 .debug_str     0x000b0a51    0xa6cb7 ./Core/Src/usart.o
 .debug_str     0x000b0a51       0x8f ./Core/Startup/startup_stm32f303k8tx.o
 .debug_str     0x000b0a51    0xa6c50 ./Drivers/STM32F3xx_HAL_Driver/Src/stm32f3xx_hal.o
 .debug_str     0x000b0a51    0xa6b4d ./Drivers/STM32F3xx_HAL_Driver/Src/stm32f3xx_hal_adc.o
 .debug_str     0x000b0a51    0xa7266 ./Drivers/STM32F3xx_HAL_Driver/Src/stm32f3xx_hal_adc_ex.o
 .debug_str     0x000b0a51    0xa6cef ./Drivers/STM32F3xx_HAL_Driver/Src/stm32f3xx_hal_can.o
 .debug_str     0x000b0a51    0xa6b75 ./Drivers/STM32F3xx_HAL_Driver/Src/stm32f3xx_hal_cortex.o
 .debug_str     0x000b0a51    0xa68a8 ./Drivers/STM32F3xx_HAL_Driver/Src/stm32f3xx_hal_dma.o
 .debug_str     0x000b0a51    0xa673f ./Drivers/STM32F3xx_HAL_Driver/Src/stm32f3xx_hal_gpio.o
 .debug_str     0x000b0a51    0xa6a00 ./Drivers/STM32F3xx_HAL_Driver/Src/stm32f3xx_hal_rcc.o
 .debug_str     0x000b0a51    0xa66ff ./Drivers/STM32F3xx_HAL_Driver/Src/stm32f3xx_hal_rcc_ex.o
 .debug_str     0x000b0a51    0xa7997 ./Drivers/STM32F3xx_HAL_Driver/Src/stm32f3xx_hal_tim.o
 .debug_str     0x000b0a51    0xa71dd ./Drivers/STM32F3xx_HAL_Driver/Src/stm32f3xx_hal_tim_ex.o
 .debug_str     0x000b0a51    0xa7283 ./Drivers/STM32F3xx_HAL_Driver/Src/stm32f3xx_hal_uart.o

.comment        0x00000000       0x43
 .comment       0x00000000       0x43 ./App/EKO_DRIVERS/Src/adc_driver.o
                                 0x44 (size before relaxing)
 .comment       0x00000043       0x44 ./App/EKO_DRIVERS/Src/can_driver.o
 .comment       0x00000043       0x44 ./App/EKO_DRIVERS/Src/pwm_driver.o
 .comment       0x00000043       0x44 ./App/Src/app.o
 .comment       0x00000043       0x44 ./App/Src/type2.o
 .comment       0x00000043       0x44 ./Core/Src/adc.o
 .comment       0x00000043       0x44 ./Core/Src/can.o
 .comment       0x00000043       0x44 ./Core/Src/gpio.o
 .comment       0x00000043       0x44 ./Core/Src/main.o
 .comment       0x00000043       0x44 ./Core/Src/stm32f3xx_hal_msp.o
 .comment       0x00000043       0x44 ./Core/Src/stm32f3xx_it.o
 .comment       0x00000043       0x44 ./Core/Src/system_stm32f3xx.o
 .comment       0x00000043       0x44 ./Core/Src/tim.o
 .comment       0x00000043       0x44 ./Core/Src/usart.o
 .comment       0x00000043       0x44 ./Drivers/STM32F3xx_HAL_Driver/Src/stm32f3xx_hal.o
 .comment       0x00000043       0x44 ./Drivers/STM32F3xx_HAL_Driver/Src/stm32f3xx_hal_adc.o
 .comment       0x00000043       0x44 ./Drivers/STM32F3xx_HAL_Driver/Src/stm32f3xx_hal_adc_ex.o
 .comment       0x00000043       0x44 ./Drivers/STM32F3xx_HAL_Driver/Src/stm32f3xx_hal_can.o
 .comment       0x00000043       0x44 ./Drivers/STM32F3xx_HAL_Driver/Src/stm32f3xx_hal_cortex.o
 .comment       0x00000043       0x44 ./Drivers/STM32F3xx_HAL_Driver/Src/stm32f3xx_hal_dma.o
 .comment       0x00000043       0x44 ./Drivers/STM32F3xx_HAL_Driver/Src/stm32f3xx_hal_gpio.o
 .comment       0x00000043       0x44 ./Drivers/STM32F3xx_HAL_Driver/Src/stm32f3xx_hal_rcc.o
 .comment       0x00000043       0x44 ./Drivers/STM32F3xx_HAL_Driver/Src/stm32f3xx_hal_rcc_ex.o
 .comment       0x00000043       0x44 ./Drivers/STM32F3xx_HAL_Driver/Src/stm32f3xx_hal_tim.o
 .comment       0x00000043       0x44 ./Drivers/STM32F3xx_HAL_Driver/Src/stm32f3xx_hal_tim_ex.o
 .comment       0x00000043       0x44 ./Drivers/STM32F3xx_HAL_Driver/Src/stm32f3xx_hal_uart.o

.debug_frame    0x00000000     0x49b8
 .debug_frame   0x00000000      0x14c ./App/EKO_DRIVERS/Src/adc_driver.o
 .debug_frame   0x0000014c       0xc8 ./App/EKO_DRIVERS/Src/can_driver.o
 .debug_frame   0x00000214       0x58 ./App/EKO_DRIVERS/Src/pwm_driver.o
 .debug_frame   0x0000026c       0xbc ./App/Src/app.o
 .debug_frame   0x00000328       0x80 ./App/Src/type2.o
 .debug_frame   0x000003a8       0x7c ./Core/Src/adc.o
 .debug_frame   0x00000424       0x74 ./Core/Src/can.o
 .debug_frame   0x00000498       0x34 ./Core/Src/gpio.o
 .debug_frame   0x000004cc       0x6c ./Core/Src/main.o
 .debug_frame   0x00000538       0x38 ./Core/Src/stm32f3xx_hal_msp.o
 .debug_frame   0x00000570      0x158 ./Core/Src/stm32f3xx_it.o
 .debug_frame   0x000006c8       0x58 ./Core/Src/system_stm32f3xx.o
 .debug_frame   0x00000720      0x10c ./Core/Src/tim.o
 .debug_frame   0x0000082c       0x74 ./Core/Src/usart.o
 .debug_frame   0x000008a0      0x334 ./Drivers/STM32F3xx_HAL_Driver/Src/stm32f3xx_hal.o
 .debug_frame   0x00000bd4      0x380 ./Drivers/STM32F3xx_HAL_Driver/Src/stm32f3xx_hal_adc.o
 .debug_frame   0x00000f54      0x638 ./Drivers/STM32F3xx_HAL_Driver/Src/stm32f3xx_hal_adc_ex.o
 .debug_frame   0x0000158c      0x5a0 ./Drivers/STM32F3xx_HAL_Driver/Src/stm32f3xx_hal_can.o
 .debug_frame   0x00001b2c      0x428 ./Drivers/STM32F3xx_HAL_Driver/Src/stm32f3xx_hal_cortex.o
 .debug_frame   0x00001f54      0x224 ./Drivers/STM32F3xx_HAL_Driver/Src/stm32f3xx_hal_dma.o
 .debug_frame   0x00002178      0x14c ./Drivers/STM32F3xx_HAL_Driver/Src/stm32f3xx_hal_gpio.o
 .debug_frame   0x000022c4      0x214 ./Drivers/STM32F3xx_HAL_Driver/Src/stm32f3xx_hal_rcc.o
 .debug_frame   0x000024d8       0xac ./Drivers/STM32F3xx_HAL_Driver/Src/stm32f3xx_hal_rcc_ex.o
 .debug_frame   0x00002584     0x1218 ./Drivers/STM32F3xx_HAL_Driver/Src/stm32f3xx_hal_tim.o
 .debug_frame   0x0000379c      0x688 ./Drivers/STM32F3xx_HAL_Driver/Src/stm32f3xx_hal_tim_ex.o
 .debug_frame   0x00003e24      0x9e8 ./Drivers/STM32F3xx_HAL_Driver/Src/stm32f3xx_hal_uart.o
 .debug_frame   0x0000480c       0x20 C:/ST/STM32CubeIDE_1.19.0/STM32CubeIDE/plugins/com.st.stm32cube.ide.mcu.externaltools.gnu-tools-for-stm32.13.3.rel1.win32_1.0.0.202411081344/tools/bin/../lib/gcc/arm-none-eabi/13.3.1/../../../../arm-none-eabi/lib/thumb/v7e-m+fp/hard\libc_nano.a(libc_a-memset.o)
 .debug_frame   0x0000482c       0x2c C:/ST/STM32CubeIDE_1.19.0/STM32CubeIDE/plugins/com.st.stm32cube.ide.mcu.externaltools.gnu-tools-for-stm32.13.3.rel1.win32_1.0.0.202411081344/tools/bin/../lib/gcc/arm-none-eabi/13.3.1/../../../../arm-none-eabi/lib/thumb/v7e-m+fp/hard\libc_nano.a(libc_a-init.o)
 .debug_frame   0x00004858       0x30 C:/ST/STM32CubeIDE_1.19.0/STM32CubeIDE/plugins/com.st.stm32cube.ide.mcu.externaltools.gnu-tools-for-stm32.13.3.rel1.win32_1.0.0.202411081344/tools/bin/../lib/gcc/arm-none-eabi/13.3.1/thumb/v7e-m+fp/hard\libgcc.a(_arm_muldf3.o)
 .debug_frame   0x00004888       0xac C:/ST/STM32CubeIDE_1.19.0/STM32CubeIDE/plugins/com.st.stm32cube.ide.mcu.externaltools.gnu-tools-for-stm32.13.3.rel1.win32_1.0.0.202411081344/tools/bin/../lib/gcc/arm-none-eabi/13.3.1/thumb/v7e-m+fp/hard\libgcc.a(_arm_addsubdf3.o)
 .debug_frame   0x00004934       0x24 C:/ST/STM32CubeIDE_1.19.0/STM32CubeIDE/plugins/com.st.stm32cube.ide.mcu.externaltools.gnu-tools-for-stm32.13.3.rel1.win32_1.0.0.202411081344/tools/bin/../lib/gcc/arm-none-eabi/13.3.1/thumb/v7e-m+fp/hard\libgcc.a(_arm_truncdfsf2.o)
 .debug_frame   0x00004958       0x2c C:/ST/STM32CubeIDE_1.19.0/STM32CubeIDE/plugins/com.st.stm32cube.ide.mcu.externaltools.gnu-tools-for-stm32.13.3.rel1.win32_1.0.0.202411081344/tools/bin/../lib/gcc/arm-none-eabi/13.3.1/thumb/v7e-m+fp/hard\libgcc.a(_aeabi_uldivmod.o)
 .debug_frame   0x00004984       0x34 C:/ST/STM32CubeIDE_1.19.0/STM32CubeIDE/plugins/com.st.stm32cube.ide.mcu.externaltools.gnu-tools-for-stm32.13.3.rel1.win32_1.0.0.202411081344/tools/bin/../lib/gcc/arm-none-eabi/13.3.1/thumb/v7e-m+fp/hard\libgcc.a(_udivmoddi4.o)

.debug_line_str
                0x00000000       0x73
 .debug_line_str
                0x00000000       0x73 ./Core/Startup/startup_stm32f303k8tx.o
